03-07 10:14:41.034 F/DEBUG   ( 9764):   at void android.os.MessageQueue.nativePollOnce(long, int) (MessageQueue.java:-2)
03-07 10:14:41.034 F/DEBUG   ( 9764):   at android.os.Message android.os.MessageQueue.next() (MessageQueue.java:335)
03-07 10:14:41.034 F/DEBUG   ( 9764):   at boolean android.os.Looper.loopOnce(android.os.Looper, long, int) (Looper.java:161)
03-07 10:14:41.034 F/DEBUG   ( 9764):   at void android.os.Looper.loop() (Looper.java:288)
03-07 10:14:41.034 F/DEBUG   ( 9764):   at void android.app.ActivityThread.main(java.lang.String[]) (ActivityThread.java:8048)
03-07 10:14:41.034 F/DEBUG   ( 9764):   at java.lang.Object java.lang.reflect.Method.invoke(java.lang.Object, java.lang.Object[]) (Method.java:-2)
03-07 10:14:41.034 F/DEBUG   ( 9764):   at void com.android.internal.os.RuntimeInit$MethodAndArgsCaller.run() (RuntimeInit.java:548)
03-07 10:14:41.034 F/DEBUG   ( 9764):   at void com.android.internal.os.ZygoteInit.main(java.lang.String[]) (ZygoteInit.java:942)
03-07 10:14:41.034 F/DEBUG   ( 9764): 
03-07 10:14:41.034 F/DEBUG   ( 9764):     in call to CallVoidMethodV
03-07 10:14:41.034 F/DEBUG   ( 9764):     from void android.os.MessageQueue.nativePollOnce(long, int)'
03-07 10:14:41.034 F/DEBUG   ( 9764):     x0  0000000000000000  x1  00000000000025f5  x2  0000000000000006  x3  0000007fcb283090
03-07 10:14:41.034 F/DEBUG   ( 9764):     x4  636d601f6d60646b  x5  636d601f6d60646b  x6  636d601f6d60646b  x7  7f7f7f7f7f7f7f7f
03-07 10:14:41.034 F/DEBUG   ( 9764):     x8  00000000000000f0  x9  0000007886c50b28  x10 0000000000000001  x11 0000007886c9084c
03-07 10:14:41.034 F/DEBUG   ( 9764):     x12 0000000000006714  x13 0000000000000f59  x14 0000007fcb281e90  x15 0000000034155555
03-07 10:14:41.034 F/DEBUG   ( 9764):     x16 0000007886cf8d68  x17 0000007886cd44e0  x18 000000788fcb6000  x19 00000000000025f5
03-07 10:14:41.034 F/DEBUG   ( 9764):     x20 00000000000025f5  x21 00000000ffffffff  x22 000000000000000b  x23 0000007fcb2832a8
03-07 10:14:41.034 F/DEBUG   ( 9764):     x24 0000007577416000  x25 0000007fcb2832a0  x26 000000788ee94000  x27 000000757720aeb8
03-07 10:14:41.034 F/DEBUG   ( 9764):     x28 000000757720b0e8  x29 0000007fcb283110
03-07 10:14:41.034 F/DEBUG   ( 9764):     lr  0000007886c81788  sp  0000007fcb283070  pc  0000007886c817b4  pst 0000000000001000
03-07 10:14:41.034 F/DEBUG   ( 9764): backtrace:
03-07 10:14:41.034 F/DEBUG   ( 9764):       #00 pc 00000000000527b4  /apex/com.android.runtime/lib64/bionic/libc.so (abort+168) (BuildId: bf5f1ce73f89cca7d6a062eb7877e86a)
03-07 10:14:41.034 F/DEBUG   ( 9764):       #01 pc 0000000000618730  /apex/com.android.art/lib64/libart.so (art::Runtime::Abort(char const*)+1204) (BuildId: 3fdfb8b8ec5407af450c28a00ba584a8)
03-07 10:14:41.034 F/DEBUG   ( 9764):       #02 pc 0000000000017114  /system/lib64/libbase.so (android::base::SetAborter(std::__1::function<void (char const*)>&&)::$_3::__invoke(char const*)+84) (BuildId: ef369bfbad96b532c6d8e0b144a68b96)
03-07 10:14:41.034 F/DEBUG   ( 9764):       #03 pc 0000000000016648  /system/lib64/libbase.so (android::base::LogMessage::~LogMessage()+356) (BuildId: ef369bfbad96b532c6d8e0b144a68b96)
03-07 10:14:41.034 F/DEBUG   ( 9764):       #04 pc 0000000000455950  /apex/com.android.art/lib64/libart.so (art::JavaVMExt::JniAbort(char const*, char const*)+2368) (BuildId: 3fdfb8b8ec5407af450c28a00ba584a8)
03-07 10:14:41.034 F/DEBUG   ( 9764):       #05 pc 00000000004559cc  /apex/com.android.art/lib64/libart.so (art::JavaVMExt::JniAbortV(char const*, char const*, std::__va_list)+112) (BuildId: 3fdfb8b8ec5407af450c28a00ba584a8)
03-07 10:14:41.034 F/DEBUG   ( 9764):       #06 pc 0000000000447dcc  /apex/com.android.art/lib64/libart.so (art::(anonymous namespace)::ScopedCheck::AbortF(char const*, ...)+148) (BuildId: 3fdfb8b8ec5407af450c28a00ba584a8)
03-07 10:14:41.034 F/DEBUG   ( 9764):       #07 pc 00000000004464f8  /apex/com.android.art/lib64/libart.so (art::(anonymous namespace)::ScopedCheck::CheckPossibleHeapValue(art::ScopedObjectAccess&, char, art::(anonymous namespace)::JniValueType)+3240) (BuildId: 3fdfb8b8ec5407af450c28a00ba584a8)
03-07 10:14:41.034 F/DEBUG   ( 9764):       #08 pc 000000000044519c  /apex/com.android.art/lib64/libart.so (art::(anonymous namespace)::ScopedCheck::Check(art::ScopedObjectAccess&, bool, char const*, art::(anonymous namespace)::JniValueType*)+796) (BuildId: 3fdfb8b8ec5407af450c28a00ba584a8)
03-07 10:14:41.034 F/DEBUG   ( 9764):       #09 pc 000000000044a950  /apex/com.android.art/lib64/libart.so (art::(anonymous namespace)::CheckJNI::CheckCallArgs(art::ScopedObjectAccess&, art::(anonymous namespace)::ScopedCheck&, _JNIEnv*, _jobject*, _jclass*, _jmethodID*, art::InvokeType, art::(anonymous namespace)::VarArgs const*)+140) (BuildId: 3fdfb8b8ec5407af450c28a00ba584a8)
03-07 10:14:41.034 F/DEBUG   ( 9764):       #10 pc 000000000044990c  /apex/com.android.art/lib64/libart.so (art::(anonymous namespace)::CheckJNI::CallMethodV(char const*, _JNIEnv*, _jobject*, _jclass*, _jmethodID*, std::__va_list, art::Primitive::Type, art::InvokeType)+688) (BuildId: 3fdfb8b8ec5407af450c28a00ba584a8)
03-07 10:14:41.034 F/DEBUG   ( 9764):       #11 pc 0000000000438b74  /apex/com.android.art/lib64/libart.so (art::(anonymous namespace)::CheckJNI::CallVoidMethodV(_JNIEnv*, _jobject*, _jmethodID*, std::__va_list) (.llvm.10757010741938237245)+76) (BuildId: 3fdfb8b8ec5407af450c28a00ba584a8)
03-07 10:14:41.034 F/DEBUG   ( 9764):       #12 pc 00000000000bd620  /system/lib64/libandroid_runtime.so (_JNIEnv::CallVoidMethod(_jobject*, _jmethodID*, ...)+124) (BuildId: d9436f7477e48ee41dec0723a1dbb544)
03-07 10:14:41.034 F/DEBUG   ( 9764):       #13 pc 000000000012c7dc  /system/lib64/libandroid_runtime.so (android::NativeInputEventReceiver::consumeEvents(_JNIEnv*, bool, long, bool*)+360) (BuildId: d9436f7477e48ee41dec0723a1dbb544)
03-07 10:14:41.034 F/DEBUG   ( 9764):       #14 pc 000000000012c5a4  /system/lib64/libandroid_runtime.so (android::NativeInputEventReceiver::handleEvent(int, int, void*)+180) (BuildId: d9436f7477e48ee41dec0723a1dbb544)
03-07 10:14:41.034 F/DEBUG   ( 9764):       #15 pc 0000000000018024  /system/lib64/libutils.so (android::Looper::pollInner(int)+1064) (BuildId: ff20dc59f94e7e2a3984a431c354f4cd)
03-07 10:14:41.034 F/DEBUG   ( 9764):       #16 pc 0000000000017b98  /system/lib64/libutils.so (android::Looper::pollOnce(int, int*, int*, void**)+116) (BuildId: ff20dc59f94e7e2a3984a431c354f4cd)
03-07 10:14:41.034 F/DEBUG   ( 9764):       #17 pc 0000000000162be4  /system/lib64/libandroid_runtime.so (android::android_os_MessageQueue_nativePollOnce(_JNIEnv*, _jobject*, long, int)+48) (BuildId: d9436f7477e48ee41dec0723a1dbb544)
03-07 10:14:41.034 F/DEBUG   ( 9764):       #18 pc 00000000001b1094  /system/framework/arm64/boot-framework.oat (art_jni_trampoline+116) (BuildId: 6cef7459199a842676f0f154c287788dcf5bc28d)
03-07 10:14:41.034 F/DEBUG   ( 9764):       #19 pc 000000000020a910  /apex/com.android.art/lib64/libart.so (nterp_helper+5648) (BuildId: 3fdfb8b8ec5407af450c28a00ba584a8)
03-07 10:14:41.034 F/DEBUG   ( 9764):       #20 pc 0000000000285b32  /system/framework/framework.jar (android.os.MessageQueue.next+34)
03-07 10:14:41.034 F/DEBUG   ( 9764):       #21 pc 000000000200d228  /memfd:jit-cache (deleted) (offset 0x2000000) (android.os.Looper.loopOnce+184)
03-07 10:14:41.034 F/DEBUG   ( 9764):       #22 pc 0000000000209a9c  /apex/com.android.art/lib64/libart.so (nterp_helper+1948) (BuildId: 3fdfb8b8ec5407af450c28a00ba584a8)
03-07 10:14:41.034 F/DEBUG   ( 9764):       #23 pc 000000000028530c  /system/framework/framework.jar (android.os.Looper.loop+164)
03-07 10:14:41.034 F/DEBUG   ( 9764):       #24 pc 0000000000209334  /apex/com.android.art/lib64/libart.so (nterp_helper+52) (BuildId: 3fdfb8b8ec5407af450c28a00ba584a8)
03-07 10:14:41.034 F/DEBUG   ( 9764):       #25 pc 00000000001c6eb2  /system/framework/framework.jar (android.app.ActivityThread.main+202)
03-07 10:14:41.034 F/DEBUG   ( 9764):       #26 pc 0000000000210c00  /apex/com.android.art/lib64/libart.so (art_quick_invoke_static_stub+576) (BuildId: 3fdfb8b8ec5407af450c28a00ba584a8)
03-07 10:14:41.034 F/DEBUG   ( 9764):       #27 pc 000000000027b4ac  /apex/com.android.art/lib64/libart.so (art::ArtMethod::Invoke(art::Thread*, unsigned int*, unsigned int, art::JValue*, char const*)+240) (BuildId: 3fdfb8b8ec5407af450c28a00ba584a8)
03-07 10:14:41.034 F/DEBUG   ( 9764):       #28 pc 00000000006105b8  /apex/com.android.art/lib64/libart.so (_jobject* art::InvokeMethod<(art::PointerSize)8>(art::ScopedObjectAccessAlreadyRunnable const&, _jobject*, _jobject*, _jobject*, unsigned long)+1400) (BuildId: 3fdfb8b8ec5407af450c28a00ba584a8)
03-07 10:14:41.034 F/DEBUG   ( 9764):       #29 pc 00000000005900d4  /apex/com.android.art/lib64/libart.so (art::Method_invoke(_JNIEnv*, _jobject*, _jobject*, _jobjectArray*)+52) (BuildId: 3fdfb8b8ec5407af450c28a00ba584a8)
03-07 10:14:41.034 F/DEBUG   ( 9764):       #30 pc 0000000000099148  /system/framework/arm64/boot.oat (art_jni_trampoline+120) (BuildId: 6b4afa50efda7c0cb79341b249734ad34f9a6d62)
03-07 10:14:41.034 F/DEBUG   ( 9764):       #31 pc 000000000020a2b0  /apex/com.android.art/lib64/libart.so (nterp_helper+4016) (BuildId: 3fdfb8b8ec5407af450c28a00ba584a8)
03-07 10:14:41.034 F/DEBUG   ( 9764):       #32 pc 0000000000520a66  /system/framework/framework.jar (com.android.internal.os.RuntimeInit$MethodAndArgsCaller.run+22)
03-07 10:14:41.034 F/DEBUG   ( 9764):       #33 pc 00000000006f42a0  /system/framework/arm64/boot-framework.oat (com.android.internal.os.ZygoteInit.main+3216) (BuildId: 6cef7459199a842676f0f154c287788dcf5bc28d)
03-07 10:14:41.034 F/DEBUG   ( 9764):       #34 pc 0000000000210c00  /apex/com.android.art/lib64/libart.so (art_quick_invoke_static_stub+576) (BuildId: 3fdfb8b8ec5407af450c28a00ba584a8)
03-07 10:14:41.034 F/DEBUG   ( 9764):       #35 pc 000000000027b4ac  /apex/com.android.art/lib64/libart.so (art::ArtMethod::Invoke(art::Thread*, unsigned int*, unsigned int, art::JValue*, char const*)+240) (BuildId: 3fdfb8b8ec5407af450c28a00ba584a8)
03-07 10:14:41.034 F/DEBUG   ( 9764):       #36 pc 0000000000610d40  /apex/com.android.art/lib64/libart.so (art::JValue art::InvokeWithVarArgs<art::ArtMethod*>(art::ScopedObjectAccessAlreadyRunnable const&, _jobject*, art::ArtMethod*, std::__va_list)+452) (BuildId: 3fdfb8b8ec5407af450c28a00ba584a8)
03-07 10:14:41.035 F/DEBUG   ( 9764):       #37 pc 000000000061122c  /apex/com.android.art/lib64/libart.so (art::JValue art::InvokeWithVarArgs<_jmethodID*>(art::ScopedObjectAccessAlreadyRunnable const&, _jobject*, _jmethodID*, std::__va_list)+96) (BuildId: 3fdfb8b8ec5407af450c28a00ba584a8)
03-07 10:14:41.035 F/DEBUG   ( 9764):       #38 pc 00000000004fac28  /apex/com.android.art/lib64/libart.so (art::JNI<true>::CallStaticVoidMethodV(_JNIEnv*, _jclass*, _jmethodID*, std::__va_list)+600) (BuildId: 3fdfb8b8ec5407af450c28a00ba584a8)
03-07 10:14:41.035 F/DEBUG   ( 9764):       #39 pc 00000000000bec04  /system/lib64/libandroid_runtime.so (_JNIEnv::CallStaticVoidMethod(_jclass*, _jmethodID*, ...)+124) (BuildId: d9436f7477e48ee41dec0723a1dbb544)
03-07 10:14:41.035 F/DEBUG   ( 9764):       #40 pc 00000000000cb68c  /system/lib64/libandroid_runtime.so (android::AndroidRuntime::start(char const*, android::Vector<android::String8> const&, bool)+844) (BuildId: d9436f7477e48ee41dec0723a1dbb544)
03-07 10:14:41.035 F/DEBUG   ( 9764):       #41 pc 0000000000002610  /system/bin/app_process64 (main+1464) (BuildId: 82486a24ab8170e1b0c9080a100ddae4)
03-07 10:14:41.035 F/DEBUG   ( 9764):       #42 pc 000000000004a9f0  /apex/com.android.runtime/lib64/bionic/libc.so (__libc_init+100) (BuildId: bf5f1ce73f89cca7d6a062eb7877e86a)
03-07 10:14:41.055 W/ActivityTaskManager(16030):   Force finishing activity com.boox.einkdraw/.MainActivity
03-07 10:14:41.060 I/DropBoxManagerService(16030): add tag=data_app_native_crash isTagEnabled=true flags=0x2
03-07 10:14:41.061 E/tombstoned(  685): Tombstone written to: tombstone_02
03-07 10:14:41.067 W/NativeTombstoneManager(16030): failed to open /data/tombstones/tombstone_02.pb
03-07 10:14:41.067 W/NativeTombstoneManager(16030): java.io.FileNotFoundException: open failed: ENOENT (No such file or directory)
03-07 10:14:41.067 W/NativeTombstoneManager(16030): 	at android.os.ParcelFileDescriptor.openInternal(ParcelFileDescriptor.java:342)
03-07 10:14:41.067 W/NativeTombstoneManager(16030): 	at android.os.ParcelFileDescriptor.open(ParcelFileDescriptor.java:229)
03-07 10:14:41.067 W/NativeTombstoneManager(16030): 	at com.android.server.os.NativeTombstoneManager.handleProtoTombstone(NativeTombstoneManager.java:151)
03-07 10:14:41.067 W/NativeTombstoneManager(16030): 	at com.android.server.os.NativeTombstoneManager.handleTombstone(NativeTombstoneManager.java:120)
03-07 10:14:41.067 W/NativeTombstoneManager(16030): 	at com.android.server.os.NativeTombstoneManager.-$$Nest$mhandleTombstone(Unknown Source:0)
03-07 10:14:41.067 W/NativeTombstoneManager(16030): 	at com.android.server.os.NativeTombstoneManager$TombstoneWatcher.lambda$onEvent$0(NativeTombstoneManager.java:564)
03-07 10:14:41.067 W/NativeTombstoneManager(16030): 	at com.android.server.os.NativeTombstoneManager$TombstoneWatcher.$r8$lambda$brzM_6e7cyhhJeR_ISUCuvFg3_s(Unknown Source:0)
03-07 10:14:41.067 W/NativeTombstoneManager(16030): 	at com.android.server.os.NativeTombstoneManager$TombstoneWatcher$$ExternalSyntheticLambda0.run(Unknown Source:4)
03-07 10:14:41.067 W/NativeTombstoneManager(16030): 	at android.os.Handler.handleCallback(Handler.java:942)
03-07 10:14:41.067 W/NativeTombstoneManager(16030): 	at android.os.Handler.dispatchMessage(Handler.java:99)
03-07 10:14:41.067 W/NativeTombstoneManager(16030): 	at android.os.Looper.loopOnce(Looper.java:201)
03-07 10:14:41.067 W/NativeTombstoneManager(16030): 	at android.os.Looper.loop(Looper.java:288)
03-07 10:14:41.067 W/NativeTombstoneManager(16030): 	at android.os.HandlerThread.run(HandlerThread.java:67)
03-07 10:14:41.067 W/NativeTombstoneManager(16030): 	at com.android.server.ServiceThread.run(ServiceThread.java:44)
03-07 10:14:41.072 I/BootReceiver(16030): Copying /data/tombstones/tombstone_02 to DropBox (SYSTEM_TOMBSTONE)
03-07 10:14:41.072 I/DropBoxManagerService(16030): add tag=SYSTEM_TOMBSTONE isTagEnabled=true flags=0x6
03-07 10:14:41.080 D/ActivityTrigger(16030): ActivityTrigger activityPauseTrigger 
03-07 10:14:41.084 W/PowerManager(16030): WakeLock tag:WindowManager/displayId:0 from [android] is forbidden
03-07 10:14:41.087 W/BroadcastQueue(16030): Background execution not allowed: receiving Intent { act=android.intent.action.DROPBOX_ENTRY_ADDED flg=0x10 (has extras) } to com.google.android.gms/.stats.service.DropBoxEntryAddedReceiver
03-07 10:14:41.088 I/ActivityManager(16030): Showing crash dialog for package com.boox.einkdraw u0
03-07 10:14:41.090 D/CompatibilityInfo(16030): mCompatibilityFlags - 4
03-07 10:14:41.090 D/CompatibilityInfo(16030): applicationDensity - 300
03-07 10:14:41.090 D/CompatibilityInfo(16030): applicationScale - 1.0
03-07 10:14:41.100 W/BroadcastQueue(16030): Background execution not allowed: receiving Intent { act=android.intent.action.DROPBOX_ENTRY_ADDED flg=0x10 (has extras) } to com.google.android.gms/.stats.service.DropBoxEntryAddedReceiver
03-07 10:14:41.116 W/Parcel  (16030): Expecting binder but got null!
03-07 10:14:41.122 D/debugOrientation(16030): ActivityRecord{1cc33f u0 com.onyx/.tablet.main.ui.TabletMainActivity} t1521}  computeOrientation :-1 user set rotation -1
03-07 10:14:41.123 D/CompatibilityInfo(16030): mCompatibilityFlags - 4
03-07 10:14:41.123 D/CompatibilityInfo(16030): applicationDensity - 300
03-07 10:14:41.123 D/CompatibilityInfo(16030): applicationScale - 1.0
03-07 10:14:41.127 D/CoreBackPreview(16030): Window{360ec72 u0 Application Error: com.boox.einkdraw}: Setting back callback OnBackInvokedCallbackInfo{mCallback=android.window.WindowOnBackInvokedDispatcher$OnBackInvokedCallbackWrapper@3b7d56c, mPriority=0}
03-07 10:14:41.136 W/PowerManager(16030): WakeLock tag:WindowManager/displayId:0 from [android] is forbidden
03-07 10:14:41.137 D/debugOrientation(16030): ActivityRecord{1cc33f u0 com.onyx/.tablet.main.ui.TabletMainActivity} t1521}  computeOrientation :-1 user set rotation -1
03-07 10:14:41.138 D/DisplayDevice(15955): getVsyncPeriodFromHWC: value is cached. return 26315789
03-07 10:14:41.141 I/DropBoxManagerService(16030): add tag=SYSTEM_TOMBSTONE_PROTO isTagEnabled=true flags=0x4
03-07 10:14:41.158 I/WindowManager(16030): WIN DEATH: Window{2f17173 u0 com.boox.einkdraw/com.boox.einkdraw.MainActivity}
03-07 10:14:41.159 I/ActivityManager(16030): Process com.boox.einkdraw (pid 9717) has died: prcp TOP 
03-07 10:14:41.161 I/libprocessgroup(16030): Successfully killed process cgroup uid 10137 pid 9717 in 0ms
03-07 10:14:41.163 I/Zygote  (15949): Process 9717 exited due to signal 6 (Aborted)
03-07 10:14:41.163 W/InputManager-JNI(16030): Input channel object '2f17173 com.boox.einkdraw/com.boox.einkdraw.MainActivity (client)' was disposed without first being removed with the input manager!
03-07 10:14:41.173 W/PowerManager(16030): WakeLock tag:WindowManager/displayId:0 from [android] is forbidden
03-07 10:14:41.192 D/debugOrientation(16030): ActivityRecord{1cc33f u0 com.onyx/.tablet.main.ui.TabletMainActivity} t1521}  computeOrientation :-1 user set rotation -1
03-07 10:14:41.192 D/debugOrientation(16030): ActivityRecord{1cc33f u0 com.onyx/.tablet.main.ui.TabletMainActivity} t1521}  computeOrientation :-1 user set rotation -1
03-07 10:14:41.198 I/TabletMainActivity(17202): onStart--------------
03-07 10:14:41.199 W/PowerManager(16030): WakeLock tag:WindowManager/displayId:0 from [android] is forbidden
03-07 10:14:41.199 E/OpenGLRenderer(16030): Unable to match the desired swap behavior.
03-07 10:14:41.214 I/TabletMainActivity(17202): onResume--------------
03-07 10:14:41.217 E/EpdcManager(15955): CU 0
03-07 10:14:41.217 D/C2SoftVpxEnc( 4476): bytes generated 345
03-07 10:14:41.226 W/BroadcastQueue(16030): Background execution not allowed: receiving Intent { act=android.intent.action.DROPBOX_ENTRY_ADDED flg=0x10 (has extras) } to com.google.android.gms/.stats.service.DropBoxEntryAddedReceiver
03-07 10:14:41.231 W/PowerManager(16030): WakeLock tag:WindowManager/displayId:0 from [android] is forbidden
03-07 10:14:41.234 I/RxEACUtils(17202): updateAppDataEACInfo from service
03-07 10:14:41.234 D/debugOrientation(16030): ActivityRecord{1cc33f u0 com.onyx/.tablet.main.ui.TabletMainActivity} t1521}  computeOrientation :-1 user set rotation -1
03-07 10:14:41.236 I/Benchmark(17202): getAppConfig ---> 2ms
03-07 10:14:41.236 I/RxEACUtils(17202): updateAppDataEACInfo pkgName: com.onyx.mail, isAutoFreeze: false, isEACEnabled: false
03-07 10:14:41.236 I/RxEACUtils(17202): updateAppDataEACInfo from service
03-07 10:14:41.238 I/Benchmark(17202): getAppConfig ---> 2ms
03-07 10:14:41.238 I/RxEACUtils(17202): updateAppDataEACInfo pkgName: com.onyx.calculator, isAutoFreeze: false, isEACEnabled: false
03-07 10:14:41.238 I/RxEACUtils(17202): updateAppDataEACInfo from service
03-07 10:14:41.241 I/Benchmark(17202): getAppConfig ---> 3ms
03-07 10:14:41.241 I/RxEACUtils(17202): updateAppDataEACInfo pkgName: flipboard.app, isAutoFreeze: true, isEACEnabled: true
03-07 10:14:41.241 I/RxEACUtils(17202): updateAppDataEACInfo from service
03-07 10:14:41.244 E/OpenGLRenderer(17202): Unable to match the desired swap behavior.
03-07 10:14:41.244 I/Benchmark(17202): getAppConfig ---> 3ms
03-07 10:14:41.244 I/RxEACUtils(17202): updateAppDataEACInfo pkgName: com.ttxapps.dropsync, isAutoFreeze: true, isEACEnabled: true
03-07 10:14:41.244 I/RxEACUtils(17202): updateAppDataEACInfo from service
03-07 10:14:41.260 I/Benchmark(17202): getAppConfig ---> 16ms
03-07 10:14:41.261 I/RxEACUtils(17202): updateAppDataEACInfo pkgName: com.onyx.floatingbutton, isAutoFreeze: false, isEACEnabled: false
03-07 10:14:41.261 I/RxEACUtils(17202): updateAppDataEACInfo from service
03-07 10:14:41.262 I/Benchmark(17202): getAppConfig ---> 1ms
03-07 10:14:41.262 I/RxEACUtils(17202): updateAppDataEACInfo pkgName: com.aige.hipaint, isAutoFreeze: false, isEACEnabled: true
03-07 10:14:41.262 I/RxEACUtils(17202): updateAppDataEACInfo from service
03-07 10:14:41.264 W/PowerManager(16030): WakeLock tag:WindowManager/displayId:0 from [android] is forbidden
03-07 10:14:41.266 D/C2SoftVpxEnc( 4476): bytes generated 345
03-07 10:14:41.266 W/Looper  (16030): Slow dispatch took 135ms android.ui h=android.view.Choreographer$FrameHandler c=null m=0
03-07 10:14:41.268 I/Benchmark(17202): getAppConfig ---> 6ms
03-07 10:14:41.268 I/RxEACUtils(17202): updateAppDataEACInfo pkgName: org.chromium.chrome, isAutoFreeze: false, isEACEnabled: true
03-07 10:14:41.269 I/RxEACUtils(17202): updateAppDataEACInfo from service
03-07 10:14:41.272 I/BtGatt.ScanManager( 8294): msg.what = 6
03-07 10:14:41.276 W/PowerManager(16030): WakeLock tag:WindowManager/displayId:0 from [android] is forbidden
03-07 10:14:41.280 I/Benchmark(17202): getAppConfig ---> 11ms
03-07 10:14:41.280 I/RxEACUtils(17202): updateAppDataEACInfo pkgName: com.dropbox.android, isAutoFreeze: true, isEACEnabled: true
03-07 10:14:41.280 I/RxEACUtils(17202): updateAppDataEACInfo from service
03-07 10:14:41.281 I/Benchmark(17202): getAppConfig ---> 1ms
03-07 10:14:41.281 I/RxEACUtils(17202): updateAppDataEACInfo pkgName: com.onyx, isAutoFreeze: false, isEACEnabled: false
03-07 10:14:41.281 I/RxEACUtils(17202): updateAppDataEACInfo from service
03-07 10:14:41.282 I/Benchmark(17202): getAppConfig ---> 1ms
03-07 10:14:41.282 I/RxEACUtils(17202): updateAppDataEACInfo pkgName: com.onyx.aiassistant, isAutoFreeze: false, isEACEnabled: false
03-07 10:14:41.282 I/RxEACUtils(17202): updateAppDataEACInfo from service
03-07 10:14:41.284 I/Benchmark(17202): getAppConfig ---> 2ms
03-07 10:14:41.284 I/RxEACUtils(17202): updateAppDataEACInfo pkgName: com.alphainventor.filemanager, isAutoFreeze: true, isEACEnabled: true
03-07 10:14:41.284 I/RxEACUtils(17202): updateAppDataEACInfo from service
03-07 10:14:41.285 I/Benchmark(17202): getAppConfig ---> 1ms
03-07 10:14:41.285 I/RxEACUtils(17202): updateAppDataEACInfo pkgName: com.saksham.developer.developeroptions, isAutoFreeze: true, isEACEnabled: true
03-07 10:14:41.285 I/RxEACUtils(17202): updateAppDataEACInfo from service
03-07 10:14:41.289 W/PowerManager(16030): WakeLock tag:WindowManager/displayId:0 from [android] is forbidden
03-07 10:14:41.298 I/Benchmark(17202): getAppConfig ---> 13ms
03-07 10:14:41.298 I/RxEACUtils(17202): updateAppDataEACInfo pkgName: com.onyx, isAutoFreeze: false, isEACEnabled: false
03-07 10:14:41.298 I/RxEACUtils(17202): updateAppDataEACInfo from service
03-07 10:14:41.301 I/Benchmark(17202): getAppConfig ---> 2ms
03-07 10:14:41.301 I/RxEACUtils(17202): updateAppDataEACInfo pkgName: com.onyx, isAutoFreeze: false, isEACEnabled: false
03-07 10:14:41.301 I/RxEACUtils(17202): updateAppDataEACInfo from service
03-07 10:14:41.301 D/CoreBackPreview(16030): Window{360ec72 u0 Application Error: com.boox.einkdraw}: Setting back callback null
03-07 10:14:41.303 D/DisplayDevice(15955): getVsyncPeriodFromHWC: value is cached. return 26315789
03-07 10:14:41.304 I/Benchmark(17202): getAppConfig ---> 2ms
03-07 10:14:41.304 I/RxEACUtils(17202): updateAppDataEACInfo pkgName: com.google.android.apps.docs.editors.docs, isAutoFreeze: true, isEACEnabled: true
03-07 10:14:41.309 I/RxEACUtils(17202): updateAppDataEACInfo from service
03-07 10:14:41.312 W/ActivityManager(16030): Ignoring remove of inactive process: ProcessRecord{4a74958 0:com.boox.einkdraw/u0a137}
03-07 10:14:41.316 D/C2SoftVpxEnc( 4476): bytes generated 345
03-07 10:14:41.316 W/PowerManager(16030): WakeLock tag:WindowManager/displayId:0 from [android] is forbidden
03-07 10:14:41.316 I/Benchmark(17202): getAppConfig ---> 7ms
03-07 10:14:41.317 I/RxEACUtils(17202): updateAppDataEACInfo pkgName: com.onyx, isAutoFreeze: false, isEACEnabled: false
03-07 10:14:41.317 I/RxEACUtils(17202): updateAppDataEACInfo from service
03-07 10:14:41.317 W/InputManager-JNI(16030): Input channel object '360ec72 Application Error: com.boox.einkdraw (client)' was disposed without first being removed with the input manager!
03-07 10:14:41.319 I/Benchmark(17202): getAppConfig ---> 2ms
03-07 10:14:41.319 I/RxEACUtils(17202): updateAppDataEACInfo pkgName: com.onyx.clock, isAutoFreeze: false, isEACEnabled: false
03-07 10:14:41.319 I/RxEACUtils(17202): updateAppDataEACInfo from service
03-07 10:14:41.321 I/Benchmark(17202): getAppConfig ---> 2ms
03-07 10:14:41.321 I/RxEACUtils(17202): updateAppDataEACInfo pkgName: com.brakefield.painter, isAutoFreeze: true, isEACEnabled: true
03-07 10:14:41.321 I/RxEACUtils(17202): updateAppDataEACInfo from service
03-07 10:14:41.322 W/PowerManager(16030): WakeLock tag:WindowManager/displayId:0 from [android] is forbidden
03-07 10:14:41.325 I/Benchmark(17202): getAppConfig ---> 4ms
03-07 10:14:41.325 I/RxEACUtils(17202): updateAppDataEACInfo pkgName: org.chromium.webapk.ab0ff7c94cf435b03_v2, isAutoFreeze: true, isEACEnabled: true
03-07 10:14:41.325 I/RxEACUtils(17202): updateAppDataEACInfo from service
03-07 10:14:41.326 W/PowerManager(16030): WakeLock tag:WindowManager/displayId:0 from [android] is forbidden
03-07 10:14:41.328 I/Benchmark(17202): getAppConfig ---> 3ms
03-07 10:14:41.328 I/RxEACUtils(17202): updateAppDataEACInfo pkgName: com.boox.einkdraw, isAutoFreeze: false, isEACEnabled: true
03-07 10:14:41.328 I/RxEACUtils(17202): updateAppDataEACInfo from service
03-07 10:14:41.330 I/Benchmark(17202): getAppConfig ---> 1ms
03-07 10:14:41.330 I/RxEACUtils(17202): updateAppDataEACInfo pkgName: com.onyx, isAutoFreeze: false, isEACEnabled: false
03-07 10:14:41.330 I/RxEACUtils(17202): updateAppDataEACInfo from service
03-07 10:14:41.332 I/Benchmark(17202): getAppConfig ---> 2ms
03-07 10:14:41.332 I/RxEACUtils(17202): updateAppDataEACInfo pkgName: com.microsoft.rdc.androidx, isAutoFreeze: true, isEACEnabled: true
03-07 10:14:41.332 I/RxEACUtils(17202): updateAppDataEACInfo from service
03-07 10:14:41.333 D/DisplayDevice(15955): getVsyncPeriodFromHWC: value is cached. return 26315789
03-07 10:14:41.334 D/DisplayDevice(15955): getVsyncPeriodFromHWC: value is cached. return 26315789
03-07 10:14:41.336 I/Benchmark(17202): getAppConfig ---> 4ms
03-07 10:14:41.336 I/RxEACUtils(17202): updateAppDataEACInfo pkgName: com.android.vending, isAutoFreeze: false, isEACEnabled: false
03-07 10:14:41.336 I/RxEACUtils(17202): updateAppDataEACInfo from service
03-07 10:14:41.338 W/PowerManager(16030): WakeLock tag:WindowManager/displayId:0 from [android] is forbidden
03-07 10:14:41.339 I/Benchmark(17202): getAppConfig ---> 3ms
03-07 10:14:41.339 I/RxEACUtils(17202): updateAppDataEACInfo pkgName: com.onyx, isAutoFreeze: false, isEACEnabled: false
03-07 10:14:41.339 I/RxEACUtils(17202): updateAppDataEACInfo from service
03-07 10:14:41.340 W/WindowManager(16030): Exception thrown during dispatchAppVisibility Window{2f17173 u0 com.boox.einkdraw/com.boox.einkdraw.MainActivity EXITING}
03-07 10:14:41.340 W/WindowManager(16030): android.os.DeadObjectException
03-07 10:14:41.340 W/WindowManager(16030): 	at android.os.BinderProxy.transactNative(Native Method)
03-07 10:14:41.340 W/WindowManager(16030): 	at android.os.BinderProxy.transact(BinderProxy.java:584)
03-07 10:14:41.340 W/WindowManager(16030): 	at android.view.IWindow$Stub$Proxy.dispatchAppVisibility(IWindow.java:536)
03-07 10:14:41.340 W/WindowManager(16030): 	at com.android.server.wm.WindowState.sendAppVisibilityToClients(WindowState.java:3518)
03-07 10:14:41.340 W/WindowManager(16030): 	at com.android.server.wm.WindowContainer.sendAppVisibilityToClients(WindowContainer.java:1234)
03-07 10:14:41.340 W/WindowManager(16030): 	at com.android.server.wm.WindowToken.setClientVisible(WindowToken.java:392)
03-07 10:14:41.340 W/WindowManager(16030): 	at com.android.server.wm.ActivityRecord.setClientVisible(ActivityRecord.java:6964)
03-07 10:14:41.340 W/WindowManager(16030): 	at com.android.server.wm.ActivityRecord.onAnimationFinished(ActivityRecord.java:7795)
03-07 10:14:41.340 W/WindowManager(16030): 	at com.android.server.wm.ActivityRecord.postApplyAnimation(ActivityRecord.java:5547)
03-07 10:14:41.340 W/WindowManager(16030): 	at com.android.server.wm.ActivityRecord.commitVisibility(ActivityRecord.java:5507)
03-07 10:14:41.340 W/WindowManager(16030): 	at com.android.server.wm.ActivityRecord.commitVisibility(ActivityRecord.java:5511)
03-07 10:14:41.340 W/WindowManager(16030): 	at com.android.server.wm.AppTransitionController.handleClosingApps(AppTransitionController.java:1194)
03-07 10:14:41.340 W/WindowManager(16030): 	at com.android.server.wm.AppTransitionController.handleAppTransitionReady(AppTransitionController.java:304)
03-07 10:14:41.340 W/WindowManager(16030): 	at com.android.server.wm.RootWindowContainer.checkAppTransitionReady(RootWindowContainer.java:978)
03-07 10:14:41.340 W/WindowManager(16030): 	at com.android.server.wm.RootWindowContainer.performSurfacePlacementNoTrace(RootWindowContainer.java:842)
03-07 10:14:41.340 W/WindowManager(16030): 	at com.android.server.wm.RootWindowContainer.performSurfacePlacement(RootWindowContainer.java:785)
03-07 10:14:41.340 W/WindowManager(16030): 	at com.android.server.wm.WindowSurfacePlacer.performSurfacePlacementLoop(WindowSurfacePlacer.java:177)
03-07 10:14:41.340 W/WindowManager(16030): 	at com.android.server.wm.WindowSurfacePlacer.performSurfacePlacement(WindowSurfacePlacer.java:126)
03-07 10:14:41.340 W/WindowManager(16030): 	at com.android.server.wm.WindowSurfacePlacer.performSurfacePlacement(WindowSurfacePlacer.java:115)
03-07 10:14:41.340 W/WindowManager(16030): 	at com.android.server.wm.WindowSurfacePlacer$Traverser.run(WindowSurfacePlacer.java:57)
03-07 10:14:41.340 W/WindowManager(16030): 	at android.os.Handler.handleCallback(Handler.java:942)
03-07 10:14:41.340 W/WindowManager(16030): 	at android.os.Handler.dispatchMessage(Handler.java:99)
03-07 10:14:41.340 W/WindowManager(16030): 	at android.os.Looper.loopOnce(Looper.java:201)
03-07 10:14:41.340 W/WindowManager(16030): 	at android.os.Looper.loop(Looper.java:288)
03-07 10:14:41.340 W/WindowManager(16030): 	at android.os.HandlerThread.run(HandlerThread.java:67)
03-07 10:14:41.340 W/WindowManager(16030): 	at com.android.server.ServiceThread.run(ServiceThread.java:44)
03-07 10:14:41.340 I/Process (16030): Sending signal. PID: 9717 SIG: 9
03-07 10:14:41.341 I/Benchmark(17202): getAppConfig ---> 2ms
03-07 10:14:41.341 I/RxEACUtils(17202): updateAppDataEACInfo pkgName: com.google.chromeremotedesktop, isAutoFreeze: true, isEACEnabled: true
03-07 10:14:41.341 I/RxEACUtils(17202): updateAppDataEACInfo from service
03-07 10:14:41.343 D/debugOrientation(16030): ActivityRecord{1cc33f u0 com.onyx/.tablet.main.ui.TabletMainActivity} t1521}  computeOrientation :-1 user set rotation -1
03-07 10:14:41.346 W/ActivityManager(16030): setHasOverlayUi called on unknown pid: 9717
03-07 10:14:41.355 I/Benchmark(17202): getAppConfig ---> 14ms
03-07 10:14:41.355 I/RxEACUtils(17202): updateAppDataEACInfo pkgName: com.google.android.apps.nbu.files, isAutoFreeze: true, isEACEnabled: true
03-07 10:14:41.355 I/RxEACUtils(17202): updateAppDataEACInfo from service
03-07 10:14:41.355 V/WindowManager(16030): Unknown focus tokens, dropping reportFocusChanged
03-07 10:14:41.357 I/Benchmark(17202): getAppConfig ---> 2ms
03-07 10:14:41.357 I/RxEACUtils(17202): updateAppDataEACInfo pkgName: com.android.chrome, isAutoFreeze: false, isEACEnabled: true
03-07 10:14:41.357 I/RxEACUtils(17202): updateAppDataEACInfo from service
03-07 10:14:41.359 D/DisplayDevice(15955): getVsyncPeriodFromHWC: value is cached. return 26315789
03-07 10:14:41.359 D/DisplayDevice(15955): getVsyncPeriodFromHWC: value is cached. return 26315789
03-07 10:14:41.360 I/Benchmark(17202): getAppConfig ---> 3ms
03-07 10:14:41.360 I/RxEACUtils(17202): updateAppDataEACInfo pkgName: com.onyx.gallery, isAutoFreeze: false, isEACEnabled: false
03-07 10:14:41.360 I/RxEACUtils(17202): updateAppDataEACInfo from service
03-07 10:14:41.362 I/Benchmark(17202): getAppConfig ---> 2ms
03-07 10:14:41.362 I/RxEACUtils(17202): updateAppDataEACInfo pkgName: com.openai.chatgpt, isAutoFreeze: true, isEACEnabled: true
03-07 10:14:41.362 I/RxEACUtils(17202): updateAppDataEACInfo from service
03-07 10:14:41.364 I/Benchmark(17202): getAppConfig ---> 2ms
03-07 10:14:41.364 I/RxEACUtils(17202): updateAppDataEACInfo pkgName: com.onyx.dict, isAutoFreeze: false, isEACEnabled: false
03-07 10:14:41.364 I/RxEACUtils(17202): updateAppDataEACInfo from service
03-07 10:14:41.367 I/Benchmark(17202): getAppConfig ---> 3ms
03-07 10:14:41.367 I/RxEACUtils(17202): updateAppDataEACInfo pkgName: com.faultexception.reader, isAutoFreeze: true, isEACEnabled: true
03-07 10:14:41.367 I/RxEACUtils(17202): updateAppDataEACInfo from service
03-07 10:14:41.368 E/ClientCache(15955): failed to get buffer, invalid process token
03-07 10:14:41.370 I/Benchmark(17202): getAppConfig ---> 3ms
03-07 10:14:41.370 I/RxEACUtils(17202): updateAppDataEACInfo pkgName: com.kairos.duet, isAutoFreeze: false, isEACEnabled: true
03-07 10:14:41.370 I/RxEACUtils(17202): updateAppDataEACInfo from service
03-07 10:14:41.372 E/BpTransactionCompletedListener(15955): Failed to transact (-32)
03-07 10:14:41.372 E/BpTransactionCompletedListener(15955): Failed to transact (-32)
03-07 10:14:41.375 I/Benchmark(17202): getAppConfig ---> 5ms
03-07 10:14:41.375 I/RxEACUtils(17202): updateAppDataEACInfo pkgName: com.onyx.voicerecorder, isAutoFreeze: false, isEACEnabled: false
03-07 10:14:41.375 I/RxEACUtils(17202): updateAppDataEACInfo from service
03-07 10:14:41.377 I/Benchmark(17202): getAppConfig ---> 2ms
03-07 10:14:41.377 I/RxEACUtils(17202): updateAppDataEACInfo pkgName: com.onyx.easytransfer, isAutoFreeze: false, isEACEnabled: false
03-07 10:14:41.377 I/RxEACUtils(17202): updateAppDataEACInfo from service
03-07 10:14:41.378 I/Benchmark(17202): getAppConfig ---> 1ms
03-07 10:14:41.378 I/RxEACUtils(17202): updateAppDataEACInfo pkgName: com.sergeylappo.booxrapiddraw, isAutoFreeze: true, isEACEnabled: true
03-07 10:14:41.378 I/RxEACUtils(17202): updateAppDataEACInfo from service
03-07 10:14:41.379 D/C2SoftVpxEnc( 4476): bytes generated 345
03-07 10:14:41.379 I/Benchmark(17202): getAppConfig ---> 1ms
03-07 10:14:41.380 I/RxEACUtils(17202): updateAppDataEACInfo pkgName: com.onyx.mail, isAutoFreeze: false, isEACEnabled: false
03-07 10:14:41.380 I/RxEACUtils(17202): updateAppDataEACInfo from service
03-07 10:14:41.388 D/DisplayDevice(15955): getVsyncPeriodFromHWC: value is cached. return 26315789
03-07 10:14:41.388 D/DisplayDevice(15955): getVsyncPeriodFromHWC: value is cached. return 26315789
03-07 10:14:41.404 D/DisplayDevice(15955): getVsyncPeriodFromHWC: value is cached. return 26315789
03-07 10:14:41.405 I/Benchmark(17202): getAppConfig ---> 25ms
03-07 10:14:41.405 I/RxEACUtils(17202): updateAppDataEACInfo pkgName: com.discord, isAutoFreeze: true, isEACEnabled: true
03-07 10:14:41.405 I/RxEACUtils(17202): updateAppDataEACInfo from service
03-07 10:14:41.407 I/Benchmark(17202): getAppConfig ---> 2ms
03-07 10:14:41.407 I/RxEACUtils(17202): updateAppDataEACInfo pkgName: com.onyx.musicplayer, isAutoFreeze: false, isEACEnabled: false
03-07 10:14:41.416 D/CompatibilityInfo(16030): mCompatibilityFlags - 4
03-07 10:14:41.416 D/CompatibilityInfo(16030): applicationDensity - 300
03-07 10:14:41.416 D/CompatibilityInfo(16030): applicationScale - 1.0
03-07 10:14:41.436 D/CompatibilityInfo(16030): mCompatibilityFlags - 4
03-07 10:14:41.436 D/CompatibilityInfo(16030): applicationDensity - 300
03-07 10:14:41.436 D/CompatibilityInfo(16030): applicationScale - 1.0
03-07 10:14:41.441 D/C2SoftVpxEnc( 4476): bytes generated 345
03-07 10:14:41.465 D/CompatibilityInfo(16030): mCompatibilityFlags - 4
03-07 10:14:41.465 D/CompatibilityInfo(16030): applicationDensity - 300
03-07 10:14:41.465 D/CompatibilityInfo(16030): applicationScale - 1.0
03-07 10:14:41.489 D/C2SoftVpxEnc( 4476): bytes generated 345
03-07 10:14:41.495 I/OverlayTileService(21701): updateTileIconStatus false
03-07 10:14:41.518 D/C2SoftVpxEnc( 4476): bytes generated 345
03-07 10:14:41.538 D/C2SoftVpxEnc( 4476): bytes generated 8756
03-07 10:14:41.541 I/ndroid.systemui(16259): NativeAlloc concurrent copying GC freed 217144(8804KB) AllocSpace objects, 1(20KB) LOS objects, 49% free, 12MB/24MB, paused 10.576ms,205us total 451.430ms
03-07 10:14:41.550 I/system_server(16030): NativeAlloc concurrent copying GC freed 299426(18MB) AllocSpace objects, 24(1692KB) LOS objects, 46% free, 27MB/51MB, paused 363us,391us total 337.888ms
03-07 10:14:41.557 D/C2SoftVpxEnc( 4476): bytes generated 862
03-07 10:14:41.558 W/ActivityTaskManager(16030): Activity top resumed state loss timeout for ActivityRecord{3635e3b u0 com.boox.einkdraw/.MainActivity} t-1 f}}
03-07 10:14:41.559 V/ActivityThread(17202): reportTopResumedActivityChanged - > onActivityTopResumed
03-07 10:14:41.559 I/TabletMainActivity(17202): onTopResumedActivityChanged: true
03-07 10:14:41.562 I/SurfaceFlinger(15955): Post enabled!
03-07 10:14:41.562 E/HWEpdcManager(15955): ### EUS, s 4 c 0
03-07 10:14:41.574 E/SurfaceFlinger(15955): Pid 17202 State change to: stop
03-07 10:14:41.581 E/EpdcManager(15955): DT 128
03-07 10:14:41.582 E/HWEpdcManager(15955): ### EE 1
03-07 10:14:41.583 D/CCodecBufferChannel(31603): [c2.android.vp8.encoder#906] DEBUG: elapsed: n=4 [in=0 pipeline=0 out=0]
03-07 10:14:41.583 D/PipelineWatcher(31603): DEBUG: elapsed 0 / 4
03-07 10:14:41.585 E/SurfaceFlinger(15955): State changed!
03-07 10:14:41.585 E/HWEpdcManager(15955): ### EUS, s 2 c 0
03-07 10:14:41.586 E/HWEpdcManager(15955): ET 0
03-07 10:14:41.587 E/HWEpdcManager(15955): ### AF 10
03-07 10:14:41.588 W/System  (16030): A resource failed to call release. 
03-07 10:14:41.593 W/System  (16030): A resource failed to call HardwareBuffer.close. 
03-07 10:14:41.593 D/EventBus(17202): No subscribers registered for event class com.onyx.android.sdk.eac.event.EACTopComponentChangedEvent
03-07 10:14:41.593 D/EventBus(17202): No subscribers registered for event class org.greenrobot.eventbus.NoSubscriberEvent
03-07 10:14:41.593 D/EventBus(21701): No subscribers registered for event class com.onyx.gallery.event.EACTopComponentChangedEvent
03-07 10:14:41.593 D/EventBus(21701): No subscribers registered for event class org.greenrobot.eventbus.NoSubscriberEvent
03-07 10:14:41.594 D/EventBus(17101): No subscribers registered for event class com.onyx.android.sdk.eac.event.EACTopComponentChangedEvent
03-07 10:14:41.594 D/EventBus(17101): No subscribers registered for event class org.greenrobot.eventbus.NoSubscriberEvent
03-07 10:14:41.596 D/C2SoftVpxEnc( 4476): bytes generated 530
03-07 10:14:41.617 D/C2SoftVpxEnc( 4476): bytes generated 54699
03-07 10:14:41.646 D/C2SoftVpxEnc( 4476): bytes generated 526
03-07 10:14:41.659 D/C2SoftVpxEnc( 4476): bytes generated 3357
03-07 10:14:41.672 D/C2SoftVpxEnc( 4476): bytes generated 1439
03-07 10:14:41.684 D/C2SoftVpxEnc( 4476): bytes generated 923
03-07 10:14:41.696 D/C2SoftVpxEnc( 4476): bytes generated 733
03-07 10:14:41.722 D/C2SoftVpxEnc( 4476): bytes generated 696
03-07 10:14:41.729 D/CompatibilityInfo(16030): mCompatibilityFlags - 4
03-07 10:14:41.729 D/CompatibilityInfo(16030): applicationDensity - 300
03-07 10:14:41.729 D/CompatibilityInfo(16030): applicationScale - 1.0
03-07 10:14:41.732 D/CompatibilityInfo(16030): mCompatibilityFlags - 4
03-07 10:14:41.732 D/CompatibilityInfo(16030): applicationDensity - 300
03-07 10:14:41.732 D/CompatibilityInfo(16030): applicationScale - 1.0
03-07 10:14:41.735 D/CompatibilityInfo(16030): mCompatibilityFlags - 4
03-07 10:14:41.735 D/CompatibilityInfo(16030): applicationDensity - 300
03-07 10:14:41.735 D/CompatibilityInfo(16030): applicationScale - 1.0
03-07 10:14:41.737 D/CompatibilityInfo(16030): mCompatibilityFlags - 4
03-07 10:14:41.737 D/CompatibilityInfo(16030): applicationDensity - 300
03-07 10:14:41.737 D/CompatibilityInfo(16030): applicationScale - 1.0
03-07 10:14:41.743 D/CompatibilityInfo(16030): mCompatibilityFlags - 4
03-07 10:14:41.743 D/CompatibilityInfo(16030): applicationDensity - 300
03-07 10:14:41.743 D/CompatibilityInfo(16030): applicationScale - 1.0
03-07 10:14:41.747 D/CompatibilityInfo(16030): mCompatibilityFlags - 4
03-07 10:14:41.747 D/CompatibilityInfo(16030): applicationDensity - 300
03-07 10:14:41.747 D/CompatibilityInfo(16030): applicationScale - 1.0
03-07 10:14:41.750 D/CompatibilityInfo(16030): mCompatibilityFlags - 4
03-07 10:14:41.750 D/CompatibilityInfo(16030): applicationDensity - 300
03-07 10:14:41.750 D/CompatibilityInfo(16030): applicationScale - 1.0
03-07 10:14:41.753 D/CompatibilityInfo(16030): mCompatibilityFlags - 4
03-07 10:14:41.753 D/CompatibilityInfo(16030): applicationDensity - 300
03-07 10:14:41.753 D/CompatibilityInfo(16030): applicationScale - 1.0
03-07 10:14:41.756 D/CompatibilityInfo(16030): mCompatibilityFlags - 4
03-07 10:14:41.756 D/CompatibilityInfo(16030): applicationDensity - 300
03-07 10:14:41.756 D/CompatibilityInfo(16030): applicationScale - 1.0
03-07 10:14:41.758 I/NoteGridWidgetProvider(17202): onReceive: com.onyx.common.applications.appwidget.widget.NoteGridWidgetProvider@d1c2440
03-07 10:14:41.758 I/NoteGridWidgetProvider(17202): action---com.onyx.widget.action.UPDATE
03-07 10:14:41.762 D/CompatibilityInfo(16030): mCompatibilityFlags - 4
03-07 10:14:41.762 D/CompatibilityInfo(16030): applicationDensity - 300
03-07 10:14:41.762 D/CompatibilityInfo(16030): applicationScale - 1.0
03-07 10:14:41.766 D/CompatibilityInfo(16030): mCompatibilityFlags - 4
03-07 10:14:41.766 D/CompatibilityInfo(16030): applicationDensity - 300
03-07 10:14:41.766 D/CompatibilityInfo(16030): applicationScale - 1.0
03-07 10:14:41.771 W/Glide   (17202): Load failed for null with size [0x0]
03-07 10:14:41.771 W/Glide   (17202): class com.bumptech.glide.load.engine.GlideException: Received null model
03-07 10:14:41.774 D/CompatibilityInfo(16030): mCompatibilityFlags - 4
03-07 10:14:41.774 D/CompatibilityInfo(16030): applicationDensity - 300
03-07 10:14:41.774 D/CompatibilityInfo(16030): applicationScale - 1.0
03-07 10:14:41.780 D/CompatibilityInfo(16030): mCompatibilityFlags - 4
03-07 10:14:41.780 D/CompatibilityInfo(16030): applicationDensity - 300
03-07 10:14:41.780 D/CompatibilityInfo(16030): applicationScale - 1.0
03-07 10:14:41.782 D/CompatibilityInfo(16030): mCompatibilityFlags - 4
03-07 10:14:41.782 D/CompatibilityInfo(16030): applicationDensity - 300
03-07 10:14:41.782 D/CompatibilityInfo(16030): applicationScale - 1.0
03-07 10:14:41.784 D/CompatibilityInfo(16030): mCompatibilityFlags - 4
03-07 10:14:41.784 D/CompatibilityInfo(16030): applicationDensity - 300
03-07 10:14:41.784 D/CompatibilityInfo(16030): applicationScale - 1.0
03-07 10:14:41.794 D/CompatibilityInfo(16030): mCompatibilityFlags - 4
03-07 10:14:41.794 D/CompatibilityInfo(16030): applicationDensity - 300
03-07 10:14:41.794 D/CompatibilityInfo(16030): applicationScale - 1.0
03-07 10:14:41.799 D/CompatibilityInfo(16030): mCompatibilityFlags - 4
03-07 10:14:41.799 D/CompatibilityInfo(16030): applicationDensity - 300
03-07 10:14:41.799 D/CompatibilityInfo(16030): applicationScale - 1.0
03-07 10:14:41.810 D/C2SoftVpxEnc( 4476): bytes generated 681
03-07 10:14:41.818 I/SDM     (  887): update_to_display[1/0] -- marker[95461] waveform_mode = 2, update_mode = 1, Rect[1361 1679 1096 158], flags = 1000
03-07 10:14:41.826 I/NoteListWidgetProvider(17202): onReceive: com.onyx.common.applications.appwidget.widget.NoteListWidgetProvider@a4df95d
03-07 10:14:41.826 I/NoteListWidgetProvider(17202): action---com.onyx.widget.action.UPDATE
03-07 10:14:41.830 D/CompatibilityInfo(16030): mCompatibilityFlags - 4
03-07 10:14:41.831 D/CompatibilityInfo(16030): applicationDensity - 300
03-07 10:14:41.831 D/CompatibilityInfo(16030): applicationScale - 1.0
03-07 10:14:41.867 D/C2SoftVpxEnc( 4476): bytes generated 679
03-07 10:14:41.883 D/C2SoftVpxEnc( 4476): bytes generated 679
03-07 10:14:41.891 D/CompatibilityInfo(16030): mCompatibilityFlags - 4
03-07 10:14:41.891 D/CompatibilityInfo(16030): applicationDensity - 300
03-07 10:14:41.891 D/CompatibilityInfo(16030): applicationScale - 1.0
03-07 10:14:41.909 D/CompatibilityInfo(16030): mCompatibilityFlags - 4
03-07 10:14:41.909 D/CompatibilityInfo(16030): applicationDensity - 300
03-07 10:14:41.909 D/CompatibilityInfo(16030): applicationScale - 1.0
03-07 10:14:41.926 D/CompatibilityInfo(16030): mCompatibilityFlags - 4
03-07 10:14:41.926 D/CompatibilityInfo(16030): applicationDensity - 300
03-07 10:14:41.926 D/CompatibilityInfo(16030): applicationScale - 1.0
03-07 10:14:41.945 E/SDM     (  887): onyx_epdc_update_to_display invalid 304 1876 368 1860
03-07 10:14:41.965 D/CompatibilityInfo(16030): mCompatibilityFlags - 4
03-07 10:14:41.965 D/CompatibilityInfo(16030): applicationDensity - 300
03-07 10:14:41.965 D/CompatibilityInfo(16030): applicationScale - 1.0
03-07 10:14:41.973 D/C2SoftVpxEnc( 4476): bytes generated 679
03-07 10:14:41.999 D/C2SoftVpxEnc( 4476): bytes generated 679
03-07 10:14:42.096 D/C2SoftVpxEnc( 4476): bytes generated 679
03-07 10:14:42.197 D/C2SoftVpxEnc( 4476): bytes generated 679
03-07 10:14:42.299 D/C2SoftVpxEnc( 4476): bytes generated 679
03-07 10:14:42.393 D/CompatibilityInfo(16030): mCompatibilityFlags - 4
03-07 10:14:42.393 D/CompatibilityInfo(16030): applicationDensity - 300
03-07 10:14:42.393 D/CompatibilityInfo(16030): applicationScale - 1.0
03-07 10:14:42.412 D/C2SoftVpxEnc( 4476): bytes generated 679
03-07 10:14:42.424 D/CompatibilityInfo(16030): mCompatibilityFlags - 4
03-07 10:14:42.424 D/CompatibilityInfo(16030): applicationDensity - 300
03-07 10:14:42.424 D/CompatibilityInfo(16030): applicationScale - 1.0
03-07 10:14:42.467 D/CompatibilityInfo(16030): mCompatibilityFlags - 4
03-07 10:14:42.468 D/CompatibilityInfo(16030): applicationDensity - 300
03-07 10:14:42.468 D/CompatibilityInfo(16030): applicationScale - 1.0
03-07 10:14:42.480 I/OverlayTileService(21701): updateTileIconStatus false
03-07 10:14:42.504 D/C2SoftVpxEnc( 4476): bytes generated 679
03-07 10:14:42.604 D/C2SoftVpxEnc( 4476): bytes generated 679
03-07 10:14:42.706 D/C2SoftVpxEnc( 4476): bytes generated 679
03-07 10:14:42.807 D/C2SoftVpxEnc( 4476): bytes generated 679
03-07 10:14:42.895 D/CompatibilityInfo(16030): mCompatibilityFlags - 4
03-07 10:14:42.895 D/CompatibilityInfo(16030): applicationDensity - 300
03-07 10:14:42.895 D/CompatibilityInfo(16030): applicationScale - 1.0
03-07 10:14:42.912 D/C2SoftVpxEnc( 4476): bytes generated 679
03-07 10:14:42.923 D/CompatibilityInfo(16030): mCompatibilityFlags - 4
03-07 10:14:42.923 D/CompatibilityInfo(16030): applicationDensity - 300
03-07 10:14:42.923 D/CompatibilityInfo(16030): applicationScale - 1.0
03-07 10:14:42.966 D/CompatibilityInfo(16030): mCompatibilityFlags - 4
03-07 10:14:42.966 D/CompatibilityInfo(16030): applicationDensity - 300
03-07 10:14:42.966 D/CompatibilityInfo(16030): applicationScale - 1.0
03-07 10:14:43.012 D/C2SoftVpxEnc( 4476): bytes generated 679
03-07 10:14:43.041 D/PowerUI (16259): can't show warning due to - plugged: true status unknown: false
03-07 10:14:43.117 D/C2SoftVpxEnc( 4476): bytes generated 679
03-07 10:14:43.202 D/C2SoftVpxEnc( 4476): bytes generated 679
03-07 10:14:43.302 D/C2SoftVpxEnc( 4476): bytes generated 679
03-07 10:14:43.396 D/CompatibilityInfo(16030): mCompatibilityFlags - 4
03-07 10:14:43.396 D/CompatibilityInfo(16030): applicationDensity - 300
03-07 10:14:43.396 D/CompatibilityInfo(16030): applicationScale - 1.0
03-07 10:14:43.408 D/C2SoftVpxEnc( 4476): bytes generated 679
03-07 10:14:43.425 D/CompatibilityInfo(16030): mCompatibilityFlags - 4
03-07 10:14:43.425 D/CompatibilityInfo(16030): applicationDensity - 300
03-07 10:14:43.425 D/CompatibilityInfo(16030): applicationScale - 1.0
03-07 10:14:43.468 D/CompatibilityInfo(16030): mCompatibilityFlags - 4
03-07 10:14:43.468 D/CompatibilityInfo(16030): applicationDensity - 300
03-07 10:14:43.468 D/CompatibilityInfo(16030): applicationScale - 1.0
03-07 10:14:43.483 I/OverlayTileService(21701): updateTileIconStatus false
03-07 10:14:43.504 D/C2SoftVpxEnc( 4476): bytes generated 679
03-07 10:14:43.606 D/C2SoftVpxEnc( 4476): bytes generated 679
03-07 10:14:43.708 D/C2SoftVpxEnc( 4476): bytes generated 679
03-07 10:14:43.809 D/C2SoftVpxEnc( 4476): bytes generated 679
03-07 10:14:43.897 D/CompatibilityInfo(16030): mCompatibilityFlags - 4
03-07 10:14:43.897 D/CompatibilityInfo(16030): applicationDensity - 300
03-07 10:14:43.897 D/CompatibilityInfo(16030): applicationScale - 1.0
03-07 10:14:43.911 D/C2SoftVpxEnc( 4476): bytes generated 679
03-07 10:14:43.923 D/CompatibilityInfo(16030): mCompatibilityFlags - 4
03-07 10:14:43.923 D/CompatibilityInfo(16030): applicationDensity - 300
03-07 10:14:43.923 D/CompatibilityInfo(16030): applicationScale - 1.0
03-07 10:14:43.967 D/CompatibilityInfo(16030): mCompatibilityFlags - 4
03-07 10:14:43.967 D/CompatibilityInfo(16030): applicationDensity - 300
03-07 10:14:43.967 D/CompatibilityInfo(16030): applicationScale - 1.0
03-07 10:14:43.995 V/DisplayPowerController[0](16030): Brightness [0.05] reason changing to: 'manual [ dim ]', previous reason: 'manual'.
03-07 10:14:43.996 I/DisplayPowerController[0](16030): BrightnessEvent: disp=0, physDisp=local:4630946716506123905, brt=0.05, initBrt=0.39763778, rcmdBrt=NaN, preBrt=NaN, lux=0.0, preLux=0.0, hbmMax=1.0, hbmMode=off, rbcStrength=50, powerFactor=1.0, thrmMax=1.0, wasShortTermModelActive=false, flags=, reason=manual [ dim ], autoBrightness=false
03-07 10:14:43.996 I/DisplayPowerController[0](16030): BrightnessEvent: disp=0, physDisp=local:4630946716506123905, brt=0.05, initBrt=0.05, rcmdBrt=NaN, preBrt=NaN, lux=0.0, preLux=0.0, hbmMax=1.0, hbmMode=off, rbcStrength=50, powerFactor=1.0, thrmMax=1.0, wasShortTermModelActive=false, flags=, reason=manual [ dim ], autoBrightness=false
03-07 10:14:43.996 E/DisplayDeviceConfig(16030): requesting nits when no mapping exists.
03-07 10:14:43.996 E/DisplayDeviceConfig(16030): requesting nits when no mapping exists.
