--------- beginning of main
03-06 14:16:54.747 I/NearbyMediums(13078): No BLE Fast/GATT advertisements found in the latest cycle.
03-06 14:16:54.748 I/NearbyMediums(13078): Current Tracked Scanning Clients are : {NearbyConnections.EnvironmentMonitor, NearbySharing, NearbyConnections.TxAdvertisement}
03-06 14:16:55.132 I/MouseCursorController( 1519): Pointer Action: fade, transition=IMMEDIATE, pointerAlpha=0.000000
03-06 14:16:55.132 I/MouseCursorController( 1519): handle updatePointerLocked(): pointerAlpha=0.000000, pointerVisible=0
03-06 14:16:55.132 I/MouseCursorController( 1519): hide sprite
03-06 14:16:55.132 I/Sprites ( 1519): SpriteImpl::setAlpha(0.000000), origin alpha=0.000000
03-06 14:16:55.133 D/OnyxPowerManager( 1519):  ========== GOING_TO_WAKEUP_FROM_IDLE ========== 
03-06 14:16:55.135 D/OnyxPowerManager( 1519):  ========== GOING_TO_WAKEUP from Idle ========== 
03-06 14:16:55.135 D/OnyxPowerManager( 1519):  ========== cancelAlarms:   ========== 
03-06 14:16:55.136 D/OnyxPowerManager( 1519):  ========== setKernelPowerModeImp: off ========== 
03-06 14:16:55.138 D/OnyxPowerManager( 1519):  ========== setCurrentPowerMode: 0 ========== 
03-06 14:16:55.138 D/OnyxPowerManager( 1519):  ========== WAKEUP_DONE ========== 
--------- beginning of system
03-06 14:16:55.138 V/DisplayPowerController[0]( 1519): Brightness [0.39763778] reason changing to: 'manual', previous reason: 'manual [ dim ]'.
03-06 14:16:55.138 I/DisplayPowerController[0]( 1519): BrightnessEvent: disp=0, physDisp=local:4630946716506123905, brt=0.39763778, initBrt=0.05, rcmdBrt=NaN, preBrt=NaN, lux=0.0, preLux=0.0, hbmMax=1.0, hbmMode=off, rbcStrength=50, powerFactor=1.0, thrmMax=1.0, wasShortTermModelActive=false, flags=, reason=manual, autoBrightness=false
03-06 14:16:55.140 I/DisplayPowerController[0]( 1519): BrightnessEvent: disp=0, physDisp=local:4630946716506123905, brt=0.39763778, initBrt=0.39763778, rcmdBrt=NaN, preBrt=NaN, lux=0.0, preLux=0.0, hbmMax=1.0, hbmMode=off, rbcStrength=50, powerFactor=1.0, thrmMax=1.0, wasShortTermModelActive=false, flags=, reason=manual, autoBrightness=false
03-06 14:16:55.141 E/DisplayDeviceConfig( 1519): requesting nits when no mapping exists.
03-06 14:16:55.142 E/DisplayDeviceConfig( 1519): requesting nits when no mapping exists.
03-06 14:16:55.145 W/PowerManager( 1519): WakeLock tag:UndimDetectorWakeLock from [android] is forbidden
03-06 14:16:55.367 I/InputDispatcher( 1519): Dropped event because it is stale.
03-06 14:16:55.369 I/InputDispatcher( 1519): Dropped event because it is stale.
03-06 14:16:55.370 I/InputDispatcher( 1519): Dropped event because it is stale.
03-06 14:16:55.370 I/InputDispatcher( 1519): Dropped event because it is stale.
03-06 14:16:55.371 I/InputDispatcher( 1519): Dropped event because it is stale.
03-06 14:16:55.372 I/InputDispatcher( 1519): Dropped event because it is stale.
03-06 14:16:55.372 I/InputDispatcher( 1519): Dropped event because it is stale.
03-06 14:16:55.372 I/InputDispatcher( 1519): Dropped event because it is stale.
03-06 14:16:55.372 I/InputDispatcher( 1519): Dropped event because it is stale.
03-06 14:16:55.372 I/InputDispatcher( 1519): Dropped event because it is stale.
03-06 14:16:55.372 I/InputDispatcher( 1519): Dropped event because it is stale.
03-06 14:16:55.372 I/InputDispatcher( 1519): Dropped event because it is stale.
03-06 14:16:55.372 I/InputDispatcher( 1519): Dropped event because it is stale.
03-06 14:16:55.372 I/InputDispatcher( 1519): Dropped event because it is stale.
03-06 14:16:55.373 I/InputDispatcher( 1519): Dropped event because it is stale.
03-06 14:16:55.373 I/InputDispatcher( 1519): Dropped event because it is stale.
03-06 14:16:55.373 I/InputDispatcher( 1519): Dropped event because it is stale.
03-06 14:16:55.374 I/InputDispatcher( 1519): Dropped event because it is stale.
03-06 14:16:55.374 I/InputDispatcher( 1519): Dropped event because it is stale.
03-06 14:16:55.374 I/InputDispatcher( 1519): Dropped event because it is stale.
03-06 14:16:55.374 I/InputDispatcher( 1519): Dropped event because it is stale.
03-06 14:16:55.374 I/InputDispatcher( 1519): Dropped event because it is stale.
03-06 14:16:55.374 I/InputDispatcher( 1519): Dropped event because it is stale.
03-06 14:16:55.374 I/InputDispatcher( 1519): Dropped event because it is stale.
03-06 14:16:55.374 I/InputDispatcher( 1519): Dropped event because it is stale.
03-06 14:16:55.374 I/InputDispatcher( 1519): Dropped event because it is stale.
03-06 14:16:55.475 W/Desktop (26148): desktop item :androidx.constraintlayout.widget.ConstraintLayout{41ebdbe VFE...... ......ID 873,520-1164,1040}
03-06 14:16:55.526 I/SDM     (  887): update_to_display[1/0] -- marker[57227] waveform_mode = 2, update_mode = 0, Rect[0 0 2480 1860], flags = 0
03-06 14:16:55.586 D/C2SoftVpxEnc(25101): bytes generated 38322
03-06 14:16:55.663 D/C2SoftVpxEnc(25101): bytes generated 3409
03-06 14:16:55.764 D/C2SoftVpxEnc(25101): bytes generated 1800
03-06 14:16:55.862 D/C2SoftVpxEnc(25101): bytes generated 1399
03-06 14:16:55.966 D/C2SoftVpxEnc(25101): bytes generated 1331
03-06 14:16:56.070 D/C2SoftVpxEnc(25101): bytes generated 1306
03-06 14:16:56.172 D/C2SoftVpxEnc(25101): bytes generated 1304
03-06 14:16:56.274 D/C2SoftVpxEnc(25101): bytes generated 1302
03-06 14:16:56.378 D/C2SoftVpxEnc(25101): bytes generated 1303
03-06 14:16:56.438 I/MouseCursorController( 1519): Pointer Action: fade, transition=IMMEDIATE, pointerAlpha=0.000000
03-06 14:16:56.439 I/MouseCursorController( 1519): handle updatePointerLocked(): pointerAlpha=0.000000, pointerVisible=0
03-06 14:16:56.439 I/MouseCursorController( 1519): hide sprite
03-06 14:16:56.439 I/Sprites ( 1519): SpriteImpl::setAlpha(0.000000), origin alpha=0.000000
03-06 14:16:56.478 D/C2SoftVpxEnc(25101): bytes generated 1302
03-06 14:16:56.592 D/C2SoftVpxEnc(25101): bytes generated 1303
03-06 14:16:56.633 I/ItemViewFactory(26148): open app item with post:APP,launchName:com.boox.einkdraw
03-06 14:16:56.634 I/OpenAppAction(26148): check EACTutorial app for:com.boox.einkdraw
03-06 14:16:56.645 I/Benchmark(26148): getAppConfig ---> 4ms
03-06 14:16:56.651 I/OpenAppAction(26148): start unfreeze app for:com.boox.einkdraw
03-06 14:16:56.655 I/Benchmark(26148): getAppConfig ---> 2ms
03-06 14:16:56.656 D/ApplicationFreezeHelper(26148): package com.boox.einkdraw is already enabled
03-06 14:16:56.657 D/UnFreezeApplicationRequest(26148): com.boox.einkdraw is enable
03-06 14:16:56.666 I/OpenAppAction(26148): end open app for:com.boox.einkdraw,fetchIntent:false
03-06 14:16:56.667 I/ActivityTaskManager( 1519): START u0 {act=android.intent.action.MAIN cat=[android.intent.category.LAUNCHER] flg=0x10200000 pkg=com.boox.einkdraw cmp=com.boox.einkdraw/.MainActivity} from uid 1000
03-06 14:16:56.668 D/CompatibilityChangeReporter( 1519): Compat change id reported: 265464455; UID 10137; state: DISABLED
03-06 14:16:56.668 D/CompatibilityChangeReporter( 1519): Compat change id reported: 265452344; UID 10137; state: DISABLED
03-06 14:16:56.669 D/CompatibilityChangeReporter( 1519): Compat change id reported: 266124927; UID 10137; state: DISABLED
03-06 14:16:56.669 D/CompatibilityChangeReporter( 1519): Compat change id reported: 265451093; UID 10137; state: DISABLED
03-06 14:16:56.669 D/CompatibilityChangeReporter( 1519): Compat change id reported: 265456536; UID 10137; state: DISABLED
03-06 14:16:56.669 D/CompatibilityChangeReporter( 1519): Compat change id reported: 255940284; UID 10137; state: DISABLED
03-06 14:16:56.669 D/CompatibilityChangeReporter( 1519): Compat change id reported: 236283604; UID 10137; state: DISABLED
03-06 14:16:56.669 D/CompatibilityChangeReporter( 1519): Compat change id reported: 263959004; UID 10137; state: DISABLED
03-06 14:16:56.670 D/CompatibilityChangeReporter( 1519): Compat change id reported: 264304459; UID 10137; state: DISABLED
03-06 14:16:56.670 D/CompatibilityChangeReporter( 1519): Compat change id reported: 264301586; UID 10137; state: DISABLED
03-06 14:16:56.670 D/CompatibilityChangeReporter( 1519): Compat change id reported: 254631730; UID 10137; state: DISABLED
03-06 14:16:56.670 D/CompatibilityChangeReporter( 1519): Compat change id reported: 273509367; UID 10137; state: DISABLED
03-06 14:16:56.670 D/CompatibilityChangeReporter( 1519): Compat change id reported: 263259275; UID 10137; state: DISABLED
03-06 14:16:56.673 D/CompatibilityChangeReporter( 1519): Compat change id reported: 184838306; UID 10137; state: DISABLED
03-06 14:16:56.673 D/CompatibilityChangeReporter( 1519): Compat change id reported: 185004937; UID 10137; state: DISABLED
03-06 14:16:56.673 D/CompatibilityChangeReporter( 1519): Compat change id reported: 181136395; UID 10137; state: DISABLED
03-06 14:16:56.674 D/CompatibilityChangeReporter( 1519): Compat change id reported: 174042936; UID 10137; state: DISABLED
03-06 14:16:56.674 D/CompatibilityChangeReporter( 1519): Compat change id reported: 174042980; UID 10137; state: DISABLED
03-06 14:16:56.674 D/CompatibilityChangeReporter( 1519): Compat change id reported: 194480991; UID 10137; state: ENABLED
03-06 14:16:56.678 E/ANDR-PERF-JNI( 1519): com_qualcomm_qtiperformance_native_perf_io_prefetch_start
03-06 14:16:56.679 E/CellBroadcastUtils( 1519): getDefaultCellBroadcastReceiverPackageName: no package found
03-06 14:16:56.683 D/CompatibilityChangeReporter( 1519): Compat change id reported: 197654537; UID 10137; state: ENABLED
03-06 14:16:56.684 I/ActivityNotifier( 1519): DynamicDDS service disabled
03-06 14:16:56.684 D/CompatibilityChangeReporter( 1519): Compat change id reported: 205907456; UID 10137; state: ENABLED
03-06 14:16:56.685 D/ActivityTrigger( 1519): ActivityTrigger activityPauseTrigger 
03-06 14:16:56.688 D/CompatibilityChangeReporter( 1519): Compat change id reported: 194833441; UID 10137; state: ENABLED
03-06 14:16:56.688 E/ANDR-IOP(  893): io prefetch is disabled
03-06 14:16:56.691 I/TabletMainActivity(26148): onTopResumedActivityChanged: false
03-06 14:16:56.692 I/TabletMainActivity(26148): onPause--------------
03-06 14:16:56.699 D/NotificationShadeWindowController( 1835): NotificationShadeWindowControllerImpl visible:false  forceWindowCollapsedfalse  (isKeyguardShowingAndNotOccluded:false  panelVisible:false  keyguardFadingAway:false  bouncerShowing:false  headsUpNotificationShowing:false  scrimsVisibility:false)   backgroundBlurRadius > 0:false  launchingActivityFromNotification:false
03-06 14:16:56.701 W/Parcel  ( 1835): Expecting binder but got null!
03-06 14:16:56.703 D/CompatibilityInfo( 1519): mCompatibilityFlags - 4
03-06 14:16:56.703 D/CompatibilityInfo( 1519): applicationDensity - 300
03-06 14:16:56.703 D/CompatibilityInfo( 1519): applicationScale - 1.0
03-06 14:16:56.705 D/CompatibilityChangeReporter( 1519): Compat change id reported: 168419799; UID 10137; state: DISABLED
03-06 14:16:56.706 D/CompatibilityChangeReporter( 1519): Compat change id reported: 273564678; UID 10137; state: DISABLED
03-06 14:16:56.707 D/C2SoftVpxEnc(25101): bytes generated 1302
03-06 14:16:56.709 D/debugOrientation( 1519): ActivityRecord{fe0e73 u0 com.boox.einkdraw/.MainActivity} t1452}  computeOrientation :-1 user set rotation -1
03-06 14:16:56.710 D/CoreBackPreview( 1519): Window{1211ecf u0 Splash Screen com.boox.einkdraw}: Setting back callback OnBackInvokedCallbackInfo{mCallback=android.window.IOnBackInvokedCallback$Stub$Proxy@121f43a, mPriority=0}
03-06 14:16:56.710 D/CompatibilityChangeReporter( 1519): Compat change id reported: 135634846; UID 10137; state: DISABLED
03-06 14:16:56.711 D/CompatibilityChangeReporter( 1519): Compat change id reported: 177438394; UID 10137; state: DISABLED
03-06 14:16:56.711 D/CompatibilityChangeReporter( 1519): Compat change id reported: 135772972; UID 10137; state: DISABLED
03-06 14:16:56.711 D/CompatibilityChangeReporter( 1519): Compat change id reported: 135754954; UID 10137; state: ENABLED
03-06 14:16:56.711 D/CompatibilityChangeReporter( 1519): Compat change id reported: 143937733; UID 10137; state: ENABLED
03-06 14:16:56.718 D/EventBus(26148): No subscribers registered for event class com.onyx.common.applications.event.UpdateNotificationCountEvent
03-06 14:16:56.718 D/EventBus(26148): No subscribers registered for event class org.greenrobot.eventbus.NoSubscriberEvent
03-06 14:16:56.721 D/debugOrientation( 1519): ActivityRecord{fe0e73 u0 com.boox.einkdraw/.MainActivity} t1452}  computeOrientation :-1 user set rotation -1
03-06 14:16:56.722 D/CompatibilityInfo( 1519): mCompatibilityFlags - 4
03-06 14:16:56.722 D/Zygote  (  726): Forked child process 29685
03-06 14:16:56.722 D/CompatibilityInfo( 1519): applicationDensity - 300
03-06 14:16:56.722 D/CompatibilityInfo( 1519): applicationScale - 1.0
03-06 14:16:56.724 E/OpenGLRenderer( 1835): Unable to match the desired swap behavior.
03-06 14:16:56.726 I/ActivityManager( 1519): Start proc 29685:com.boox.einkdraw/u0a137 for next-top-activity {com.boox.einkdraw/com.boox.einkdraw.MainActivity}
03-06 14:16:56.728 D/CompatibilityInfo( 1519): mCompatibilityFlags - 4
03-06 14:16:56.728 D/CompatibilityInfo( 1519): applicationDensity - 300
03-06 14:16:56.728 D/CompatibilityInfo( 1519): applicationScale - 1.0
03-06 14:16:56.732 D/CompatibilityInfo( 1519): mCompatibilityFlags - 4
03-06 14:16:56.732 D/CompatibilityInfo( 1519): applicationDensity - 300
03-06 14:16:56.732 D/CompatibilityInfo( 1519): applicationScale - 1.0
03-06 14:16:56.745 D/debugOrientation( 1519): ActivityRecord{fe0e73 u0 com.boox.einkdraw/.MainActivity} t1452}  computeOrientation :-1 user set rotation -1
03-06 14:16:56.755 D/C2SoftVpxEnc(25101): bytes generated 1303
03-06 14:16:56.760 I/m.boox.einkdraw(29685): Late-enabling -Xcheck:jni
03-06 14:16:56.776 D/C2SoftVpxEnc(25101): bytes generated 1302
03-06 14:16:56.785 D/debugOrientation( 1519): ActivityRecord{fe0e73 u0 com.boox.einkdraw/.MainActivity} t1452}  computeOrientation :-1 user set rotation -1
03-06 14:16:56.801 D/C2SoftVpxEnc(25101): bytes generated 6690
03-06 14:16:56.803 I/adbd    (18941): jdwp connection from 29685
03-06 14:16:56.811 D/CompatibilityInfo( 1519): mCompatibilityFlags - 4
03-06 14:16:56.811 D/CompatibilityInfo( 1519): applicationDensity - 300
03-06 14:16:56.811 D/CompatibilityInfo( 1519): applicationScale - 1.0
03-06 14:16:56.830 D/debugOrientation( 1519): ActivityRecord{fe0e73 u0 com.boox.einkdraw/.MainActivity} t1452}  computeOrientation :-1 user set rotation -1
03-06 14:16:56.830 D/debugOrientation( 1519): ActivityRecord{fe0e73 u0 com.boox.einkdraw/.MainActivity} t1452}  computeOrientation :-1 user set rotation -1
03-06 14:16:56.830 D/CompatibilityInfo( 1519): mCompatibilityFlags - 4
03-06 14:16:56.830 D/CompatibilityInfo( 1519): applicationDensity - 300
03-06 14:16:56.830 D/CompatibilityInfo( 1519): applicationScale - 1.0
03-06 14:16:56.869 D/CompatibilityChangeReporter(29685): Compat change id reported: 171979766; UID 10137; state: ENABLED
03-06 14:16:56.892 W/ziparchive(29685): Unable to open '/data/app/~~LpwnhAelQAw8w7G4zXcYkg==/com.boox.einkdraw-aLdKvf6Le0zejCy6XwkTDw==/base.dm': No such file or directory
03-06 14:16:56.893 W/ziparchive(29685): Unable to open '/data/app/~~LpwnhAelQAw8w7G4zXcYkg==/com.boox.einkdraw-aLdKvf6Le0zejCy6XwkTDw==/base.dm': No such file or directory
03-06 14:16:56.897 I/SDM     (  887): update_to_display[1/0] -- marker[57233] waveform_mode = 2, update_mode = 1, Rect[243 1679 1095 158], flags = 1000
03-06 14:16:56.899 D/C2SoftVpxEnc(25101): bytes generated 780
03-06 14:16:56.999 D/C2SoftVpxEnc(25101): bytes generated 536
03-06 14:16:57.062 I/Perf    (29685): Connecting to perf service.
03-06 14:16:57.066 V/GraphicsEnvironment(29685): ANGLE Developer option for 'com.boox.einkdraw' set to: 'default'
03-06 14:16:57.066 V/GraphicsEnvironment(29685): ANGLE GameManagerService for com.boox.einkdraw: false
03-06 14:16:57.067 V/GraphicsEnvironment(29685): Updatable production driver is not supported on the device.
03-06 14:16:57.069 D/NetworkSecurityConfig(29685): Using Network Security Config from resource network_security_config debugBuild: true
03-06 14:16:57.070 D/NetworkSecurityConfig(29685): Using Network Security Config from resource network_security_config debugBuild: true
03-06 14:16:57.089 D/CompatibilityChangeReporter( 1519): Compat change id reported: 161145287; UID 10137; state: DISABLED
03-06 14:16:57.100 D/C2SoftVpxEnc(25101): bytes generated 463
03-06 14:16:57.136 D/AppCompatDelegate(29685): Checking for metadata for AppLocalesMetadataHolderService : Service not found
03-06 14:16:57.182 D/CompatibilityChangeReporter(29685): Compat change id reported: 210923482; UID 10137; state: ENABLED
03-06 14:16:57.200 D/C2SoftVpxEnc(25101): bytes generated 452
03-06 14:16:57.254 I/Benchmark(26148): getAppConfig ---> 1ms
03-06 14:16:57.254 I/RxEACUtils(26148): updateAppDataEACInfo pkgName: com.boox.einkdraw, isAutoFreeze: false, isEACEnabled: true
03-06 14:16:57.255 I/Benchmark(26148): getAppConfig ---> 1ms
03-06 14:16:57.255 I/RxEACUtils(26148): updateAppDataEACInfo pkgName: org.chromium.chrome, isAutoFreeze: false, isEACEnabled: true
03-06 14:16:57.256 I/Benchmark(26148): getAppConfig ---> 1ms
03-06 14:16:57.256 I/RxEACUtils(26148): updateAppDataEACInfo pkgName: com.android.vending, isAutoFreeze: false, isEACEnabled: false
03-06 14:16:57.257 I/Benchmark(26148): getAppConfig ---> 1ms
03-06 14:16:57.257 I/RxEACUtils(26148): updateAppDataEACInfo pkgName: com.android.chrome, isAutoFreeze: false, isEACEnabled: true
03-06 14:16:57.260 D/CompatibilityInfo( 1519): mCompatibilityFlags - 4
03-06 14:16:57.260 D/CompatibilityInfo( 1519): applicationDensity - 300
03-06 14:16:57.260 D/CompatibilityInfo( 1519): applicationScale - 1.0
03-06 14:16:57.265 D/CompatibilityChangeReporter(29685): Compat change id reported: 237531167; UID 10137; state: DISABLED
03-06 14:16:57.267 D/CompatibilityInfo( 1519): mCompatibilityFlags - 4
03-06 14:16:57.267 D/CompatibilityInfo( 1519): applicationDensity - 300
03-06 14:16:57.267 D/CompatibilityInfo( 1519): applicationScale - 1.0
03-06 14:16:57.271 W/Parcel  (29685): Expecting binder but got null!
03-06 14:16:57.275 I/Benchmark(26148): getAppConfig ---> 1ms
03-06 14:16:57.275 I/RxEACUtils(26148): updateAppDataEACInfo pkgName: com.boox.einkdraw, isAutoFreeze: false, isEACEnabled: true
03-06 14:16:57.275 D/CompatibilityInfo( 1519): mCompatibilityFlags - 4
03-06 14:16:57.275 D/CompatibilityInfo( 1519): applicationDensity - 300
03-06 14:16:57.275 D/CompatibilityInfo( 1519): applicationScale - 1.0
03-06 14:16:57.276 I/Benchmark(26148): getAppConfig ---> 1ms
03-06 14:16:57.276 I/RxEACUtils(26148): updateAppDataEACInfo pkgName: org.chromium.chrome, isAutoFreeze: false, isEACEnabled: true
03-06 14:16:57.277 D/CoreBackPreview( 1519): Window{7f28cb u0 com.boox.einkdraw/com.boox.einkdraw.MainActivity}: Setting back callback OnBackInvokedCallbackInfo{mCallback=android.window.IOnBackInvokedCallback$Stub$Proxy@d03efc1, mPriority=0}
03-06 14:16:57.278 I/Benchmark(26148): getAppConfig ---> 2ms
03-06 14:16:57.278 I/RxEACUtils(26148): updateAppDataEACInfo pkgName: com.android.vending, isAutoFreeze: false, isEACEnabled: false
03-06 14:16:57.279 V/ActivityThread(29685): reportTopResumedActivityChanged - > onActivityTopResumed
03-06 14:16:57.279 I/Benchmark(26148): getAppConfig ---> 1ms
03-06 14:16:57.279 I/RxEACUtils(26148): updateAppDataEACInfo pkgName: com.android.chrome, isAutoFreeze: false, isEACEnabled: true
03-06 14:16:57.280 D/CompatibilityInfo( 1519): mCompatibilityFlags - 4
03-06 14:16:57.280 D/CompatibilityInfo( 1519): applicationDensity - 300
03-06 14:16:57.280 D/CompatibilityInfo( 1519): applicationScale - 1.0
03-06 14:16:57.290 E/EpdcManager(  955): DT 128
03-06 14:16:57.294 E/HWEpdcManager(  955): ### EE 1
03-06 14:16:57.297 I/Benchmark(26148): getAppConfig ---> 2ms
03-06 14:16:57.297 I/RxEACUtils(26148): updateAppDataEACInfo pkgName: com.boox.einkdraw, isAutoFreeze: false, isEACEnabled: true
03-06 14:16:57.299 I/Benchmark(26148): getAppConfig ---> 2ms
03-06 14:16:57.299 I/RxEACUtils(26148): updateAppDataEACInfo pkgName: org.chromium.chrome, isAutoFreeze: false, isEACEnabled: true
03-06 14:16:57.300 I/Benchmark(26148): getAppConfig ---> 1ms
03-06 14:16:57.300 I/RxEACUtils(26148): updateAppDataEACInfo pkgName: com.android.vending, isAutoFreeze: false, isEACEnabled: false
03-06 14:16:57.302 I/Benchmark(26148): getAppConfig ---> 1ms
03-06 14:16:57.302 I/RxEACUtils(26148): updateAppDataEACInfo pkgName: com.android.chrome, isAutoFreeze: false, isEACEnabled: true
03-06 14:16:57.302 E/HWEpdcManager(  955): ### EUS, s 4 c 0
03-06 14:16:57.303 D/debugOrientation( 1519): ActivityRecord{fe0e73 u0 com.boox.einkdraw/.MainActivity} t1452}  computeOrientation :-1 user set rotation -1
03-06 14:16:57.306 D/CompatibilityInfo( 1519): mCompatibilityFlags - 4
03-06 14:16:57.306 D/CompatibilityInfo( 1519): applicationDensity - 300
03-06 14:16:57.306 D/CompatibilityInfo( 1519): applicationScale - 1.0
03-06 14:16:57.309 E/HWEpdcManager(  955): ET 5
03-06 14:16:57.311 E/HWEpdcManager(  955): ### AF 10
03-06 14:16:57.313 I/AdrenoGLES-0(29685): QUALCOMM build                   : 0a31cc5b53, I80d2918b26
03-06 14:16:57.313 I/AdrenoGLES-0(29685): Build Date                       : 09/27/23
03-06 14:16:57.313 I/AdrenoGLES-0(29685): OpenGL ES Shader Compiler Version: EV031.32.02.17
03-06 14:16:57.313 I/AdrenoGLES-0(29685): Local Branch                     : 
03-06 14:16:57.313 I/AdrenoGLES-0(29685): Remote Branch                    : 
03-06 14:16:57.313 I/AdrenoGLES-0(29685): Remote Branch                    : 
03-06 14:16:57.313 I/AdrenoGLES-0(29685): Reconstruct Branch               : 
03-06 14:16:57.313 I/AdrenoGLES-0(29685): Build Config                     : S P 10.0.7 AArch64
03-06 14:16:57.313 I/AdrenoGLES-0(29685): Driver Path                      : /vendor/lib64/egl/libGLESv2_adreno.so
03-06 14:16:57.321 D/C2SoftVpxEnc(25101): bytes generated 449
03-06 14:16:57.321 D/EventBus( 2736): No subscribers registered for event class com.onyx.android.sdk.eac.event.EACTopComponentChangedEvent
03-06 14:16:57.321 D/EventBus( 2736): No subscribers registered for event class org.greenrobot.eventbus.NoSubscriberEvent
03-06 14:16:57.322 D/EventBus(26148): No subscribers registered for event class com.onyx.android.sdk.eac.event.EACTopComponentChangedEvent
03-06 14:16:57.322 D/EventBus(26148): No subscribers registered for event class org.greenrobot.eventbus.NoSubscriberEvent
03-06 14:16:57.324 D/CompatibilityInfo( 1519): mCompatibilityFlags - 4
03-06 14:16:57.324 D/CompatibilityInfo( 1519): applicationDensity - 300
03-06 14:16:57.324 D/CompatibilityInfo( 1519): applicationScale - 1.0
03-06 14:16:57.329 I/AdrenoGLES-0(29685): PFP: 0x016ee197, ME: 0x00000000
03-06 14:16:57.332 D/CompatibilityInfo( 1519): mCompatibilityFlags - 4
03-06 14:16:57.332 D/CompatibilityInfo( 1519): applicationDensity - 300
03-06 14:16:57.333 D/CompatibilityInfo( 1519): applicationScale - 1.0
03-06 14:16:57.341 I/Benchmark(26148): getAppConfig ---> 1ms
03-06 14:16:57.341 I/RxEACUtils(26148): updateAppDataEACInfo pkgName: com.boox.einkdraw, isAutoFreeze: false, isEACEnabled: true
03-06 14:16:57.342 D/CompatibilityInfo( 1519): mCompatibilityFlags - 4
03-06 14:16:57.342 D/CompatibilityInfo( 1519): applicationDensity - 300
03-06 14:16:57.342 D/CompatibilityInfo( 1519): applicationScale - 1.0
03-06 14:16:57.348 D/C2SoftVpxEnc(25101): bytes generated 449
03-06 14:16:57.350 I/Benchmark(26148): getAppConfig ---> 9ms
03-06 14:16:57.350 I/RxEACUtils(26148): updateAppDataEACInfo pkgName: org.chromium.chrome, isAutoFreeze: false, isEACEnabled: true
03-06 14:16:57.352 D/CompatibilityInfo( 1519): mCompatibilityFlags - 4
03-06 14:16:57.352 D/CompatibilityInfo( 1519): applicationDensity - 300
03-06 14:16:57.352 D/CompatibilityInfo( 1519): applicationScale - 1.0
03-06 14:16:57.353 I/SDM     (  887): HWCDisplay::GetColorModeCount: Supported color mode count = 1
03-06 14:16:57.353 I/SDM     (  887): HWCDisplay::GetColorModes: Color mode = 0 is supported
03-06 14:16:57.354 I/Benchmark(26148): getAppConfig ---> 4ms
03-06 14:16:57.354 I/RxEACUtils(26148): updateAppDataEACInfo pkgName: com.android.vending, isAutoFreeze: false, isEACEnabled: false
03-06 14:16:57.357 E/OpenGLRenderer(29685): Unable to match the desired swap behavior.
03-06 14:16:57.360 D/CompatibilityInfo( 1519): mCompatibilityFlags - 4
03-06 14:16:57.360 D/CompatibilityInfo( 1519): applicationDensity - 300
03-06 14:16:57.360 D/CompatibilityInfo( 1519): applicationScale - 1.0
03-06 14:16:57.360 I/Benchmark(26148): getAppConfig ---> 6ms
03-06 14:16:57.360 I/RxEACUtils(26148): updateAppDataEACInfo pkgName: com.android.chrome, isAutoFreeze: false, isEACEnabled: true
03-06 14:16:57.363 I/servicemanager(  575): Could not find android.hardware.graphics.allocator.IAllocator/default in the VINTF manifest.
03-06 14:16:57.374 D/C2SoftVpxEnc(25101): bytes generated 449
03-06 14:16:57.377 D/CompatibilityInfo( 1519): mCompatibilityFlags - 4
03-06 14:16:57.377 D/CompatibilityInfo( 1519): applicationDensity - 300
03-06 14:16:57.377 D/CompatibilityInfo( 1519): applicationScale - 1.0
03-06 14:16:57.382 D/CompatibilityInfo( 1519): mCompatibilityFlags - 4
03-06 14:16:57.382 D/CompatibilityInfo( 1519): applicationDensity - 300
03-06 14:16:57.382 D/CompatibilityInfo( 1519): applicationScale - 1.0
03-06 14:16:57.387 D/CompatibilityInfo( 1519): mCompatibilityFlags - 4
03-06 14:16:57.387 D/CompatibilityInfo( 1519): applicationDensity - 300
03-06 14:16:57.387 D/CompatibilityInfo( 1519): applicationScale - 1.0
03-06 14:16:57.391 D/C2SoftVpxEnc(25101): bytes generated 449
03-06 14:16:57.402 D/CompatibilityInfo( 1519): mCompatibilityFlags - 4
03-06 14:16:57.402 D/CompatibilityInfo( 1519): applicationDensity - 300
03-06 14:16:57.402 D/CompatibilityInfo( 1519): applicationScale - 1.0
03-06 14:16:57.405 D/CompatibilityInfo( 1519): mCompatibilityFlags - 4
03-06 14:16:57.405 D/CompatibilityInfo( 1519): applicationDensity - 300
03-06 14:16:57.405 D/CompatibilityInfo( 1519): applicationScale - 1.0
03-06 14:16:57.409 D/CompatibilityInfo( 1519): mCompatibilityFlags - 4
03-06 14:16:57.409 D/CompatibilityInfo( 1519): applicationDensity - 300
03-06 14:16:57.409 D/CompatibilityInfo( 1519): applicationScale - 1.0
03-06 14:16:57.411 D/CompatibilityInfo( 1519): mCompatibilityFlags - 4
03-06 14:16:57.411 D/CompatibilityInfo( 1519): applicationDensity - 300
03-06 14:16:57.411 D/CompatibilityInfo( 1519): applicationScale - 1.0
03-06 14:16:57.416 D/CompatibilityInfo( 1519): mCompatibilityFlags - 4
03-06 14:16:57.416 D/CompatibilityInfo( 1519): applicationDensity - 300
03-06 14:16:57.416 D/CompatibilityInfo( 1519): applicationScale - 1.0
03-06 14:16:57.419 D/CompatibilityInfo( 1519): mCompatibilityFlags - 4
03-06 14:16:57.419 D/CompatibilityInfo( 1519): applicationDensity - 300
03-06 14:16:57.419 D/CompatibilityInfo( 1519): applicationScale - 1.0
03-06 14:16:57.423 D/CompatibilityInfo( 1519): mCompatibilityFlags - 4
03-06 14:16:57.423 D/CompatibilityInfo( 1519): applicationDensity - 300
03-06 14:16:57.423 D/CompatibilityInfo( 1519): applicationScale - 1.0
03-06 14:16:57.457 W/ziparchive( 1519): Unable to open '/data/app/~~LpwnhAelQAw8w7G4zXcYkg==/com.boox.einkdraw-aLdKvf6Le0zejCy6XwkTDw==/base.dm': No such file or directory
03-06 14:16:57.459 I/ActivityNotifier( 1519): DynamicDDS service disabled
03-06 14:16:57.462 I/ActivityTaskManager( 1519): Displayed com.boox.einkdraw/.MainActivity: +785ms
03-06 14:16:57.464 I/TabletMainActivity(26148): onStop--------------
03-06 14:16:57.464 D/EventBus(26148): No subscribers registered for event class com.onyx.android.sdk.kui.event.FileSelectorDialogDismissEvent
03-06 14:16:57.464 D/EventBus(26148): No subscribers registered for event class org.greenrobot.eventbus.NoSubscriberEvent
03-06 14:16:57.477 D/NotificationShadeWindowController( 1835): NotificationShadeWindowControllerImpl visible:false  forceWindowCollapsedfalse  (isKeyguardShowingAndNotOccluded:false  panelVisible:false  keyguardFadingAway:false  bouncerShowing:false  headsUpNotificationShowing:false  scrimsVisibility:false)   backgroundBlurRadius > 0:false  launchingActivityFromNotification:false
03-06 14:16:57.488 D/C2SoftVpxEnc(25101): bytes generated 449
03-06 14:16:57.492 D/debugOrientation( 1519): ActivityRecord{fe0e73 u0 com.boox.einkdraw/.MainActivity} t1452}  computeOrientation :-1 user set rotation -1
03-06 14:16:57.493 D/CompatibilityChangeReporter( 1519): Compat change id reported: 214016041; UID 10137; state: ENABLED
03-06 14:16:57.494 D/CoreBackPreview( 1519): Window{1211ecf u0 Splash Screen com.boox.einkdraw EXITING}: Setting back callback null
03-06 14:16:57.496 W/InputManager-JNI( 1519): Input channel object '1211ecf Splash Screen com.boox.einkdraw (client)' was disposed without first being removed with the input manager!
03-06 14:16:57.497 W/MainKeyboardView( 3327): Cannot find android.R.id.content view to add PreviewPlacerView
03-06 14:16:57.540 D/C2SoftVpxEnc(25101): bytes generated 449
03-06 14:16:57.546 I/SDM     (  887): update_to_display[1/0] -- marker[57239] waveform_mode = 2, update_mode = 1, Rect[243 1679 1095 158], flags = 20
03-06 14:16:57.558 D/C2SoftVpxEnc(25101): bytes generated 587
03-06 14:16:57.582 D/C2SoftVpxEnc(25101): bytes generated 602
03-06 14:16:57.608 D/C2SoftVpxEnc(25101): bytes generated 562
03-06 14:16:57.697 W/MainKeyboardView( 3327): Cannot find android.R.id.content view to add PreviewPlacerView
03-06 14:16:57.712 D/C2SoftVpxEnc(25101): bytes generated 562
03-06 14:16:57.778 I/BtGatt.ScanManager(28663): msg.what = 6
03-06 14:16:57.780 I/FontLog (13078): (REDACTED) Received query %s, URI %s
03-06 14:16:57.780 I/FontLog (13078): (REDACTED) Query [%s] resolved to %s
03-06 14:16:57.781 I/FontLog (13078): (REDACTED) Fetch %s end status %s
03-06 14:16:57.785 I/FontLog (13078): (REDACTED) Pulling font file for id = %d, cache size = %d
03-06 14:16:57.789 I/FontLog (13078): (REDACTED) Pulling font file for id = %d, cache size = %d
03-06 14:16:57.812 D/C2SoftVpxEnc(25101): bytes generated 562
03-06 14:16:57.913 D/C2SoftVpxEnc(25101): bytes generated 562
03-06 14:16:57.970 W/.onyx.appmarket( 5060): Reducing the number of considered missed Gc histogram windows from 222 to 100
03-06 14:16:58.015 D/C2SoftVpxEnc(25101): bytes generated 562
03-06 14:16:58.115 D/C2SoftVpxEnc(25101): bytes generated 562
03-06 14:16:58.216 D/C2SoftVpxEnc(25101): bytes generated 561
03-06 14:16:58.318 D/C2SoftVpxEnc(25101): bytes generated 562
03-06 14:16:58.419 D/C2SoftVpxEnc(25101): bytes generated 562
03-06 14:16:58.521 D/C2SoftVpxEnc(25101): bytes generated 562
03-06 14:16:58.622 D/C2SoftVpxEnc(25101): bytes generated 562
03-06 14:16:58.808 D/PowerUI ( 1835): can't show warning due to - plugged: true status unknown: false
03-06 14:16:58.887 D/CCodecBufferChannel(26105): [c2.android.vp8.encoder#26] DEBUG: elapsed: n=4 [in=0 pipeline=0 out=0]
03-06 14:16:58.887 D/PipelineWatcher(26105): DEBUG: elapsed 0 / 4
03-06 14:16:58.913 D/C2SoftVpxEnc(25101): bytes generated 562
03-06 14:16:59.003 D/C2SoftVpxEnc(25101): bytes generated 562
03-06 14:16:59.096 I/MouseCursorController( 1519): Pointer Action: fade, transition=IMMEDIATE, pointerAlpha=0.000000
03-06 14:16:59.096 I/MouseCursorController( 1519): handle updatePointerLocked(): pointerAlpha=0.000000, pointerVisible=0
03-06 14:16:59.096 I/MouseCursorController( 1519): hide sprite
03-06 14:16:59.096 I/Sprites ( 1519): SpriteImpl::setAlpha(0.000000), origin alpha=0.000000
03-06 14:16:59.104 D/C2SoftVpxEnc(25101): bytes generated 561
03-06 14:16:59.220 D/C2SoftVpxEnc(25101): bytes generated 562
03-06 14:16:59.250 W/ANDR-PERF-LM(  895): FeatureState: readState() 151: warning: appName is NULL, returning default State
03-06 14:16:59.251 W/ANDR-PERF-LM(  895): FeatureState: readState() 151: warning: appName is NULL, returning default State
03-06 14:16:59.312 D/C2SoftVpxEnc(25101): bytes generated 562
03-06 14:16:59.361 E/InputEventReceiver(29685): Exception dispatching input event.
03-06 14:16:59.361 F/m.boox.einkdraw(29685): java_vm_ext.cc:594] JNI DETECTED ERROR IN APPLICATION: JNI CallVoidMethodV called with pending exception java.lang.IllegalArgumentException: INVALID_ARGUMENT: All inputs must report the same value of `stroke_unit_length`. Got 0.0833463cm and 0.0912177cm
03-06 14:16:59.361 F/m.boox.einkdraw(29685): java_vm_ext.cc:594]   at boolean androidx.ink.strokes.InProgressStrokeNative.enqueueInputs(long, long, long) (InProgressStroke.kt:-2)
03-06 14:16:59.361 F/m.boox.einkdraw(29685): java_vm_ext.cc:594]   at void androidx.ink.strokes.InProgressStroke.enqueueInputs(androidx.ink.strokes.StrokeInputBatch, androidx.ink.strokes.StrokeInputBatch) (InProgressStroke.kt:136)
03-06 14:16:59.361 F/m.boox.einkdraw(29685): java_vm_ext.cc:594]   at void com.boox.einkdraw.DrawingView.addInkPoint(float, float, float, long) (DrawingView.kt:396)
03-06 14:16:59.361 F/m.boox.einkdraw(29685): java_vm_ext.cc:594]   at void com.boox.einkdraw.DrawingView.drawSegment(float, float, float, float, float, float) (DrawingView.kt:358)
03-06 14:16:59.361 F/m.boox.einkdraw(29685): java_vm_ext.cc:594]   at boolean com.boox.einkdraw.DrawingView.onTouchEvent(android.view.MotionEvent) (DrawingView.kt:202)
03-06 14:16:59.361 F/m.boox.einkdraw(29685): java_vm_ext.cc:594]   at boolean android.view.View.dispatchTouchEvent(android.view.MotionEvent) (View.java:15097)
03-06 14:16:59.361 F/m.boox.einkdraw(29685): java_vm_ext.cc:594]   at boolean android.view.ViewGroup.dispatchTransformedTouchEvent(android.view.MotionEvent, boolean, android.view.View, int) (ViewGroup.java:3123)
03-06 14:16:59.361 F/m.boox.einkdraw(29685): java_vm_ext.cc:594]   at boolean android.view.ViewGroup.dispatchTouchEvent(android.view.MotionEvent) (ViewGroup.java:2803)
03-06 14:16:59.361 F/m.boox.einkdraw(29685): java_vm_ext.cc:594]   at boolean android.view.ViewGroup.dispatchTransformedTouchEvent(android.view.MotionEvent, boolean, android.view.View, int) (ViewGroup.java:3123)
03-06 14:16:59.361 F/m.boox.einkdraw(29685): java_vm_ext.cc:594]   at boolean android.view.ViewGroup.dispatchTouchEvent(android.view.MotionEvent) (ViewGroup.java:2803)
03-06 14:16:59.361 F/m.boox.einkdraw(29685): java_vm_ext.cc:594]   at boolean android.view.ViewGroup.dispatchTransformedTouchEvent(android.view.MotionEvent, boolean, android.view.View, int) (ViewGroup.java:3123)
03-06 14:16:59.361 F/m.boox.einkdraw(29685): java_vm_ext.cc:594]   at boolean android.view.ViewGroup.dispatchTouchEvent(android.view.MotionEvent) (ViewGroup.java:2803)
03-06 14:16:59.361 F/m.boox.einkdraw(29685): java_vm_ext.cc:594]   at boolean android.view.ViewGroup.dispatchTransformedTouchEvent(android.view.MotionEvent, boolean, android.view.View, int) (ViewGroup.java:3123)
03-06 14:16:59.361 F/m.boox.einkdraw(29685): java_vm_ext.cc:594]   at boolean android.view.ViewGroup.dispatchTouchEvent(android.view.MotionEvent) (ViewGroup.java:2803)
03-06 14:16:59.361 F/m.boox.einkdraw(29685): java_vm_ext.cc:594]   at boolean android.view.ViewGroup.dispatchTransformedTouchEvent(android.view.MotionEvent, boolean, android.view.View, int) (ViewGroup.java:3123)
03-06 14:16:59.361 F/m.boox.einkdraw(29685): java_vm_ext.cc:594]   at boolean android.view.ViewGroup.dispatchTouchEvent(android.view.MotionEvent) (ViewGroup.java:2803)
03-06 14:16:59.361 F/m.boox.einkdraw(29685): java_vm_ext.cc:594]   at boolean android.view.ViewGroup.dispatchTransformedTouchEvent(android.view.MotionEvent, boolean, android.view.View, int) (ViewGroup.java:3123)
03-06 14:16:59.361 F/m.boox.einkdraw(29685): java_vm_ext.cc:594]   at boolean android.view.ViewGroup.dispatchTouchEvent(android.view.MotionEvent) (ViewGroup.java:2803)
03-06 14:16:59.361 F/m.boox.einkdraw(29685): java_vm_ext.cc:594]   at boolean android.view.ViewGroup.dispatchTransformedTouchEvent(android.view.MotionEvent, boolean, android.view.View, int) (ViewGroup.java:3123)
03-06 14:16:59.361 F/m.boox.einkdraw(29685): java_vm_ext.cc:594]   at boolean android.view.ViewGroup.dispatchTouchEvent(android.view.MotionEvent) (ViewGroup.java:2803)
03-06 14:16:59.361 F/m.boox.einkdraw(29685): java_vm_ext.cc:594]   at boolean com.android.internal.policy.DecorView.superDispatchTouchEvent(android.view.MotionEvent) (DecorView.java:507)
03-06 14:16:59.361 F/m.boox.einkdraw(29685): java_vm_ext.cc:594]   at boolean com.android.internal.policy.PhoneWindow.superDispatchTouchEvent(android.view.MotionEvent) (PhoneWindow.java:1916)
03-06 14:16:59.361 F/m.boox.einkdraw(29685): java_vm_ext.cc:594]   at boolean android.app.Activity.dispatchTouchEvent(android.view.MotionEvent) (Activity.java:4299)
03-06 14:16:59.361 F/m.boox.einkdraw(29685): java_vm_ext.cc:594]   at boolean androidx.appcompat.view.WindowCallbackWrapper.dispatchTouchEvent(android.view.MotionEvent) (WindowCallbackWrapper.java:69)
03-06 14:16:59.361 F/m.boox.einkdraw(29685): java_vm_ext.cc:594]   at boolean com.android.internal.policy.DecorView.dispatchTouchEvent(android.view.MotionEvent) (DecorView.java:465)
03-06 14:16:59.361 F/m.boox.einkdraw(29685): java_vm_ext.cc:594]   at boolean android.view.View.dispatchPointerEvent(android.view.MotionEvent) (View.java:15359)
03-06 14:16:59.361 F/m.boox.einkdraw(29685): java_vm_ext.cc:594]   at int android.view.ViewRootImpl$ViewPostImeInputStage.processPointerEvent(android.view.ViewRootImpl$QueuedInputEvent) (ViewRootImpl.java:6846)
03-06 14:16:59.361 F/m.boox.einkdraw(29685): java_vm_ext.cc:594]   at int android.view.ViewRootImpl$ViewPostImeInputStage.onProcess(android.view.ViewRootImpl$QueuedInputEvent) (ViewRootImpl.java:6646)
03-06 14:16:59.361 F/m.boox.einkdraw(29685): java_vm_ext.cc:594]   at void android.view.ViewRootImpl$InputStage.deliver(android.view.ViewRootImpl$QueuedInputEvent) (ViewRootImpl.java:6102)
03-06 14:16:59.361 F/m.boox.einkdraw(29685): java_vm_ext.cc:594]   at void android.view.ViewRootImpl$InputStage.onDeliverToNext(android.view.ViewRootImpl$QueuedInputEvent) (ViewRootImpl.java:6159)
03-06 14:16:59.361 F/m.boox.einkdraw(29685): java_vm_ext.cc:594]   at void android.view.ViewRootImpl$InputStage.forward(android.view.ViewRootImpl$QueuedInputEvent) (ViewRootImpl.java:6125)
03-06 14:16:59.361 F/m.boox.einkdraw(29685): java_vm_ext.cc:594]   at void android.view.ViewRootImpl$AsyncInputStage.forward(android.view.ViewRootImpl$QueuedInputEvent) (ViewRootImpl.java:6290)
03-06 14:16:59.361 F/m.boox.einkdraw(29685): java_vm_ext.cc:594]   at void android.view.ViewRootImpl$InputStage.apply(android.view.ViewRootImpl$QueuedInputEvent, int) (ViewRootImpl.java:6133)
03-06 14:16:59.361 F/m.boox.einkdraw(29685): java_vm_ext.cc:594]   at void android.view.ViewRootImpl$AsyncInputStage.apply(android.view.ViewRootImpl$QueuedInputEvent, int) (ViewRootImpl.java:6347)
03-06 14:16:59.361 F/m.boox.einkdraw(29685): java_vm_ext.cc:594]   at void android.view.ViewRootImpl$InputStage.deliver(android.view.ViewRootImpl$QueuedInputEvent) (ViewRootImpl.java:6106)
03-06 14:16:59.361 F/m.boox.einkdraw(29685): java_vm_ext.cc:594]   at void android.view.ViewRootImpl$InputStage.onDeliverToNext(android.view.ViewRootImpl$QueuedInputEvent) (ViewRootImpl.java:6159)
03-06 14:16:59.361 F/m.boox.einkdraw(29685): java_vm_ext.cc:594]   at void android.view.ViewRootImpl$InputStage.forward(android.view.ViewRootImpl$QueuedInputEvent) (ViewRootImpl.java:6125)
03-06 14:16:59.361 F/m.boox.einkdraw(29685): java_vm_ext.cc:594]   at void android.view.ViewRootImpl$InputStage.apply(android.view.ViewRootImpl$QueuedInputEvent, int) (ViewRootImpl.java:6133)
03-06 14:16:59.361 F/m.boox.einkdraw(29685): java_vm_ext.cc:594]   at void android.view.ViewRootImpl$InputStage.deliver(android.view.ViewRootImpl$QueuedInputEvent) (ViewRootImpl.java:6106)
03-06 14:16:59.361 F/m.boox.einkdraw(29685): java_vm_ext.cc:594]   at void android.view.ViewRootImpl.deliverInputEvent(android.view.ViewRootImpl$QueuedInputEvent) (ViewRootImpl.java:9307)
03-06 14:16:59.361 F/m.boox.einkdraw(29685): java_vm_ext.cc:594]   at void android.view.ViewRootImpl.doProcessInputEvents() (ViewRootImpl.java:9258)
03-06 14:16:59.361 F/m.boox.einkdraw(29685): java_vm_ext.cc:594]   at void android.view.ViewRootImpl.enqueueInputEvent(android.view.InputEvent, android.view.InputEventReceiver, int, boolean) (ViewRootImpl.java:9202)
03-06 14:16:59.361 F/m.boox.einkdraw(29685): java_vm_ext.cc:594]   at void android.view.ViewRootImpl$WindowInputEventReceiver.onInputEvent(android.view.InputEvent) (ViewRootImpl.java:9430)
03-06 14:16:59.361 F/m.boox.einkdraw(29685): java_vm_ext.cc:594]   at void android.view.InputEventReceiver.dispatchInputEvent(int, android.view.InputEvent) (InputEventReceiver.java:268)
03-06 14:16:59.361 F/m.boox.einkdraw(29685): java_vm_ext.cc:594]   at boolean android.view.InputEventReceiver.nativeConsumeBatchedInputEvents(long, long) (InputEventReceiver.java:-2)
03-06 14:16:59.361 F/m.boox.einkdraw(29685): java_vm_ext.cc:594]   at boolean android.view.InputEventReceiver.consumeBatchedInputEvents(long) (InputEventReceiver.java:248)
03-06 14:16:59.361 F/m.boox.einkdraw(29685): java_vm_ext.cc:594]   at boolean android.view.ViewRootImpl.doConsumeBatchedInput(long) (ViewRootImpl.java:9387)
03-06 14:16:59.361 F/m.boox.einkdraw(29685): java_vm_ext.cc:594]   at void android.view.ViewRootImpl$ConsumeBatchedInputRunnable.run() (ViewRootImpl.java:9521)
03-06 14:16:59.361 F/m.boox.einkdraw(29685): java_vm_ext.cc:594]   at void android.view.Choreographer$CallbackRecord.run(long) (Choreographer.java:1319)
03-06 14:16:59.361 F/m.boox.einkdraw(29685): java_vm_ext.cc:594]   at void android.view.Choreographer$CallbackRecord.run(android.view.Choreographer$FrameData) (Choreographer.java:1327)
03-06 14:16:59.361 F/m.boox.einkdraw(29685): java_vm_ext.cc:594]   at void android.view.Choreographer.doCallbacks(int, android.view.Choreographer$FrameData, long) (Choreographer.java:985)
03-06 14:16:59.361 F/m.boox.einkdraw(29685): java_vm_ext.cc:594]   at void android.view.Choreographer.doFrame(long, int, android.view.DisplayEventReceiver$VsyncEventData) (Choreographer.java:908)
03-06 14:16:59.361 F/m.boox.einkdraw(29685): java_vm_ext.cc:594]   at void android.view.Choreographer$FrameDisplayEventReceiver.run() (Choreographer.java:1302)
03-06 14:16:59.361 F/m.boox.einkdraw(29685): java_vm_ext.cc:594]   at void android.os.Handler.handleCallback(android.os.Message) (Handler.java:942)
03-06 14:16:59.361 F/m.boox.einkdraw(29685): java_vm_ext.cc:594]   at void android.os.Handler.dispatchMessage(android.os.Message) (Handler.java:99)
03-06 14:16:59.361 F/m.boox.einkdraw(29685): java_vm_ext.cc:594]   at boolean android.os.Looper.loopOnce(android.os.Looper, long, int) (Looper.java:201)
03-06 14:16:59.361 F/m.boox.einkdraw(29685): java_vm_ext.cc:594]   at void android.os.Looper.loop() (Looper.java:288)
03-06 14:16:59.361 F/m.boox.einkdraw(29685): java_vm_ext.cc:594]   at void android.app.ActivityThread.main(java.lang.String[]) (ActivityThread.java:8048)
03-06 14:16:59.361 F/m.boox.einkdraw(29685): java_vm_ext.cc:594]   at java.lang.Object java.lang.reflect.Method.invoke(java.lang.Object, java.lang.Object[]) (Method.java:-2)
03-06 14:16:59.361 F/m.boox.einkdraw(29685): java_vm_ext.cc:594]   at void com.android.internal.os.RuntimeInit$MethodAndArgsCaller.run() (RuntimeInit.java:548)
03-06 14:16:59.361 F/m.boox.einkdraw(29685): java_vm_ext.cc:594]   at void com.android.internal.os.ZygoteInit.main(java.lang.String[]) (ZygoteInit.java:942)
03-06 14:16:59.361 F/m.boox.einkdraw(29685): java_vm_ext.cc:594] 
03-06 14:16:59.361 F/m.boox.einkdraw(29685): java_vm_ext.cc:594]     in call to CallVoidMethodV
03-06 14:16:59.361 F/m.boox.einkdraw(29685): java_vm_ext.cc:594]     from boolean android.view.InputEventReceiver.nativeConsumeBatchedInputEvents(long, long)
03-06 14:16:59.397 D/C2SoftVpxEnc(25101): bytes generated 562
03-06 14:16:59.430 E/ANDR-PERF-LM(  895): DependentServices: getServices() 97: Service Tracker HAL could not find Client Connections
03-06 14:16:59.476 F/m.boox.einkdraw(29685): runtime.cc:675] Runtime aborting...
03-06 14:16:59.476 F/m.boox.einkdraw(29685): runtime.cc:675] Dumping all threads without mutator lock held
03-06 14:16:59.476 F/m.boox.einkdraw(29685): runtime.cc:675] All threads:
03-06 14:16:59.476 F/m.boox.einkdraw(29685): runtime.cc:675] DALVIK THREADS (25):
03-06 14:16:59.476 F/m.boox.einkdraw(29685): runtime.cc:675] "main" prio=10 tid=1 Runnable
03-06 14:16:59.476 F/m.boox.einkdraw(29685): runtime.cc:675]   | group="" sCount=0 ucsCount=0 flags=0 obj=0x72630a48 self=0xb4000077aade8380
03-06 14:16:59.476 F/m.boox.einkdraw(29685): runtime.cc:675]   | sysTid=29685 nice=-10 cgrp=default sched=0/0 handle=0x794c3a14f8
03-06 14:16:59.476 F/m.boox.einkdraw(29685): runtime.cc:675]   | state=R schedstat=( 602213694 27096096 262 ) utm=53 stm=6 core=7 HZ=100
03-06 14:16:59.476 F/m.boox.einkdraw(29685): runtime.cc:675]   | stack=0x7ff6b36000-0x7ff6b38000 stackSize=8188KB
03-06 14:16:59.476 F/m.boox.einkdraw(29685): runtime.cc:675]   | held mutexes= "abort lock" "mutator lock"(shared held)
03-06 14:16:59.476 F/m.boox.einkdraw(29685): runtime.cc:675]   native: #00 pc 000000000055fdcc  /apex/com.android.art/lib64/libart.so (art::DumpNativeStack(std::__1::basic_ostream<char, std::__1::char_traits<char> >&, int, BacktraceMap*, char const*, art::ArtMethod*, void*, bool)+152) (BuildId: 3fdfb8b8ec5407af450c28a00ba584a8)
03-06 14:16:59.476 F/m.boox.einkdraw(29685): runtime.cc:675]   native: #01 pc 0000000000661680  /apex/com.android.art/lib64/libart.so (art::Thread::DumpStack(std::__1::basic_ostream<char, std::__1::char_traits<char> >&, bool, BacktraceMap*, bool) const+344) (BuildId: 3fdfb8b8ec5407af450c28a00ba584a8)
03-06 14:16:59.476 F/m.boox.einkdraw(29685): runtime.cc:675]   native: #02 pc 000000000067ea9c  /apex/com.android.art/lib64/libart.so (art::DumpCheckpoint::Run(art::Thread*)+912) (BuildId: 3fdfb8b8ec5407af450c28a00ba584a8)
03-06 14:16:59.476 F/m.boox.einkdraw(29685): runtime.cc:675]   native: #03 pc 0000000000678914  /apex/com.android.art/lib64/libart.so (art::ThreadList::RunCheckpoint(art::Closure*, art::Closure*)+508) (BuildId: 3fdfb8b8ec5407af450c28a00ba584a8)
03-06 14:16:59.476 F/m.boox.einkdraw(29685): runtime.cc:675]   native: #04 pc 0000000000677be0  /apex/com.android.art/lib64/libart.so (art::ThreadList::Dump(std::__1::basic_ostream<char, std::__1::char_traits<char> >&, bool)+1824) (BuildId: 3fdfb8b8ec5407af450c28a00ba584a8)
03-06 14:16:59.476 F/m.boox.einkdraw(29685): runtime.cc:675]   native: #05 pc 000000000062df8c  /apex/com.android.art/lib64/libart.so (art::AbortState::Dump(std::__1::basic_ostream<char, std::__1::char_traits<char> >&) const+216) (BuildId: 3fdfb8b8ec5407af450c28a00ba584a8)
03-06 14:16:59.476 F/m.boox.einkdraw(29685): runtime.cc:675]   native: #06 pc 0000000000618774  /apex/com.android.art/lib64/libart.so (art::Runtime::Abort(char const*)+1272) (BuildId: 3fdfb8b8ec5407af450c28a00ba584a8)
03-06 14:16:59.476 F/m.boox.einkdraw(29685): runtime.cc:675]   native: #07 pc 0000000000017114  /system/lib64/libbase.so (android::base::SetAborter(std::__1::function<void (char const*)>&&)::$_3::__invoke(char const*)+84) (BuildId: ef369bfbad96b532c6d8e0b144a68b96)
03-06 14:16:59.476 F/m.boox.einkdraw(29685): runtime.cc:675]   native: #08 pc 0000000000016648  /system/lib64/libbase.so (android::base::LogMessage::~LogMessage()+356) (BuildId: ef369bfbad96b532c6d8e0b144a68b96)
03-06 14:16:59.476 F/m.boox.einkdraw(29685): runtime.cc:675]   native: #09 pc 0000000000455950  /apex/com.android.art/lib64/libart.so (art::JavaVMExt::JniAbort(char const*, char const*)+2368) (BuildId: 3fdfb8b8ec5407af450c28a00ba584a8)
03-06 14:16:59.476 F/m.boox.einkdraw(29685): runtime.cc:675]   native: #10 pc 00000000004559cc  /apex/com.android.art/lib64/libart.so (art::JavaVMExt::JniAbortV(char const*, char const*, std::__va_list)+112) (BuildId: 3fdfb8b8ec5407af450c28a00ba584a8)
03-06 14:16:59.476 F/m.boox.einkdraw(29685): runtime.cc:675]   native: #11 pc 0000000000447dcc  /apex/com.android.art/lib64/libart.so (art::(anonymous namespace)::ScopedCheck::AbortF(char const*, ...)+148) (BuildId: 3fdfb8b8ec5407af450c28a00ba584a8)
03-06 14:16:59.476 F/m.boox.einkdraw(29685): runtime.cc:675]   native: #12 pc 00000000004464f8  /apex/com.android.art/lib64/libart.so (art::(anonymous namespace)::ScopedCheck::CheckPossibleHeapValue(art::ScopedObjectAccess&, char, art::(anonymous namespace)::JniValueType)+3240) (BuildId: 3fdfb8b8ec5407af450c28a00ba584a8)
03-06 14:16:59.476 F/m.boox.einkdraw(29685): runtime.cc:675]   native: #13 pc 000000000044519c  /apex/com.android.art/lib64/libart.so (art::(anonymous namespace)::ScopedCheck::Check(art::ScopedObjectAccess&, bool, char const*, art::(anonymous namespace)::JniValueType*)+796) (BuildId: 3fdfb8b8ec5407af450c28a00ba584a8)
03-06 14:16:59.476 F/m.boox.einkdraw(29685): runtime.cc:675]   native: #14 pc 000000000044a950  /apex/com.android.art/lib64/libart.so (art::(anonymous namespace)::CheckJNI::CheckCallArgs(art::ScopedObjectAccess&, art::(anonymous namespace)::ScopedCheck&, _JNIEnv*, _jobject*, _jclass*, _jmethodID*, art::InvokeType, art::(anonymous namespace)::VarArgs const*)+140) (BuildId: 3fdfb8b8ec5407af450c28a00ba584a8)
03-06 14:16:59.476 F/m.boox.einkdraw(29685): runtime.cc:675]   native: #15 pc 000000000044990c  /apex/com.android.art/lib64/libart.so (art::(anonymous namespace)::CheckJNI::CallMethodV(char const*, _JNIEnv*, _jobject*, _jclass*, _jmethodID*, std::__va_list, art::Primitive::Type, art::InvokeType)+688) (BuildId: 3fdfb8b8ec5407af450c28a00ba584a8)
03-06 14:16:59.476 F/m.boox.einkdraw(29685): runtime.cc:675]   native: #16 pc 0000000000438b74  /apex/com.android.art/lib64/libart.so (art::(anonymous namespace)::CheckJNI::CallVoidMethodV(_JNIEnv*, _jobject*, _jmethodID*, std::__va_list) (.llvm.10757010741938237245)+76) (BuildId: 3fdfb8b8ec5407af450c28a00ba584a8)
03-06 14:16:59.476 F/m.boox.einkdraw(29685): runtime.cc:675]   native: #17 pc 00000000000bd620  /system/lib64/libandroid_runtime.so (_JNIEnv::CallVoidMethod(_jobject*, _jmethodID*, ...)+124) (BuildId: d9436f7477e48ee41dec0723a1dbb544)
