03-06 14:16:59.476 F/m.boox.einkdraw(29685): runtime.cc:683]   at void android.view.ViewRootImpl$InputStage.forward(android.view.ViewRootImpl$QueuedInputEvent) (ViewRootImpl.java:6125)
03-06 14:16:59.476 F/m.boox.einkdraw(29685): runtime.cc:683]   at void android.view.ViewRootImpl$InputStage.apply(android.view.ViewRootImpl$QueuedInputEvent, int) (ViewRootImpl.java:6133)
03-06 14:16:59.476 F/m.boox.einkdraw(29685): runtime.cc:683]   at void android.view.ViewRootImpl$InputStage.deliver(android.view.ViewRootImpl$QueuedInputEvent) (ViewRootImpl.java:6106)
03-06 14:16:59.476 F/m.boox.einkdraw(29685): runtime.cc:683]   at void android.view.ViewRootImpl.deliverInputEvent(android.view.ViewRootImpl$QueuedInputEvent) (ViewRootImpl.java:9307)
03-06 14:16:59.476 F/m.boox.einkdraw(29685): runtime.cc:683]   at void android.view.ViewRootImpl.doProcessInputEvents() (ViewRootImpl.java:9258)
03-06 14:16:59.476 F/m.boox.einkdraw(29685): runtime.cc:683]   at void android.view.ViewRootImpl.enqueueInputEvent(android.view.InputEvent, android.view.InputEventReceiver, int, boolean) (ViewRootImpl.java:9202)
03-06 14:16:59.476 F/m.boox.einkdraw(29685): runtime.cc:683]   at void android.view.ViewRootImpl$WindowInputEventReceiver.onInputEvent(android.view.InputEvent) (ViewRootImpl.java:9430)
03-06 14:16:59.476 F/m.boox.einkdraw(29685): runtime.cc:683]   at void android.view.InputEventReceiver.dispatchInputEvent(int, android.view.InputEvent) (InputEventReceiver.java:268)
03-06 14:16:59.476 F/m.boox.einkdraw(29685): runtime.cc:683]   at boolean android.view.InputEventReceiver.nativeConsumeBatchedInputEvents(long, long) (InputEventReceiver.java:-2)
03-06 14:16:59.476 F/m.boox.einkdraw(29685): runtime.cc:683]   at boolean android.view.InputEventReceiver.consumeBatchedInputEvents(long) (InputEventReceiver.java:248)
03-06 14:16:59.476 F/m.boox.einkdraw(29685): runtime.cc:683]   at boolean android.view.ViewRootImpl.doConsumeBatchedInput(long) (ViewRootImpl.java:9387)
03-06 14:16:59.476 F/m.boox.einkdraw(29685): runtime.cc:683]   at void android.view.ViewRootImpl$ConsumeBatchedInputRunnable.run() (ViewRootImpl.java:9521)
03-06 14:16:59.476 F/m.boox.einkdraw(29685): runtime.cc:683]   at void android.view.Choreographer$CallbackRecord.run(long) (Choreographer.java:1319)
03-06 14:16:59.476 F/m.boox.einkdraw(29685): runtime.cc:683]   at void android.view.Choreographer$CallbackRecord.run(android.view.Choreographer$FrameData) (Choreographer.java:1327)
03-06 14:16:59.476 F/m.boox.einkdraw(29685): runtime.cc:683]   at void android.view.Choreographer.doCallbacks(int, android.view.Choreographer$FrameData, long) (Choreographer.java:985)
03-06 14:16:59.476 F/m.boox.einkdraw(29685): runtime.cc:683]   at void android.view.Choreographer.doFrame(long, int, android.view.DisplayEventReceiver$VsyncEventData) (Choreographer.java:908)
03-06 14:16:59.476 F/m.boox.einkdraw(29685): runtime.cc:683]   at void android.view.Choreographer$FrameDisplayEventReceiver.run() (Choreographer.java:1302)
03-06 14:16:59.476 F/m.boox.einkdraw(29685): runtime.cc:683]   at void android.os.Handler.handleCallback(android.os.Message) (Handler.java:942)
03-06 14:16:59.476 F/m.boox.einkdraw(29685): runtime.cc:683]   at void android.os.Handler.dispatchMessage(android.os.Message) (Handler.java:99)
03-06 14:16:59.476 F/m.boox.einkdraw(29685): runtime.cc:683]   at boolean android.os.Looper.loopOnce(android.os.Looper, long, int) (Looper.java:201)
03-06 14:16:59.476 F/m.boox.einkdraw(29685): runtime.cc:683]   at void android.os.Looper.loop() (Looper.java:288)
03-06 14:16:59.476 F/m.boox.einkdraw(29685): runtime.cc:683]   at void android.app.ActivityThread.main(java.lang.String[]) (ActivityThread.java:8048)
03-06 14:16:59.476 F/m.boox.einkdraw(29685): runtime.cc:683]   at java.lang.Object java.lang.reflect.Method.invoke(java.lang.Object, java.lang.Object[]) (Method.java:-2)
03-06 14:16:59.476 F/m.boox.einkdraw(29685): runtime.cc:683]   at void com.android.internal.os.RuntimeInit$MethodAndArgsCaller.run() (RuntimeInit.java:548)
03-06 14:16:59.476 F/m.boox.einkdraw(29685): runtime.cc:683]   at void com.android.internal.os.ZygoteInit.main(java.lang.String[]) (ZygoteInit.java:942)
03-06 14:16:59.476 F/m.boox.einkdraw(29685): runtime.cc:683] 
03-06 14:16:59.476 F/m.boox.einkdraw(29685): runtime.cc:683]     in call to CallVoidMethodV
03-06 14:16:59.476 F/m.boox.einkdraw(29685): runtime.cc:683]     from boolean android.view.InputEventReceiver.nativeConsumeBatchedInputEvents(long, long)
--------- beginning of crash
03-06 14:16:59.477 F/libc    (29685): Fatal signal 6 (SIGABRT), code -1 (SI_QUEUE) in tid 29685 (m.boox.einkdraw), pid 29685 (m.boox.einkdraw)
03-06 14:16:59.492 D/C2SoftVpxEnc(25101): bytes generated 562
03-06 14:16:59.519 I/crash_dump64(29733): obtaining output fd from tombstoned, type: kDebuggerdTombstoneProto
03-06 14:16:59.519 I/tombstoned(  685): received crash request for pid 29685
03-06 14:16:59.520 I/crash_dump64(29733): performing dump of process 29685 (target tid = 29685)
03-06 14:16:59.600 D/C2SoftVpxEnc(25101): bytes generated 562
03-06 14:16:59.702 D/C2SoftVpxEnc(25101): bytes generated 562
03-06 14:16:59.770 F/DEBUG   (29733): *** *** *** *** *** *** *** *** *** *** *** *** *** *** *** ***
03-06 14:16:59.770 F/DEBUG   (29733): Build fingerprint: 'ONYX/TabBoox/TabBoox:13/TKQ1.230615.001/GV2.015.SQ83A:user/release-keys'
03-06 14:16:59.770 F/DEBUG   (29733): Revision: '0'
03-06 14:16:59.770 F/DEBUG   (29733): ABI: 'arm64'
03-06 14:16:59.770 F/DEBUG   (29733): Timestamp: 2026-03-06 14:16:59.527598016+0100
03-06 14:16:59.770 F/DEBUG   (29733): Process uptime: 4s
03-06 14:16:59.770 F/DEBUG   (29733): Cmdline: com.boox.einkdraw
03-06 14:16:59.770 F/DEBUG   (29733): pid: 29685, tid: 29685, name: m.boox.einkdraw  >>> com.boox.einkdraw <<<
03-06 14:16:59.770 F/DEBUG   (29733): uid: 10137
03-06 14:16:59.770 F/DEBUG   (29733): signal 6 (SIGABRT), code -1 (SI_QUEUE), fault addr --------
03-06 14:16:59.770 F/DEBUG   (29733): Abort message: 'JNI DETECTED ERROR IN APPLICATION: JNI CallVoidMethodV called with pending exception java.lang.IllegalArgumentException: INVALID_ARGUMENT: All inputs must report the same value of `stroke_unit_length`. Got 0.0833463cm and 0.0912177cm
03-06 14:16:59.770 F/DEBUG   (29733):   at boolean androidx.ink.strokes.InProgressStrokeNative.enqueueInputs(long, long, long) (InProgressStroke.kt:-2)
03-06 14:16:59.770 F/DEBUG   (29733):   at void androidx.ink.strokes.InProgressStroke.enqueueInputs(androidx.ink.strokes.StrokeInputBatch, androidx.ink.strokes.StrokeInputBatch) (InProgressStroke.kt:136)
03-06 14:16:59.770 F/DEBUG   (29733):   at void com.boox.einkdraw.DrawingView.addInkPoint(float, float, float, long) (DrawingView.kt:396)
03-06 14:16:59.770 F/DEBUG   (29733):   at void com.boox.einkdraw.DrawingView.drawSegment(float, float, float, float, float, float) (DrawingView.kt:358)
03-06 14:16:59.770 F/DEBUG   (29733):   at boolean com.boox.einkdraw.DrawingView.onTouchEvent(android.view.MotionEvent) (DrawingView.kt:202)
03-06 14:16:59.770 F/DEBUG   (29733):   at boolean android.view.View.dispatchTouchEvent(android.view.MotionEvent) (View.java:15097)
03-06 14:16:59.770 F/DEBUG   (29733):   at boolean android.view.ViewGroup.dispatchTransformedTouchEvent(android.view.MotionEvent, boolean, android.view.View, int) (ViewGroup.java:3123)
03-06 14:16:59.770 F/DEBUG   (29733):   at boolean android.view.ViewGroup.dispatchTouchEvent(android.view.MotionEvent) (ViewGroup.java:2803)
03-06 14:16:59.770 F/DEBUG   (29733):   at boolean android.view.ViewGroup.dispatchTransformedTouchEvent(android.view.MotionEvent, boolean, android.view.View, int) (ViewGroup.java:3123)
03-06 14:16:59.770 F/DEBUG   (29733):   at boolean android.view.ViewGroup.dispatchTouchEvent(android.view.MotionEvent) (ViewGroup.java:2803)
03-06 14:16:59.770 F/DEBUG   (29733):   at boolean android.view.ViewGroup.dispatchTransformedTouchEvent(android.view.MotionEvent, boolean, android.view.View, int) (ViewGroup.java:3123)
03-06 14:16:59.770 F/DEBUG   (29733):   at boolean android.view.ViewGroup.dispatchTouchEvent(android.view.MotionEvent) (ViewGroup.java:2803)
03-06 14:16:59.770 F/DEBUG   (29733):   at boolean android.view.ViewGroup.dispatchTransformedTouchEvent(android.view.MotionEvent, boolean, android.view.View, int) (ViewGroup.java:3123)
03-06 14:16:59.770 F/DEBUG   (29733):   at boolean android.view.ViewGroup.dispatchTouchEvent(android.view.MotionEvent) (ViewGroup.java:2803)
03-06 14:16:59.770 F/DEBUG   (29733):   at boolean android.view.ViewGroup.dispatchTransformedTouchEvent(android.view.MotionEvent, boolean, android.view.View, int) (ViewGroup.java:3123)
03-06 14:16:59.770 F/DEBUG   (29733):   at boolean android.view.ViewGroup.dispatchTouchEvent(android.view.MotionEvent) (ViewGroup.java:2803)
03-06 14:16:59.770 F/DEBUG   (29733):   at boolean android.view.ViewGroup.dispatchTransformedTouchEvent(android.view.MotionEvent, boolean, android.view.View, int) (ViewGroup.java:3123)
03-06 14:16:59.770 F/DEBUG   (29733):   at boolean android.view.ViewGroup.dispatchTouchEvent(android.view.MotionEvent) (ViewGroup.java:2803)
03-06 14:16:59.770 F/DEBUG   (29733):   at boolean android.view.ViewGroup.dispatchTransformedTouchEvent(android.view.MotionEvent, boolean, android.view.View, int) (ViewGroup.java:3123)
03-06 14:16:59.770 F/DEBUG   (29733):   at boolean android.view.ViewGroup.dispatchTouchEvent(android.view.MotionEvent) (ViewGroup.java:2803)
03-06 14:16:59.770 F/DEBUG   (29733):   at boolean com.android.internal.policy.DecorView.superDispatchTouchEvent(android.view.MotionEvent) (DecorView.java:507)
03-06 14:16:59.770 F/DEBUG   (29733):   at boolean com.android.internal.policy.PhoneWindow.superDispatchTouchEvent(android.view.MotionEvent) (PhoneWindow.java:1916)
03-06 14:16:59.770 F/DEBUG   (29733):   at boolean android.app.Activity.dispatchTouchEvent(android.view.MotionEvent) (Activity.java:4299)
03-06 14:16:59.770 F/DEBUG   (29733):   at boolean androidx.appcompat.view.WindowCallbackWrapper.dispatchTouchEvent(android.view.MotionEvent) (WindowCallbackWrapper.java:69)
03-06 14:16:59.770 F/DEBUG   (29733):   at boolean com.android.internal.policy.DecorView.dispatchTouchEvent(android.view.MotionEvent) (DecorView.java:465)
03-06 14:16:59.770 F/DEBUG   (29733):   at boolean android.view.View.dispatchPointerEvent(android.view.MotionEvent) (View.java:15359)
03-06 14:16:59.770 F/DEBUG   (29733):   at int android.view.ViewRootImpl$ViewPostImeInputStage.processPointerEvent(android.view.ViewRootImpl$QueuedInputEvent) (ViewRootImpl.java:6846)
03-06 14:16:59.770 F/DEBUG   (29733):   at int android.view.ViewRootImpl$ViewPostImeInputStage.onProcess(android.view.ViewRootImpl$QueuedInputEvent) (ViewRootImpl.java:6646)
03-06 14:16:59.770 F/DEBUG   (29733):   at void android.view.ViewRootImpl$InputStage.deliver(android.view.ViewRootImpl$QueuedInputEvent) (ViewRootImpl.java:6102)
03-06 14:16:59.770 F/DEBUG   (29733):   at void android.view.ViewRootImpl$InputStage.onDeliverToNext(android.view.ViewRootImpl$QueuedInputEvent) (ViewRootImpl.java:6159)
03-06 14:16:59.770 F/DEBUG   (29733):   at void android.view.ViewRootImpl$InputStage.forward(android.view.ViewRootImpl$QueuedInputEvent) (ViewRootImpl.java:6125)
03-06 14:16:59.770 F/DEBUG   (29733):   at void android.view.ViewRootImpl$AsyncInputStage.forward(android.view.ViewRootImpl$QueuedInputEvent) (ViewRootImpl.java:6290)
03-06 14:16:59.770 F/DEBUG   (29733):   at void android.view.ViewRootImpl$InputStage.apply(android.view.ViewRootImpl$QueuedInputEvent, int) (ViewRootImpl.java:6133)
03-06 14:16:59.770 F/DEBUG   (29733):   at void android.view.ViewRootImpl$AsyncInputStage.apply(android.view.ViewRootImpl$QueuedInputEvent, int) (ViewRootImpl.java:6347)
03-06 14:16:59.770 F/DEBUG   (29733):   at void android.view.ViewRootImpl$InputStage.deliver(android.view.ViewRootImpl$QueuedInputEvent) (ViewRootImpl.java:6106)
03-06 14:16:59.770 F/DEBUG   (29733):   at void android.view.ViewRootImpl$InputStage.onDeliverToNext(android.view.ViewRootImpl$QueuedInputEvent) (ViewRootImpl.java:6159)
03-06 14:16:59.770 F/DEBUG   (29733):   at void android.view.ViewRootImpl$InputStage.forward(android.view.ViewRootImpl$QueuedInputEvent) (ViewRootImpl.java:6125)
03-06 14:16:59.770 F/DEBUG   (29733):   at void android.view.ViewRootImpl$InputStage.apply(android.view.ViewRootImpl$QueuedInputEvent, int) (ViewRootImpl.java:6133)
03-06 14:16:59.770 F/DEBUG   (29733):   at void android.view.ViewRootImpl$InputStage.deliver(android.view.ViewRootImpl$QueuedInputEvent) (ViewRootImpl.java:6106)
03-06 14:16:59.770 F/DEBUG   (29733):   at void android.view.ViewRootImpl.deliverInputEvent(android.view.ViewRootImpl$QueuedInputEvent) (ViewRootImpl.java:9307)
03-06 14:16:59.770 F/DEBUG   (29733):   at void android.view.ViewRootImpl.doProcessInputEvents() (ViewRootImpl.java:9258)
03-06 14:16:59.770 F/DEBUG   (29733):   at void android.view.ViewRootImpl.enqueueInputEvent(android.view.InputEvent, android.view.InputEventReceiver, int, boolean) (ViewRootImpl.java:9202)
03-06 14:16:59.770 F/DEBUG   (29733):   at void android.view.ViewRootImpl$WindowInputEventReceiver.onInputEvent(android.view.InputEvent) (ViewRootImpl.java:9430)
03-06 14:16:59.770 F/DEBUG   (29733):   at void android.view.InputEventReceiver.dispatchInputEvent(int, android.view.InputEvent) (InputEventReceiver.java:268)
03-06 14:16:59.770 F/DEBUG   (29733):   at boolean android.view.InputEventReceiver.nativeConsumeBatchedInputEvents(long, long) (InputEventReceiver.java:-2)
03-06 14:16:59.770 F/DEBUG   (29733):   at boolean android.view.InputEventReceiver.consumeBatchedInputEvents(long) (InputEventReceiver.java:248)
03-06 14:16:59.770 F/DEBUG   (29733):   at boolean android.view.ViewRootImpl.doConsumeBatchedInput(long) (ViewRootImpl.java:9387)
03-06 14:16:59.770 F/DEBUG   (29733):   at void android.view.ViewRootImpl$ConsumeBatchedInputRunnable.run() (ViewRootImpl.java:9521)
03-06 14:16:59.770 F/DEBUG   (29733):   at void android.view.Choreographer$CallbackRecord.run(long) (Choreographer.java:1319)
03-06 14:16:59.770 F/DEBUG   (29733):   at void android.view.Choreographer$CallbackRecord.run(android.view.Choreographer$FrameData) (Choreographer.java:1327)
03-06 14:16:59.770 F/DEBUG   (29733):   at void android.view.Choreographer.doCallbacks(int, android.view.Choreographer$FrameData, long) (Choreographer.java:985)
03-06 14:16:59.770 F/DEBUG   (29733):   at void android.view.Choreographer.doFrame(long, int, android.view.DisplayEventReceiver$VsyncEventData) (Choreographer.java:908)
03-06 14:16:59.770 F/DEBUG   (29733):   at void android.view.Choreographer$FrameDisplayEventReceiver.run() (Choreographer.java:1302)
03-06 14:16:59.770 F/DEBUG   (29733):   at void android.os.Handler.handleCallback(android.os.Message) (Handler.java:942)
03-06 14:16:59.770 F/DEBUG   (29733):   at void android.os.Handler.dispatchMessage(android.os.Message) (Handler.java:99)
03-06 14:16:59.770 F/DEBUG   (29733):   at boolean android.os.Looper.loopOnce(android.os.Looper, long, int) (Looper.java:201)
03-06 14:16:59.770 F/DEBUG   (29733):   at void android.os.Looper.loop() (Looper.java:288)
03-06 14:16:59.770 F/DEBUG   (29733):   at void android.app.ActivityThread.main(java.lang.String[]) (ActivityThread.java:8048)
03-06 14:16:59.770 F/DEBUG   (29733):   at java.lang.Object java.lang.reflect.Method.invoke(java.lang.Object, java.lang.Object[]) (Method.java:-2)
03-06 14:16:59.770 F/DEBUG   (29733):   at void com.android.internal.os.RuntimeInit$MethodAndArgsCaller.run() (RuntimeInit.java:548)
03-06 14:16:59.770 F/DEBUG   (29733):   at void com.android.internal.os.ZygoteInit.main(java.lang.String[]) (ZygoteInit.java:942)
03-06 14:16:59.770 F/DEBUG   (29733): 
03-06 14:16:59.770 F/DEBUG   (29733):     in call to CallVoidMethodV
03-06 14:16:59.770 F/DEBUG   (29733):     from boolean android.view.InputEventReceiver.nativeConsumeBatchedInputEvents(long, long)'
03-06 14:16:59.770 F/DEBUG   (29733):     x0  0000000000000000  x1  00000000000073f5  x2  0000000000000006  x3  0000007ff732f360
03-06 14:16:59.770 F/DEBUG   (29733):     x4  4e2d666d606b2d60  x5  4e2d666d606b2d60  x6  4e2d666d606b2d60  x7  7f7f7f7f7f7f7f7f
03-06 14:16:59.770 F/DEBUG   (29733):     x8  00000000000000f0  x9  0000007934ef7b28  x10 0000000000000001  x11 0000007934f3784c
03-06 14:16:59.770 F/DEBUG   (29733):     x12 00000000000027cd  x13 0000000000000205  x14 0000007ff732e160  x15 0000000034155555
03-06 14:16:59.770 F/DEBUG   (29733):     x16 0000007934f9fd68  x17 0000007934f7b4e0  x18 000000794bbf2000  x19 00000000000073f5
03-06 14:16:59.770 F/DEBUG   (29733):     x20 00000000000073f5  x21 00000000ffffffff  x22 000000000000000b  x23 0000007ff732f578
03-06 14:16:59.770 F/DEBUG   (29733):     x24 0000007637016000  x25 0000007ff732f570  x26 000000794af9e000  x27 0000007636e0aeb8
03-06 14:16:59.770 F/DEBUG   (29733):     x28 0000007636e0b0e8  x29 0000007ff732f3e0
03-06 14:16:59.770 F/DEBUG   (29733):     lr  0000007934f28788  sp  0000007ff732f340  pc  0000007934f287b4  pst 0000000000001000
03-06 14:16:59.770 F/DEBUG   (29733): backtrace:
03-06 14:16:59.770 F/DEBUG   (29733):       #00 pc 00000000000527b4  /apex/com.android.runtime/lib64/bionic/libc.so (abort+168) (BuildId: bf5f1ce73f89cca7d6a062eb7877e86a)
03-06 14:16:59.770 F/DEBUG   (29733):       #01 pc 0000000000618730  /apex/com.android.art/lib64/libart.so (art::Runtime::Abort(char const*)+1204) (BuildId: 3fdfb8b8ec5407af450c28a00ba584a8)
03-06 14:16:59.770 F/DEBUG   (29733):       #02 pc 0000000000017114  /system/lib64/libbase.so (android::base::SetAborter(std::__1::function<void (char const*)>&&)::$_3::__invoke(char const*)+84) (BuildId: ef369bfbad96b532c6d8e0b144a68b96)
03-06 14:16:59.770 F/DEBUG   (29733):       #03 pc 0000000000016648  /system/lib64/libbase.so (android::base::LogMessage::~LogMessage()+356) (BuildId: ef369bfbad96b532c6d8e0b144a68b96)
03-06 14:16:59.770 F/DEBUG   (29733):       #04 pc 0000000000455950  /apex/com.android.art/lib64/libart.so (art::JavaVMExt::JniAbort(char const*, char const*)+2368) (BuildId: 3fdfb8b8ec5407af450c28a00ba584a8)
03-06 14:16:59.770 F/DEBUG   (29733):       #05 pc 00000000004559cc  /apex/com.android.art/lib64/libart.so (art::JavaVMExt::JniAbortV(char const*, char const*, std::__va_list)+112) (BuildId: 3fdfb8b8ec5407af450c28a00ba584a8)
03-06 14:16:59.770 F/DEBUG   (29733):       #06 pc 0000000000447dcc  /apex/com.android.art/lib64/libart.so (art::(anonymous namespace)::ScopedCheck::AbortF(char const*, ...)+148) (BuildId: 3fdfb8b8ec5407af450c28a00ba584a8)
03-06 14:16:59.770 F/DEBUG   (29733):       #07 pc 00000000004464f8  /apex/com.android.art/lib64/libart.so (art::(anonymous namespace)::ScopedCheck::CheckPossibleHeapValue(art::ScopedObjectAccess&, char, art::(anonymous namespace)::JniValueType)+3240) (BuildId: 3fdfb8b8ec5407af450c28a00ba584a8)
03-06 14:16:59.770 F/DEBUG   (29733):       #08 pc 000000000044519c  /apex/com.android.art/lib64/libart.so (art::(anonymous namespace)::ScopedCheck::Check(art::ScopedObjectAccess&, bool, char const*, art::(anonymous namespace)::JniValueType*)+796) (BuildId: 3fdfb8b8ec5407af450c28a00ba584a8)
03-06 14:16:59.770 F/DEBUG   (29733):       #09 pc 000000000044a950  /apex/com.android.art/lib64/libart.so (art::(anonymous namespace)::CheckJNI::CheckCallArgs(art::ScopedObjectAccess&, art::(anonymous namespace)::ScopedCheck&, _JNIEnv*, _jobject*, _jclass*, _jmethodID*, art::InvokeType, art::(anonymous namespace)::VarArgs const*)+140) (BuildId: 3fdfb8b8ec5407af450c28a00ba584a8)
03-06 14:16:59.770 F/DEBUG   (29733):       #10 pc 000000000044990c  /apex/com.android.art/lib64/libart.so (art::(anonymous namespace)::CheckJNI::CallMethodV(char const*, _JNIEnv*, _jobject*, _jclass*, _jmethodID*, std::__va_list, art::Primitive::Type, art::InvokeType)+688) (BuildId: 3fdfb8b8ec5407af450c28a00ba584a8)
03-06 14:16:59.770 F/DEBUG   (29733):       #11 pc 0000000000438b74  /apex/com.android.art/lib64/libart.so (art::(anonymous namespace)::CheckJNI::CallVoidMethodV(_JNIEnv*, _jobject*, _jmethodID*, std::__va_list) (.llvm.10757010741938237245)+76) (BuildId: 3fdfb8b8ec5407af450c28a00ba584a8)
03-06 14:16:59.770 F/DEBUG   (29733):       #12 pc 00000000000bd620  /system/lib64/libandroid_runtime.so (_JNIEnv::CallVoidMethod(_jobject*, _jmethodID*, ...)+124) (BuildId: d9436f7477e48ee41dec0723a1dbb544)
03-06 14:16:59.770 F/DEBUG   (29733):       #13 pc 000000000012c7dc  /system/lib64/libandroid_runtime.so (android::NativeInputEventReceiver::consumeEvents(_JNIEnv*, bool, long, bool*)+360) (BuildId: d9436f7477e48ee41dec0723a1dbb544)
03-06 14:16:59.770 F/DEBUG   (29733):       #14 pc 000000000012e000  /system/lib64/libandroid_runtime.so (android::nativeConsumeBatchedInputEvents(_JNIEnv*, _jclass*, long, long)+120) (BuildId: d9436f7477e48ee41dec0723a1dbb544)
03-06 14:16:59.770 F/DEBUG   (29733):       #15 pc 00000000001b52e8  /system/framework/arm64/boot-framework.oat (art_jni_trampoline+120) (BuildId: 6cef7459199a842676f0f154c287788dcf5bc28d)
03-06 14:16:59.770 F/DEBUG   (29733):       #16 pc 0000000000209a9c  /apex/com.android.art/lib64/libart.so (nterp_helper+1948) (BuildId: 3fdfb8b8ec5407af450c28a00ba584a8)
03-06 14:16:59.770 F/DEBUG   (29733):       #17 pc 00000000001db09a  /system/framework/framework.jar (android.view.InputEventReceiver.consumeBatchedInputEvents+34)
03-06 14:16:59.770 F/DEBUG   (29733):       #18 pc 000000000020a254  /apex/com.android.art/lib64/libart.so (nterp_helper+3924) (BuildId: 3fdfb8b8ec5407af450c28a00ba584a8)
03-06 14:16:59.770 F/DEBUG   (29733):       #19 pc 000000000021a420  /system/framework/framework.jar (android.view.ViewRootImpl.doConsumeBatchedInput+8)
03-06 14:16:59.770 F/DEBUG   (29733):       #20 pc 000000000020a254  /apex/com.android.art/lib64/libart.so (nterp_helper+3924) (BuildId: 3fdfb8b8ec5407af450c28a00ba584a8)
03-06 14:16:59.770 F/DEBUG   (29733):       #21 pc 000000000021519e  /system/framework/framework.jar (android.view.ViewRootImpl$ConsumeBatchedInputRunnable.run+26)
03-06 14:16:59.770 F/DEBUG   (29733):       #22 pc 000000000020b074  /apex/com.android.art/lib64/libart.so (nterp_helper+7540) (BuildId: 3fdfb8b8ec5407af450c28a00ba584a8)
03-06 14:16:59.770 F/DEBUG   (29733):       #23 pc 00000000001b91c4  /system/framework/framework.jar (android.view.Choreographer$CallbackRecord.run+40)
03-06 14:16:59.770 F/DEBUG   (29733):       #24 pc 000000000020a254  /apex/com.android.art/lib64/libart.so (nterp_helper+3924) (BuildId: 3fdfb8b8ec5407af450c28a00ba584a8)
03-06 14:16:59.770 F/DEBUG   (29733):       #25 pc 00000000001b9184  /system/framework/framework.jar (android.view.Choreographer$CallbackRecord.run+40)
03-06 14:16:59.770 F/DEBUG   (29733):       #26 pc 000000000020a254  /apex/com.android.art/lib64/libart.so (nterp_helper+3924) (BuildId: 3fdfb8b8ec5407af450c28a00ba584a8)
03-06 14:16:59.770 F/DEBUG   (29733):       #27 pc 00000000001b9be8  /system/framework/framework.jar (android.view.Choreographer.doCallbacks+164)
03-06 14:16:59.770 F/DEBUG   (29733):       #28 pc 000000000020a254  /apex/com.android.art/lib64/libart.so (nterp_helper+3924) (BuildId: 3fdfb8b8ec5407af450c28a00ba584a8)
03-06 14:16:59.770 F/DEBUG   (29733):       #29 pc 00000000001b9f88  /system/framework/framework.jar (android.view.Choreographer.doFrame+732)
03-06 14:16:59.770 F/DEBUG   (29733):       #30 pc 000000000020a254  /apex/com.android.art/lib64/libart.so (nterp_helper+3924) (BuildId: 3fdfb8b8ec5407af450c28a00ba584a8)
03-06 14:16:59.770 F/DEBUG   (29733):       #31 pc 00000000001b94f6  /system/framework/framework.jar (android.view.Choreographer$FrameDisplayEventReceiver.run+22)
03-06 14:16:59.770 F/DEBUG   (29733):       #32 pc 000000000020b074  /apex/com.android.art/lib64/libart.so (nterp_helper+7540) (BuildId: 3fdfb8b8ec5407af450c28a00ba584a8)
03-06 14:16:59.770 F/DEBUG   (29733):       #33 pc 0000000000262164  /system/framework/framework.jar (android.os.Handler.handleCallback+4)
03-06 14:16:59.770 F/DEBUG   (29733):       #34 pc 0000000000209334  /apex/com.android.art/lib64/libart.so (nterp_helper+52) (BuildId: 3fdfb8b8ec5407af450c28a00ba584a8)
03-06 14:16:59.770 F/DEBUG   (29733):       #35 pc 0000000000261fb0  /system/framework/framework.jar (android.os.Handler.dispatchMessage+8)
03-06 14:16:59.770 F/DEBUG   (29733):       #36 pc 000000000020a254  /apex/com.android.art/lib64/libart.so (nterp_helper+3924) (BuildId: 3fdfb8b8ec5407af450c28a00ba584a8)
03-06 14:16:59.770 F/DEBUG   (29733):       #37 pc 0000000000284c66  /system/framework/framework.jar (android.os.Looper.loopOnce+346)
03-06 14:16:59.770 F/DEBUG   (29733):       #38 pc 0000000000209334  /apex/com.android.art/lib64/libart.so (nterp_helper+52) (BuildId: 3fdfb8b8ec5407af450c28a00ba584a8)
03-06 14:16:59.770 F/DEBUG   (29733):       #39 pc 000000000028530c  /system/framework/framework.jar (android.os.Looper.loop+164)
03-06 14:16:59.770 F/DEBUG   (29733):       #40 pc 0000000000209334  /apex/com.android.art/lib64/libart.so (nterp_helper+52) (BuildId: 3fdfb8b8ec5407af450c28a00ba584a8)
03-06 14:16:59.770 F/DEBUG   (29733):       #41 pc 00000000001c6eb2  /system/framework/framework.jar (android.app.ActivityThread.main+202)
03-06 14:16:59.770 F/DEBUG   (29733):       #42 pc 0000000000210c00  /apex/com.android.art/lib64/libart.so (art_quick_invoke_static_stub+576) (BuildId: 3fdfb8b8ec5407af450c28a00ba584a8)
03-06 14:16:59.770 F/DEBUG   (29733):       #43 pc 000000000027b4ac  /apex/com.android.art/lib64/libart.so (art::ArtMethod::Invoke(art::Thread*, unsigned int*, unsigned int, art::JValue*, char const*)+240) (BuildId: 3fdfb8b8ec5407af450c28a00ba584a8)
03-06 14:16:59.770 F/DEBUG   (29733):       #44 pc 00000000006105b8  /apex/com.android.art/lib64/libart.so (_jobject* art::InvokeMethod<(art::PointerSize)8>(art::ScopedObjectAccessAlreadyRunnable const&, _jobject*, _jobject*, _jobject*, unsigned long)+1400) (BuildId: 3fdfb8b8ec5407af450c28a00ba584a8)
03-06 14:16:59.770 F/DEBUG   (29733):       #45 pc 00000000005900d4  /apex/com.android.art/lib64/libart.so (art::Method_invoke(_JNIEnv*, _jobject*, _jobject*, _jobjectArray*)+52) (BuildId: 3fdfb8b8ec5407af450c28a00ba584a8)
03-06 14:16:59.770 F/DEBUG   (29733):       #46 pc 0000000000099148  /system/framework/arm64/boot.oat (art_jni_trampoline+120) (BuildId: 6b4afa50efda7c0cb79341b249734ad34f9a6d62)
03-06 14:16:59.770 F/DEBUG   (29733):       #47 pc 000000000020a2b0  /apex/com.android.art/lib64/libart.so (nterp_helper+4016) (BuildId: 3fdfb8b8ec5407af450c28a00ba584a8)
03-06 14:16:59.770 F/DEBUG   (29733):       #48 pc 0000000000520a66  /system/framework/framework.jar (com.android.internal.os.RuntimeInit$MethodAndArgsCaller.run+22)
03-06 14:16:59.770 F/DEBUG   (29733):       #49 pc 00000000006f42a0  /system/framework/arm64/boot-framework.oat (com.android.internal.os.ZygoteInit.main+3216) (BuildId: 6cef7459199a842676f0f154c287788dcf5bc28d)
03-06 14:16:59.770 F/DEBUG   (29733):       #50 pc 0000000000210c00  /apex/com.android.art/lib64/libart.so (art_quick_invoke_static_stub+576) (BuildId: 3fdfb8b8ec5407af450c28a00ba584a8)
03-06 14:16:59.770 F/DEBUG   (29733):       #51 pc 000000000027b4ac  /apex/com.android.art/lib64/libart.so (art::ArtMethod::Invoke(art::Thread*, unsigned int*, unsigned int, art::JValue*, char const*)+240) (BuildId: 3fdfb8b8ec5407af450c28a00ba584a8)
03-06 14:16:59.770 F/DEBUG   (29733):       #52 pc 0000000000610d40  /apex/com.android.art/lib64/libart.so (art::JValue art::InvokeWithVarArgs<art::ArtMethod*>(art::ScopedObjectAccessAlreadyRunnable const&, _jobject*, art::ArtMethod*, std::__va_list)+452) (BuildId: 3fdfb8b8ec5407af450c28a00ba584a8)
03-06 14:16:59.770 F/DEBUG   (29733):       #53 pc 000000000061122c  /apex/com.android.art/lib64/libart.so (art::JValue art::InvokeWithVarArgs<_jmethodID*>(art::ScopedObjectAccessAlreadyRunnable const&, _jobject*, _jmethodID*, std::__va_list)+96) (BuildId: 3fdfb8b8ec5407af450c28a00ba584a8)
03-06 14:16:59.771 F/DEBUG   (29733):       #54 pc 00000000004fac28  /apex/com.android.art/lib64/libart.so (art::JNI<true>::CallStaticVoidMethodV(_JNIEnv*, _jclass*, _jmethodID*, std::__va_list)+600) (BuildId: 3fdfb8b8ec5407af450c28a00ba584a8)
03-06 14:16:59.771 F/DEBUG   (29733):       #55 pc 00000000000bec04  /system/lib64/libandroid_runtime.so (_JNIEnv::CallStaticVoidMethod(_jclass*, _jmethodID*, ...)+124) (BuildId: d9436f7477e48ee41dec0723a1dbb544)
03-06 14:16:59.771 F/DEBUG   (29733):       #56 pc 00000000000cb68c  /system/lib64/libandroid_runtime.so (android::AndroidRuntime::start(char const*, android::Vector<android::String8> const&, bool)+844) (BuildId: d9436f7477e48ee41dec0723a1dbb544)
03-06 14:16:59.771 F/DEBUG   (29733):       #57 pc 0000000000002610  /system/bin/app_process64 (main+1464) (BuildId: 82486a24ab8170e1b0c9080a100ddae4)
03-06 14:16:59.771 F/DEBUG   (29733):       #58 pc 000000000004a9f0  /apex/com.android.runtime/lib64/bionic/libc.so (__libc_init+100) (BuildId: bf5f1ce73f89cca7d6a062eb7877e86a)
03-06 14:16:59.791 W/ActivityTaskManager( 1519):   Force finishing activity com.boox.einkdraw/.MainActivity
03-06 14:16:59.792 E/tombstoned(  685): Tombstone written to: tombstone_23
03-06 14:16:59.796 I/DropBoxManagerService( 1519): add tag=data_app_native_crash isTagEnabled=true flags=0x6
03-06 14:16:59.807 I/BootReceiver( 1519): Copying /data/tombstones/tombstone_23 to DropBox (SYSTEM_TOMBSTONE)
03-06 14:16:59.807 I/DropBoxManagerService( 1519): add tag=SYSTEM_TOMBSTONE isTagEnabled=true flags=0x6
03-06 14:16:59.809 D/C2SoftVpxEnc(25101): bytes generated 561
03-06 14:16:59.820 D/ActivityTrigger( 1519): ActivityTrigger activityPauseTrigger 
03-06 14:16:59.826 I/ActivityManager( 1519): Showing crash dialog for package com.boox.einkdraw u0
03-06 14:16:59.830 W/BroadcastQueue( 1519): Background execution not allowed: receiving Intent { act=android.intent.action.DROPBOX_ENTRY_ADDED flg=0x10 (has extras) } to com.google.android.gms/.stats.service.DropBoxEntryAddedReceiver
03-06 14:16:59.834 D/CompatibilityInfo( 1519): mCompatibilityFlags - 4
03-06 14:16:59.834 D/CompatibilityInfo( 1519): applicationDensity - 300
03-06 14:16:59.834 D/CompatibilityInfo( 1519): applicationScale - 1.0
03-06 14:16:59.840 W/BroadcastQueue( 1519): Background execution not allowed: receiving Intent { act=android.intent.action.DROPBOX_ENTRY_ADDED flg=0x10 (has extras) } to com.google.android.gms/.stats.service.DropBoxEntryAddedReceiver
03-06 14:16:59.853 I/DropBoxManagerService( 1519): add tag=SYSTEM_TOMBSTONE_PROTO isTagEnabled=true flags=0x4
03-06 14:16:59.868 D/CompatibilityInfo( 1519): mCompatibilityFlags - 4
03-06 14:16:59.868 D/CompatibilityInfo( 1519): applicationDensity - 300
03-06 14:16:59.868 D/CompatibilityInfo( 1519): applicationScale - 1.0
03-06 14:16:59.875 W/Parcel  ( 1519): Expecting binder but got null!
03-06 14:16:59.887 D/debugOrientation( 1519): ActivityRecord{d8544fe u0 com.onyx/.tablet.main.ui.TabletMainActivity} t1443}  computeOrientation :-1 user set rotation -1
03-06 14:16:59.888 D/CoreBackPreview( 1519): Window{a8ca20a u0 Application Error: com.boox.einkdraw}: Setting back callback OnBackInvokedCallbackInfo{mCallback=android.window.WindowOnBackInvokedDispatcher$OnBackInvokedCallbackWrapper@50a0357, mPriority=0}
03-06 14:16:59.893 I/Zygote  (  726): Process 29685 exited due to signal 6 (Aborted)
03-06 14:16:59.896 I/ActivityManager( 1519): Process com.boox.einkdraw (pid 29685) has died: prcp TOP 
03-06 14:16:59.899 I/WindowManager( 1519): WIN DEATH: Window{7f28cb u0 com.boox.einkdraw/com.boox.einkdraw.MainActivity}
03-06 14:16:59.899 I/libprocessgroup( 1519): Successfully killed process cgroup uid 10137 pid 29685 in 0ms
03-06 14:16:59.900 W/InputManager-JNI( 1519): Input channel object '7f28cb com.boox.einkdraw/com.boox.einkdraw.MainActivity (client)' was disposed without first being removed with the input manager!
03-06 14:16:59.910 W/WindowManager( 1519): Failed to deliver inset state change to w=Window{7f28cb u0 com.boox.einkdraw/com.boox.einkdraw.MainActivity EXITING}
03-06 14:16:59.910 W/WindowManager( 1519): android.os.DeadObjectException
03-06 14:16:59.910 W/WindowManager( 1519): 	at android.os.BinderProxy.transactNative(Native Method)
03-06 14:16:59.910 W/WindowManager( 1519): 	at android.os.BinderProxy.transact(BinderProxy.java:584)
03-06 14:16:59.910 W/WindowManager( 1519): 	at android.view.IWindow$Stub$Proxy.insetsControlChanged(IWindow.java:473)
03-06 14:16:59.910 W/WindowManager( 1519): 	at com.android.server.wm.WindowState.notifyInsetsControlChanged(WindowState.java:4060)
03-06 14:16:59.910 W/WindowManager( 1519): 	at com.android.server.wm.InsetsStateController.lambda$notifyPendingInsetsControlChanged$4(InsetsStateController.java:351)
03-06 14:16:59.910 W/WindowManager( 1519): 	at com.android.server.wm.InsetsStateController.$r8$lambda$An2IoiA3BeA5IWc6QwBOjKArM80(Unknown Source:0)
03-06 14:16:59.910 W/WindowManager( 1519): 	at com.android.server.wm.InsetsStateController$$ExternalSyntheticLambda3.run(Unknown Source:2)
03-06 14:16:59.910 W/WindowManager( 1519): 	at com.android.server.wm.WindowAnimator.executeAfterPrepareSurfacesRunnables(WindowAnimator.java:345)
03-06 14:16:59.910 W/WindowManager( 1519): 	at com.android.server.wm.RootWindowContainer.performSurfacePlacementNoTrace(RootWindowContainer.java:840)
03-06 14:16:59.910 W/WindowManager( 1519): 	at com.android.server.wm.RootWindowContainer.performSurfacePlacement(RootWindowContainer.java:785)
03-06 14:16:59.910 W/WindowManager( 1519): 	at com.android.server.wm.WindowSurfacePlacer.performSurfacePlacementLoop(WindowSurfacePlacer.java:177)
03-06 14:16:59.910 W/WindowManager( 1519): 	at com.android.server.wm.WindowSurfacePlacer.performSurfacePlacement(WindowSurfacePlacer.java:126)
03-06 14:16:59.910 W/WindowManager( 1519): 	at com.android.server.wm.WindowSurfacePlacer.performSurfacePlacement(WindowSurfacePlacer.java:115)
03-06 14:16:59.910 W/WindowManager( 1519): 	at com.android.server.wm.WindowState.setupWindowForRemoveOnExit(WindowState.java:2674)
03-06 14:16:59.910 W/WindowManager( 1519): 	at com.android.server.wm.WindowState.removeIfPossible(WindowState.java:2634)
03-06 14:16:59.910 W/WindowManager( 1519): 	at com.android.server.wm.WindowState.-$$Nest$mremoveIfPossible(Unknown Source:0)
03-06 14:16:59.910 W/WindowManager( 1519): 	at com.android.server.wm.WindowState$DeathRecipient.binderDied(WindowState.java:3135)
03-06 14:16:59.910 W/WindowManager( 1519): 	at android.os.IBinder$DeathRecipient.binderDied(IBinder.java:317)
03-06 14:16:59.910 W/WindowManager( 1519): 	at android.os.BinderProxy.sendDeathNotice(BinderProxy.java:704)
03-06 14:16:59.922 D/C2SoftVpxEnc(25101): bytes generated 562
03-06 14:16:59.922 D/debugOrientation( 1519): ActivityRecord{d8544fe u0 com.onyx/.tablet.main.ui.TabletMainActivity} t1443}  computeOrientation :-1 user set rotation -1
03-06 14:16:59.925 E/OpenGLRenderer( 1519): Unable to match the desired swap behavior.
03-06 14:16:59.956 D/debugOrientation( 1519): ActivityRecord{d8544fe u0 com.onyx/.tablet.main.ui.TabletMainActivity} t1443}  computeOrientation :-1 user set rotation -1
03-06 14:16:59.957 D/debugOrientation( 1519): ActivityRecord{d8544fe u0 com.onyx/.tablet.main.ui.TabletMainActivity} t1443}  computeOrientation :-1 user set rotation -1
03-06 14:16:59.962 I/TabletMainActivity(26148): onStart--------------
03-06 14:16:59.969 D/C2SoftVpxEnc(25101): bytes generated 562
03-06 14:16:59.978 W/BroadcastQueue( 1519): Background execution not allowed: receiving Intent { act=android.intent.action.DROPBOX_ENTRY_ADDED flg=0x10 (has extras) } to com.google.android.gms/.stats.service.DropBoxEntryAddedReceiver
03-06 14:16:59.982 I/TabletMainActivity(26148): onResume--------------
03-06 14:16:59.987 D/C2SoftVpxEnc(25101): bytes generated 562
03-06 14:16:59.987 I/BtGatt.ScanManager(28663): msg.what = 6
03-06 14:16:59.990 E/EpdcManager(  955): CU 0
03-06 14:16:59.994 D/CoreBackPreview( 1519): Window{a8ca20a u0 Application Error: com.boox.einkdraw}: Setting back callback null
03-06 14:16:59.995 W/ActivityManager( 1519): Ignoring remove of inactive process: ProcessRecord{3f83f65 0:com.boox.einkdraw/u0a137}
03-06 14:17:00.002 W/InputManager-JNI( 1519): Input channel object 'a8ca20a Application Error: com.boox.einkdraw (client)' was disposed without first being removed with the input manager!
03-06 14:17:00.007 I/RxEACUtils(26148): updateAppDataEACInfo from service
03-06 14:17:00.016 I/Benchmark(26148): getAppConfig ---> 9ms
03-06 14:17:00.016 I/RxEACUtils(26148): updateAppDataEACInfo pkgName: com.onyx.mail, isAutoFreeze: false, isEACEnabled: false
03-06 14:17:00.017 I/RxEACUtils(26148): updateAppDataEACInfo from service
03-06 14:17:00.018 I/Benchmark(26148): getAppConfig ---> 1ms
03-06 14:17:00.018 I/RxEACUtils(26148): updateAppDataEACInfo pkgName: com.onyx.calculator, isAutoFreeze: false, isEACEnabled: false
03-06 14:17:00.018 I/RxEACUtils(26148): updateAppDataEACInfo from service
03-06 14:17:00.020 W/WindowManager( 1519): Failed to deliver inset state change to w=Window{7f28cb u0 com.boox.einkdraw/com.boox.einkdraw.MainActivity EXITING}
03-06 14:17:00.020 W/WindowManager( 1519): android.os.DeadObjectException
03-06 14:17:00.020 W/WindowManager( 1519): 	at android.os.BinderProxy.transactNative(Native Method)
03-06 14:17:00.020 W/WindowManager( 1519): 	at android.os.BinderProxy.transact(BinderProxy.java:584)
03-06 14:17:00.020 W/WindowManager( 1519): 	at android.view.IWindow$Stub$Proxy.insetsControlChanged(IWindow.java:473)
03-06 14:17:00.020 W/WindowManager( 1519): 	at com.android.server.wm.WindowState.notifyInsetsControlChanged(WindowState.java:4060)
03-06 14:17:00.020 W/WindowManager( 1519): 	at com.android.server.wm.InsetsStateController.lambda$notifyPendingInsetsControlChanged$4(InsetsStateController.java:351)
03-06 14:17:00.020 W/WindowManager( 1519): 	at com.android.server.wm.InsetsStateController.$r8$lambda$An2IoiA3BeA5IWc6QwBOjKArM80(Unknown Source:0)
03-06 14:17:00.020 W/WindowManager( 1519): 	at com.android.server.wm.InsetsStateController$$ExternalSyntheticLambda3.run(Unknown Source:2)
03-06 14:17:00.020 W/WindowManager( 1519): 	at com.android.server.wm.WindowAnimator.executeAfterPrepareSurfacesRunnables(WindowAnimator.java:345)
03-06 14:17:00.020 W/WindowManager( 1519): 	at com.android.server.wm.RootWindowContainer.performSurfacePlacementNoTrace(RootWindowContainer.java:840)
03-06 14:17:00.020 W/WindowManager( 1519): 	at com.android.server.wm.RootWindowContainer.performSurfacePlacement(RootWindowContainer.java:785)
03-06 14:17:00.020 W/WindowManager( 1519): 	at com.android.server.wm.WindowSurfacePlacer.performSurfacePlacementLoop(WindowSurfacePlacer.java:177)
03-06 14:17:00.020 W/WindowManager( 1519): 	at com.android.server.wm.WindowSurfacePlacer.performSurfacePlacement(WindowSurfacePlacer.java:126)
03-06 14:17:00.020 W/WindowManager( 1519): 	at com.android.server.wm.WindowSurfacePlacer.performSurfacePlacement(WindowSurfacePlacer.java:115)
03-06 14:17:00.020 W/WindowManager( 1519): 	at com.android.server.wm.WindowState.setupWindowForRemoveOnExit(WindowState.java:2674)
03-06 14:17:00.020 W/WindowManager( 1519): 	at com.android.server.wm.WindowState.removeIfPossible(WindowState.java:2634)
03-06 14:17:00.020 W/WindowManager( 1519): 	at com.android.server.wm.WindowState.removeIfPossible(WindowState.java:2495)
03-06 14:17:00.020 W/WindowManager( 1519): 	at com.android.server.wm.WindowManagerService.removeWindow(WindowManagerService.java:2097)
03-06 14:17:00.020 W/WindowManager( 1519): 	at com.android.server.wm.Session.remove(Session.java:230)
03-06 14:17:00.020 W/WindowManager( 1519): 	at android.view.ViewRootImpl.dispatchDetachedFromWindow(ViewRootImpl.java:5475)
03-06 14:17:00.020 W/WindowManager( 1519): 	at android.view.ViewRootImpl.doDie(ViewRootImpl.java:8889)
03-06 14:17:00.020 W/WindowManager( 1519): 	at android.view.ViewRootImpl.die(ViewRootImpl.java:8865)
03-06 14:17:00.020 W/WindowManager( 1519): 	at android.view.WindowManagerGlobal.removeViewLocked(WindowManagerGlobal.java:522)
03-06 14:17:00.020 W/WindowManager( 1519): 	at android.view.WindowManagerGlobal.removeView(WindowManagerGlobal.java:463)
03-06 14:17:00.020 W/WindowManager( 1519): 	at android.view.WindowManagerImpl.removeViewImmediate(WindowManagerImpl.java:208)
03-06 14:17:00.020 W/WindowManager( 1519): 	at android.app.Dialog.dismissDialog(Dialog.java:407)
03-06 14:17:00.020 W/WindowManager( 1519): 	at android.app.Dialog.dismiss(Dialog.java:389)
03-06 14:17:00.020 W/WindowManager( 1519): 	at com.android.server.am.AppErrorDialog.dismiss(AppErrorDialog.java:147)
03-06 14:17:00.020 W/WindowManager( 1519): 	at com.android.server.am.ErrorDialogController$$ExternalSyntheticLambda4.accept(Unknown Source:2)
03-06 14:17:00.020 W/WindowManager( 1519): 	at com.android.server.am.ErrorDialogController.forAllDialogs(ErrorDialogController.java:164)
03-06 14:17:00.020 W/WindowManager( 1519): 	at com.android.server.am.ErrorDialogController.lambda$scheduleForAllDialogs$0(ErrorDialogController.java:157)
03-06 14:17:00.020 W/WindowManager( 1519): 	at com.android.server.am.ErrorDialogController.$r8$lambda$akIPjHsq7JjW-pca5C_d_qhgePc(Unknown Source:0)
03-06 14:17:00.020 W/WindowManager( 1519): 	at com.android.server.am.ErrorDialogController$$ExternalSyntheticLambda5.run(Unknown Source:6)
03-06 14:17:00.020 W/WindowManager( 1519): 	at android.os.Handler.handleCallback(Handler.java:942)
03-06 14:17:00.020 W/WindowManager( 1519): 	at android.os.Handler.dispatchMessage(Handler.java:99)
03-06 14:17:00.020 W/WindowManager( 1519): 	at android.os.Looper.loopOnce(Looper.java:201)
03-06 14:17:00.020 W/WindowManager( 1519): 	at android.os.Looper.loop(Looper.java:288)
03-06 14:17:00.020 W/WindowManager( 1519): 	at android.os.HandlerThread.run(HandlerThread.java:67)
03-06 14:17:00.020 W/WindowManager( 1519): 	at com.android.server.ServiceThread.run(ServiceThread.java:44)
03-06 14:17:00.020 W/WindowManager( 1519): 	at com.android.server.UiThread.run(UiThread.java:45)
03-06 14:17:00.022 I/Benchmark(26148): getAppConfig ---> 4ms
03-06 14:17:00.026 I/RxEACUtils(26148): updateAppDataEACInfo pkgName: flipboard.app, isAutoFreeze: true, isEACEnabled: true
03-06 14:17:00.026 I/RxEACUtils(26148): updateAppDataEACInfo from service
03-06 14:17:00.029 I/Benchmark(26148): getAppConfig ---> 2ms
03-06 14:17:00.029 I/RxEACUtils(26148): updateAppDataEACInfo pkgName: com.ttxapps.dropsync, isAutoFreeze: true, isEACEnabled: true
03-06 14:17:00.029 I/RxEACUtils(26148): updateAppDataEACInfo from service
03-06 14:17:00.032 D/C2SoftVpxEnc(25101): bytes generated 562
03-06 14:17:00.032 I/Benchmark(26148): getAppConfig ---> 3ms
03-06 14:17:00.032 I/RxEACUtils(26148): updateAppDataEACInfo pkgName: com.onyx.floatingbutton, isAutoFreeze: false, isEACEnabled: false
03-06 14:17:00.032 I/RxEACUtils(26148): updateAppDataEACInfo from service
03-06 14:17:00.034 I/Benchmark(26148): getAppConfig ---> 2ms
03-06 14:17:00.034 I/RxEACUtils(26148): updateAppDataEACInfo pkgName: com.aige.hipaint, isAutoFreeze: false, isEACEnabled: true
03-06 14:17:00.034 I/RxEACUtils(26148): updateAppDataEACInfo from service
03-06 14:17:00.035 I/Benchmark(26148): getAppConfig ---> 1ms
03-06 14:17:00.035 I/RxEACUtils(26148): updateAppDataEACInfo pkgName: org.chromium.chrome, isAutoFreeze: false, isEACEnabled: true
03-06 14:17:00.035 I/RxEACUtils(26148): updateAppDataEACInfo from service
03-06 14:17:00.036 D/debugOrientation( 1519): ActivityRecord{d8544fe u0 com.onyx/.tablet.main.ui.TabletMainActivity} t1443}  computeOrientation :-1 user set rotation -1
03-06 14:17:00.036 I/Benchmark(26148): getAppConfig ---> 1ms
03-06 14:17:00.036 I/RxEACUtils(26148): updateAppDataEACInfo pkgName: com.dropbox.android, isAutoFreeze: true, isEACEnabled: true
03-06 14:17:00.036 I/RxEACUtils(26148): updateAppDataEACInfo from service
03-06 14:17:00.037 I/Benchmark(26148): getAppConfig ---> 1ms
03-06 14:17:00.037 I/RxEACUtils(26148): updateAppDataEACInfo pkgName: com.onyx, isAutoFreeze: false, isEACEnabled: false
03-06 14:17:00.037 I/RxEACUtils(26148): updateAppDataEACInfo from service
03-06 14:17:00.038 I/Benchmark(26148): getAppConfig ---> 1ms
03-06 14:17:00.038 I/RxEACUtils(26148): updateAppDataEACInfo pkgName: com.onyx.aiassistant, isAutoFreeze: false, isEACEnabled: false
03-06 14:17:00.038 I/RxEACUtils(26148): updateAppDataEACInfo from service
03-06 14:17:00.039 E/OpenGLRenderer(26148): Unable to match the desired swap behavior.
03-06 14:17:00.039 I/Benchmark(26148): getAppConfig ---> 1ms
03-06 14:17:00.039 I/RxEACUtils(26148): updateAppDataEACInfo pkgName: com.alphainventor.filemanager, isAutoFreeze: true, isEACEnabled: true
03-06 14:17:00.039 I/RxEACUtils(26148): updateAppDataEACInfo from service
03-06 14:17:00.040 W/WindowManager( 1519): Failed to deliver inset state change to w=Window{7f28cb u0 com.boox.einkdraw/com.boox.einkdraw.MainActivity EXITING}
03-06 14:17:00.040 W/WindowManager( 1519): android.os.DeadObjectException
03-06 14:17:00.040 W/WindowManager( 1519): 	at android.os.BinderProxy.transactNative(Native Method)
03-06 14:17:00.040 W/WindowManager( 1519): 	at android.os.BinderProxy.transact(BinderProxy.java:584)
03-06 14:17:00.040 W/WindowManager( 1519): 	at android.view.IWindow$Stub$Proxy.insetsControlChanged(IWindow.java:473)
03-06 14:17:00.040 W/WindowManager( 1519): 	at com.android.server.wm.WindowState.notifyInsetsControlChanged(WindowState.java:4060)
03-06 14:17:00.040 W/WindowManager( 1519): 	at com.android.server.wm.InsetsStateController.lambda$notifyPendingInsetsControlChanged$4(InsetsStateController.java:351)
03-06 14:17:00.040 W/WindowManager( 1519): 	at com.android.server.wm.InsetsStateController.$r8$lambda$An2IoiA3BeA5IWc6QwBOjKArM80(Unknown Source:0)
03-06 14:17:00.040 W/WindowManager( 1519): 	at com.android.server.wm.InsetsStateController$$ExternalSyntheticLambda3.run(Unknown Source:2)
03-06 14:17:00.040 W/WindowManager( 1519): 	at com.android.server.wm.WindowAnimator.executeAfterPrepareSurfacesRunnables(WindowAnimator.java:345)
03-06 14:17:00.040 W/WindowManager( 1519): 	at com.android.server.wm.RootWindowContainer.performSurfacePlacementNoTrace(RootWindowContainer.java:840)
03-06 14:17:00.040 W/WindowManager( 1519): 	at com.android.server.wm.RootWindowContainer.performSurfacePlacement(RootWindowContainer.java:785)
03-06 14:17:00.040 W/WindowManager( 1519): 	at com.android.server.wm.WindowSurfacePlacer.performSurfacePlacementLoop(WindowSurfacePlacer.java:177)
03-06 14:17:00.040 W/WindowManager( 1519): 	at com.android.server.wm.WindowSurfacePlacer.performSurfacePlacement(WindowSurfacePlacer.java:126)
03-06 14:17:00.040 W/WindowManager( 1519): 	at com.android.server.wm.WindowSurfacePlacer.performSurfacePlacement(WindowSurfacePlacer.java:115)
03-06 14:17:00.040 W/WindowManager( 1519): 	at com.android.server.wm.WindowSurfacePlacer$Traverser.run(WindowSurfacePlacer.java:57)
03-06 14:17:00.040 W/WindowManager( 1519): 	at android.os.Handler.handleCallback(Handler.java:942)
03-06 14:17:00.040 W/WindowManager( 1519): 	at android.os.Handler.dispatchMessage(Handler.java:99)
03-06 14:17:00.040 W/WindowManager( 1519): 	at android.os.Looper.loopOnce(Looper.java:201)
03-06 14:17:00.040 W/WindowManager( 1519): 	at android.os.Looper.loop(Looper.java:288)
03-06 14:17:00.040 W/WindowManager( 1519): 	at android.os.HandlerThread.run(HandlerThread.java:67)
03-06 14:17:00.040 W/WindowManager( 1519): 	at com.android.server.ServiceThread.run(ServiceThread.java:44)
03-06 14:17:00.041 I/Benchmark(26148): getAppConfig ---> 2ms
03-06 14:17:00.041 I/RxEACUtils(26148): updateAppDataEACInfo pkgName: com.saksham.developer.developeroptions, isAutoFreeze: true, isEACEnabled: true
03-06 14:17:00.041 I/RxEACUtils(26148): updateAppDataEACInfo from service
03-06 14:17:00.042 I/Benchmark(26148): getAppConfig ---> 1ms
03-06 14:17:00.042 I/RxEACUtils(26148): updateAppDataEACInfo pkgName: com.onyx, isAutoFreeze: false, isEACEnabled: false
03-06 14:17:00.042 I/RxEACUtils(26148): updateAppDataEACInfo from service
03-06 14:17:00.043 I/Benchmark(26148): getAppConfig ---> 1ms
03-06 14:17:00.043 I/RxEACUtils(26148): updateAppDataEACInfo pkgName: com.onyx, isAutoFreeze: false, isEACEnabled: false
03-06 14:17:00.043 I/RxEACUtils(26148): updateAppDataEACInfo from service
03-06 14:17:00.072 W/system_server( 1519): Weak pointer dereference blocked for 13 milliseconds.
03-06 14:17:00.072 W/system_server( 1519): Weak pointer dereference blocked for 12 milliseconds.
03-06 14:17:00.081 W/system_server( 1519): Weak pointer dereference blocked for 18 milliseconds.
03-06 14:17:00.085 I/Benchmark(26148): getAppConfig ---> 42ms
03-06 14:17:00.086 I/RxEACUtils(26148): updateAppDataEACInfo pkgName: com.google.android.apps.docs.editors.docs, isAutoFreeze: true, isEACEnabled: true
03-06 14:17:00.086 I/RxEACUtils(26148): updateAppDataEACInfo from service
03-06 14:17:00.087 W/WindowManager( 1519): Exception thrown during dispatchAppVisibility Window{7f28cb u0 com.boox.einkdraw/com.boox.einkdraw.MainActivity EXITING}
03-06 14:17:00.087 W/WindowManager( 1519): android.os.DeadObjectException
03-06 14:17:00.087 W/WindowManager( 1519): 	at android.os.BinderProxy.transactNative(Native Method)
03-06 14:17:00.087 W/WindowManager( 1519): 	at android.os.BinderProxy.transact(BinderProxy.java:584)
03-06 14:17:00.087 W/WindowManager( 1519): 	at android.view.IWindow$Stub$Proxy.dispatchAppVisibility(IWindow.java:536)
03-06 14:17:00.087 W/WindowManager( 1519): 	at com.android.server.wm.WindowState.sendAppVisibilityToClients(WindowState.java:3518)
03-06 14:17:00.087 W/WindowManager( 1519): 	at com.android.server.wm.WindowContainer.sendAppVisibilityToClients(WindowContainer.java:1234)
03-06 14:17:00.087 W/WindowManager( 1519): 	at com.android.server.wm.WindowToken.setClientVisible(WindowToken.java:392)
03-06 14:17:00.087 W/WindowManager( 1519): 	at com.android.server.wm.ActivityRecord.setClientVisible(ActivityRecord.java:6964)
03-06 14:17:00.087 W/WindowManager( 1519): 	at com.android.server.wm.ActivityRecord.onAnimationFinished(ActivityRecord.java:7795)
03-06 14:17:00.087 W/WindowManager( 1519): 	at com.android.server.wm.ActivityRecord.postApplyAnimation(ActivityRecord.java:5547)
03-06 14:17:00.087 W/WindowManager( 1519): 	at com.android.server.wm.ActivityRecord.commitVisibility(ActivityRecord.java:5507)
