03-07 10:14:37.619 I/AdrenoGLES-0( 9717): Build Date                       : 09/27/23
03-07 10:14:37.619 I/AdrenoGLES-0( 9717): OpenGL ES Shader Compiler Version: EV031.32.02.17
03-07 10:14:37.619 I/AdrenoGLES-0( 9717): Local Branch                     : 
03-07 10:14:37.619 I/AdrenoGLES-0( 9717): Remote Branch                    : 
03-07 10:14:37.619 I/AdrenoGLES-0( 9717): Remote Branch                    : 
03-07 10:14:37.619 I/AdrenoGLES-0( 9717): Reconstruct Branch               : 
03-07 10:14:37.620 I/AdrenoGLES-0( 9717): Build Config                     : S P 10.0.7 AArch64
03-07 10:14:37.620 I/AdrenoGLES-0( 9717): Driver Path                      : /vendor/lib64/egl/libGLESv2_adreno.so
03-07 10:14:37.624 I/Benchmark(17202): getAppConfig ---> 5ms
03-07 10:14:37.625 I/RxEACUtils(17202): updateAppDataEACInfo pkgName: com.android.chrome, isAutoFreeze: false, isEACEnabled: true
03-07 10:14:37.630 I/Benchmark(17202): getAppConfig ---> 5ms
03-07 10:14:37.631 I/RxEACUtils(17202): updateAppDataEACInfo pkgName: com.android.vending, isAutoFreeze: false, isEACEnabled: false
03-07 10:14:37.634 D/CompatibilityInfo(16030): mCompatibilityFlags - 4
03-07 10:14:37.634 D/CompatibilityInfo(16030): applicationDensity - 300
03-07 10:14:37.634 D/CompatibilityInfo(16030): applicationScale - 1.0
03-07 10:14:37.635 I/AdrenoGLES-0( 9717): PFP: 0x016ee197, ME: 0x00000000
03-07 10:14:37.640 D/IntervalStats(16030): Unable to parse usage stats packages: [189, 191]
03-07 10:14:37.641 D/CompatibilityInfo(16030): mCompatibilityFlags - 4
03-07 10:14:37.641 D/CompatibilityInfo(16030): applicationDensity - 300
03-07 10:14:37.641 D/CompatibilityInfo(16030): applicationScale - 1.0
03-07 10:14:37.653 D/CompatibilityInfo(16030): mCompatibilityFlags - 4
03-07 10:14:37.653 D/CompatibilityInfo(16030): applicationDensity - 300
03-07 10:14:37.653 D/CompatibilityInfo(16030): applicationScale - 1.0
03-07 10:14:37.662 D/CompatibilityInfo(16030): mCompatibilityFlags - 4
03-07 10:14:37.663 D/CompatibilityInfo(16030): applicationDensity - 300
03-07 10:14:37.663 D/CompatibilityInfo(16030): applicationScale - 1.0
03-07 10:14:37.666 I/SDM     (  887): HWCDisplay::GetColorModeCount: Supported color mode count = 1
03-07 10:14:37.666 I/SDM     (  887): HWCDisplay::GetColorModes: Color mode = 0 is supported
03-07 10:14:37.667 D/C2SoftVpxEnc( 4476): bytes generated 208
03-07 10:14:37.668 D/CompatibilityInfo(16030): mCompatibilityFlags - 4
03-07 10:14:37.668 D/CompatibilityInfo(16030): applicationDensity - 300
03-07 10:14:37.668 E/OpenGLRenderer( 9717): Unable to match the desired swap behavior.
03-07 10:14:37.668 D/CompatibilityInfo(16030): applicationScale - 1.0
03-07 10:14:37.685 D/C2SoftVpxEnc( 4476): bytes generated 208
03-07 10:14:37.694 E/SurfaceFlinger(15955): Pid 9717 State change to: start
03-07 10:14:37.694 I/RawInputReader$a( 9717): submitJob nativeRawReader raw_input-52
03-07 10:14:37.694 E/SurfaceFlinger(15955): Setup finished.
03-07 10:14:37.695 E/lib_touch_reader( 9717): could not open /dev/input/event1, No such file or directory
03-07 10:14:37.696 E/lib_touch_reader( 9717): could not get device name for /dev/input/event3, No such file or directory
03-07 10:14:37.701 I/Benchmark(17202): getAppConfig ---> 1ms
03-07 10:14:37.701 I/RxEACUtils(17202): updateAppDataEACInfo pkgName: com.boox.einkdraw, isAutoFreeze: false, isEACEnabled: true
03-07 10:14:37.702 I/Benchmark(17202): getAppConfig ---> 1ms
03-07 10:14:37.702 I/lib_touch_reader( 9717): find path /dev/input/event6 result name onyx_emp_Wacom I2C Digitizer
03-07 10:14:37.702 I/RxEACUtils(17202): updateAppDataEACInfo pkgName: com.aige.hipaint, isAutoFreeze: false, isEACEnabled: true
03-07 10:14:37.704 I/Benchmark(17202): getAppConfig ---> 2ms
03-07 10:14:37.704 I/RxEACUtils(17202): updateAppDataEACInfo pkgName: com.onyx, isAutoFreeze: false, isEACEnabled: false
03-07 10:14:37.705 E/SurfaceFlinger(15955): State changed!
03-07 10:14:37.707 I/Benchmark(17202): getAppConfig ---> 3ms
03-07 10:14:37.707 I/RxEACUtils(17202): updateAppDataEACInfo pkgName: com.android.chrome, isAutoFreeze: false, isEACEnabled: true
03-07 10:14:37.707 E/SurfaceFlinger(15955): Pid 9717 State change to: start
03-07 10:14:37.708 E/SurfaceFlinger(15955): State changed!
03-07 10:14:37.711 E/SurfaceFlinger(15955): Pid 9717 State change to: running
03-07 10:14:37.711 I/Benchmark(17202): getAppConfig ---> 4ms
03-07 10:14:37.711 I/RxEACUtils(17202): updateAppDataEACInfo pkgName: com.android.vending, isAutoFreeze: false, isEACEnabled: false
03-07 10:14:37.712 D/C2SoftVpxEnc( 4476): bytes generated 208
03-07 10:14:37.714 D/CompatibilityInfo(16030): mCompatibilityFlags - 4
03-07 10:14:37.714 D/CompatibilityInfo(16030): applicationDensity - 300
03-07 10:14:37.714 D/CompatibilityInfo(16030): applicationScale - 1.0
03-07 10:14:37.717 D/CompatibilityInfo(16030): mCompatibilityFlags - 4
03-07 10:14:37.717 D/CompatibilityInfo(16030): applicationDensity - 300
03-07 10:14:37.717 D/CompatibilityInfo(16030): applicationScale - 1.0
03-07 10:14:37.720 D/CompatibilityInfo(16030): mCompatibilityFlags - 4
03-07 10:14:37.720 D/CompatibilityInfo(16030): applicationDensity - 300
03-07 10:14:37.720 D/CompatibilityInfo(16030): applicationScale - 1.0
03-07 10:14:37.721 E/SurfaceFlinger(15955): State changed!
03-07 10:14:37.725 D/CompatibilityInfo(16030): mCompatibilityFlags - 4
03-07 10:14:37.725 D/CompatibilityInfo(16030): applicationDensity - 300
03-07 10:14:37.725 D/CompatibilityInfo(16030): applicationScale - 1.0
03-07 10:14:37.727 I/servicemanager(  575): Could not find android.hardware.graphics.allocator.IAllocator/default in the VINTF manifest.
03-07 10:14:37.731 D/CompatibilityInfo(16030): mCompatibilityFlags - 4
03-07 10:14:37.731 D/CompatibilityInfo(16030): applicationDensity - 300
03-07 10:14:37.731 D/CompatibilityInfo(16030): applicationScale - 1.0
03-07 10:14:37.742 I/RawInputReader$a( 9717): submitJob finally closeRawInput raw_input-52
03-07 10:14:37.743 E/SurfaceFlinger(15955): Pid 9717 State change to: start
03-07 10:14:37.743 I/RawInputReader$a( 9717): submitJob nativeRawReader raw_input-52
03-07 10:14:37.743 E/SurfaceFlinger(15955): State changed!
03-07 10:14:37.743 E/lib_touch_reader( 9717): could not open /dev/input/event1, No such file or directory
03-07 10:14:37.743 E/lib_touch_reader( 9717): could not get device name for /dev/input/event3, No such file or directory
03-07 10:14:37.744 I/lib_touch_reader( 9717): find path /dev/input/event6 result name onyx_emp_Wacom I2C Digitizer
03-07 10:14:37.745 E/SurfaceFlinger(15955): Pid 9717 State change to: start
03-07 10:14:37.745 E/SurfaceFlinger(15955): State changed!
03-07 10:14:37.746 E/SurfaceFlinger(15955): Pid 9717 State change to: running
03-07 10:14:37.756 E/SurfaceFlinger(15955): State changed!
03-07 10:14:37.772 E/SurfaceSyncer( 9717): Failed to find sync for id=0
03-07 10:14:37.780 D/C2SoftVpxEnc( 4476): bytes generated 208
03-07 10:14:37.807 D/C2SoftVpxEnc( 4476): bytes generated 207
03-07 10:14:37.819 W/PowerManager(16030): WakeLock tag:WindowManager/displayId:0 from [android] is forbidden
03-07 10:14:37.820 W/ziparchive(16030): Unable to open '/data/app/~~qXCOrN29sArtXy1R-4-n-w==/com.boox.einkdraw-oWu5SXyIAeZ0lSmXUQBV6g==/base.dm': No such file or directory
03-07 10:14:37.823 I/ActivityTaskManager(16030): Displayed com.boox.einkdraw/.MainActivity: +946ms
03-07 10:14:37.832 D/NotificationShadeWindowController(16259): NotificationShadeWindowControllerImpl visible:false  forceWindowCollapsedfalse  (isKeyguardShowingAndNotOccluded:false  panelVisible:false  keyguardFadingAway:false  bouncerShowing:false  headsUpNotificationShowing:false  scrimsVisibility:false)   backgroundBlurRadius > 0:false  launchingActivityFromNotification:false
03-07 10:14:37.839 W/PowerManager(16030): WakeLock tag:WindowManager/displayId:0 from [android] is forbidden
03-07 10:14:37.840 D/debugOrientation(16030): ActivityRecord{3635e3b u0 com.boox.einkdraw/.MainActivity} t1629}  computeOrientation :-1 user set rotation -1
03-07 10:14:37.842 W/PowerManager(16030): WakeLock tag:WindowManager/displayId:0 from [android] is forbidden
03-07 10:14:37.846 D/CompatibilityChangeReporter(16030): Compat change id reported: 214016041; UID 10137; state: ENABLED
03-07 10:14:37.847 I/ActivityNotifier(16030): DynamicDDS service disabled
03-07 10:14:37.848 W/InputManager-JNI(16030): Input channel object '889eb70 Splash Screen com.boox.einkdraw (client)' was disposed without first being removed with the input manager!
03-07 10:14:37.850 W/PowerManager(16030): WakeLock tag:WindowManager/displayId:0 from [android] is forbidden
03-07 10:14:37.851 I/TabletMainActivity(17202): onStop--------------
03-07 10:14:37.851 D/EventBus(17202): No subscribers registered for event class com.onyx.android.sdk.kui.event.FileSelectorDialogDismissEvent
03-07 10:14:37.851 D/EventBus(17202): No subscribers registered for event class org.greenrobot.eventbus.NoSubscriberEvent
03-07 10:14:37.853 D/CoreBackPreview(16030): Window{889eb70 u0 Splash Screen com.boox.einkdraw EXITING}: Setting back callback null
03-07 10:14:37.853 W/PowerManager(16030): WakeLock tag:WindowManager/displayId:0 from [android] is forbidden
03-07 10:14:37.870 W/PowerManager(16030): WakeLock tag:WindowManager/displayId:0 from [android] is forbidden
03-07 10:14:37.872 D/CompatibilityInfo(16030): mCompatibilityFlags - 4
03-07 10:14:37.872 D/CompatibilityInfo(16030): applicationDensity - 300
03-07 10:14:37.872 D/CompatibilityInfo(16030): applicationScale - 1.0
03-07 10:14:37.895 W/PowerManager(16030): WakeLock tag:WindowManager/displayId:0 from [android] is forbidden
03-07 10:14:37.898 D/CompatibilityInfo(16030): mCompatibilityFlags - 4
03-07 10:14:37.898 D/CompatibilityInfo(16030): applicationDensity - 300
03-07 10:14:37.898 D/CompatibilityInfo(16030): applicationScale - 1.0
03-07 10:14:37.902 I/SDM     (  887): update_to_display[1/0] -- marker[95451] waveform_mode = 2, update_mode = 1, Rect[1361 1679 1096 158], flags = 20
03-07 10:14:37.907 D/C2SoftVpxEnc( 4476): bytes generated 208
03-07 10:14:37.921 D/CompatibilityInfo(16030): mCompatibilityFlags - 4
03-07 10:14:37.921 D/CompatibilityInfo(16030): applicationDensity - 300
03-07 10:14:37.921 D/CompatibilityInfo(16030): applicationScale - 1.0
03-07 10:14:37.936 D/C2SoftVpxEnc( 4476): bytes generated 25214
03-07 10:14:37.953 D/C2SoftVpxEnc( 4476): bytes generated 1439
03-07 10:14:37.965 D/C2SoftVpxEnc( 4476): bytes generated 625
03-07 10:14:37.980 D/C2SoftVpxEnc( 4476): bytes generated 413
03-07 10:14:38.075 I/BtGatt.ScanManager( 8294): msg.what = 6
03-07 10:14:38.078 I/FontLog (23658): (REDACTED) Received query %s, URI %s
03-07 10:14:38.078 I/FontLog (23658): (REDACTED) Query [%s] resolved to %s
03-07 10:14:38.080 D/C2SoftVpxEnc( 4476): bytes generated 363
03-07 10:14:38.080 I/FontLog (23658): (REDACTED) Fetch %s end status %s
03-07 10:14:38.084 I/FontLog (23658): (REDACTED) Pulling font file for id = %d, cache size = %d
03-07 10:14:38.088 I/FontLog (23658): (REDACTED) Pulling font file for id = %d, cache size = %d
03-07 10:14:38.181 D/C2SoftVpxEnc( 4476): bytes generated 348
03-07 10:14:38.271 D/CCodecBufferChannel(31603): [c2.android.vp8.encoder#906] DEBUG: elapsed: n=4 [in=0 pipeline=0 out=0]
03-07 10:14:38.271 D/PipelineWatcher(31603): DEBUG: elapsed 0 / 4
03-07 10:14:38.282 D/C2SoftVpxEnc( 4476): bytes generated 348
03-07 10:14:38.365 D/CompatibilityInfo(16030): mCompatibilityFlags - 4
03-07 10:14:38.365 D/CompatibilityInfo(16030): applicationDensity - 300
03-07 10:14:38.365 D/CompatibilityInfo(16030): applicationScale - 1.0
03-07 10:14:38.385 D/C2SoftVpxEnc( 4476): bytes generated 348
03-07 10:14:38.389 D/CompatibilityInfo(16030): mCompatibilityFlags - 4
03-07 10:14:38.389 D/CompatibilityInfo(16030): applicationDensity - 300
03-07 10:14:38.389 D/CompatibilityInfo(16030): applicationScale - 1.0
03-07 10:14:38.420 D/CompatibilityInfo(16030): mCompatibilityFlags - 4
03-07 10:14:38.420 D/CompatibilityInfo(16030): applicationDensity - 300
03-07 10:14:38.420 D/CompatibilityInfo(16030): applicationScale - 1.0
03-07 10:14:38.434 I/OverlayTileService(21701): updateTileIconStatus false
03-07 10:14:38.485 D/C2SoftVpxEnc( 4476): bytes generated 348
03-07 10:14:38.590 D/C2SoftVpxEnc( 4476): bytes generated 348
03-07 10:14:38.689 D/C2SoftVpxEnc( 4476): bytes generated 348
03-07 10:14:38.790 D/C2SoftVpxEnc( 4476): bytes generated 348
03-07 10:14:38.865 D/CompatibilityInfo(16030): mCompatibilityFlags - 4
03-07 10:14:38.865 D/CompatibilityInfo(16030): applicationDensity - 300
03-07 10:14:38.866 D/CompatibilityInfo(16030): applicationScale - 1.0
03-07 10:14:38.894 D/C2SoftVpxEnc( 4476): bytes generated 348
03-07 10:14:38.894 D/CompatibilityInfo(16030): mCompatibilityFlags - 4
03-07 10:14:38.894 D/CompatibilityInfo(16030): applicationDensity - 300
03-07 10:14:38.894 D/CompatibilityInfo(16030): applicationScale - 1.0
03-07 10:14:38.920 D/CompatibilityInfo(16030): mCompatibilityFlags - 4
03-07 10:14:38.920 D/CompatibilityInfo(16030): applicationDensity - 300
03-07 10:14:38.920 D/CompatibilityInfo(16030): applicationScale - 1.0
03-07 10:14:38.993 D/C2SoftVpxEnc( 4476): bytes generated 348
03-07 10:14:39.226 I/MouseCursorController(16030): Pointer Action: fade, transition=IMMEDIATE, pointerAlpha=0.000000
03-07 10:14:39.226 I/MouseCursorController(16030): handle updatePointerLocked(): pointerAlpha=0.000000, pointerVisible=0
03-07 10:14:39.226 I/MouseCursorController(16030): hide sprite
03-07 10:14:39.226 I/Sprites (16030): SpriteImpl::setAlpha(0.000000), origin alpha=0.000000
03-07 10:14:39.368 D/CompatibilityInfo(16030): mCompatibilityFlags - 4
03-07 10:14:39.368 D/CompatibilityInfo(16030): applicationDensity - 300
03-07 10:14:39.368 D/CompatibilityInfo(16030): applicationScale - 1.0
03-07 10:14:39.390 D/CompatibilityInfo(16030): mCompatibilityFlags - 4
03-07 10:14:39.390 D/CompatibilityInfo(16030): applicationDensity - 300
03-07 10:14:39.391 D/CompatibilityInfo(16030): applicationScale - 1.0
03-07 10:14:39.421 D/CompatibilityInfo(16030): mCompatibilityFlags - 4
03-07 10:14:39.421 D/CompatibilityInfo(16030): applicationDensity - 300
03-07 10:14:39.421 D/CompatibilityInfo(16030): applicationScale - 1.0
03-07 10:14:39.438 I/OverlayTileService(21701): updateTileIconStatus false
03-07 10:14:39.672 W/ANDR-PERF-LM(  895): FeatureState: readState() 151: warning: appName is NULL, returning default State
03-07 10:14:39.672 W/ANDR-PERF-LM(  895): FeatureState: readState() 151: warning: appName is NULL, returning default State
03-07 10:14:39.778 D/C2SoftVpxEnc( 4476): bytes generated 348
03-07 10:14:39.803 D/C2SoftVpxEnc( 4476): bytes generated 627
03-07 10:14:39.836 I/NearbyMediums(23658): No BLE Fast/GATT advertisements found in the latest cycle.
03-07 10:14:39.836 I/NearbyMediums(23658): Current Tracked Scanning Clients are : {NearbyConnections.EnvironmentMonitor, NearbySharing, NearbyConnections.TxAdvertisement}
03-07 10:14:39.846 W/ThreadPoolForeg(23512): type=1400 audit(0.0:23033): avc: denied { write } for name="traced_producer" dev="tmpfs" ino=20703 scontext=u:r:gmscore_app:s0:c512,c768 tcontext=u:object_r:traced_producer_socket:s0 tclass=sock_file permissive=0 app=com.google.android.gms
03-07 10:14:39.855 I/RawInputReader$a( 9717): submitJob finally closeRawInput raw_input-52
03-07 10:14:39.855 I/RawInputReader$a( 9717): submitJob nativeRawReader raw_input-52
03-07 10:14:39.856 E/SurfaceFlinger(15955): Pid 9717 State change to: start
03-07 10:14:39.856 E/SurfaceFlinger(15955): State changed!
03-07 10:14:39.856 E/lib_touch_reader( 9717): could not open /dev/input/event1, No such file or directory
03-07 10:14:39.857 E/lib_touch_reader( 9717): could not get device name for /dev/input/event3, No such file or directory
03-07 10:14:39.858 I/lib_touch_reader( 9717): find path /dev/input/event6 result name onyx_emp_Wacom I2C Digitizer
03-07 10:14:39.859 E/SurfaceFlinger(15955): Pid 9717 State change to: start
03-07 10:14:39.859 E/SurfaceFlinger(15955): State changed!
03-07 10:14:39.862 E/SurfaceFlinger(15955): Pid 9717 State change to: running
03-07 10:14:39.867 D/CompatibilityInfo(16030): mCompatibilityFlags - 4
03-07 10:14:39.867 D/CompatibilityInfo(16030): applicationDensity - 300
03-07 10:14:39.867 D/CompatibilityInfo(16030): applicationScale - 1.0
03-07 10:14:39.871 D/C2SoftVpxEnc( 4476): bytes generated 656
03-07 10:14:39.873 E/SurfaceFlinger(15955): State changed!
03-07 10:14:39.889 D/CompatibilityInfo(16030): mCompatibilityFlags - 4
03-07 10:14:39.889 D/CompatibilityInfo(16030): applicationDensity - 300
03-07 10:14:39.889 D/CompatibilityInfo(16030): applicationScale - 1.0
03-07 10:14:39.922 D/CompatibilityInfo(16030): mCompatibilityFlags - 4
03-07 10:14:39.922 D/CompatibilityInfo(16030): applicationDensity - 300
03-07 10:14:39.922 D/CompatibilityInfo(16030): applicationScale - 1.0
03-07 10:14:39.925 E/ANDR-PERF-LM(  895): DependentServices: getServices() 97: Service Tracker HAL could not find Client Connections
03-07 10:14:39.952 D/C2SoftVpxEnc( 4476): bytes generated 3094
03-07 10:14:39.977 D/C2SoftVpxEnc( 4476): bytes generated 610
03-07 10:14:39.996 D/C2SoftVpxEnc( 4476): bytes generated 399
03-07 10:14:40.098 D/C2SoftVpxEnc( 4476): bytes generated 358
03-07 10:14:40.198 D/C2SoftVpxEnc( 4476): bytes generated 350
03-07 10:14:40.302 D/C2SoftVpxEnc( 4476): bytes generated 345
03-07 10:14:40.371 D/CompatibilityInfo(16030): mCompatibilityFlags - 4
03-07 10:14:40.371 D/CompatibilityInfo(16030): applicationDensity - 300
03-07 10:14:40.371 D/CompatibilityInfo(16030): applicationScale - 1.0
03-07 10:14:40.388 I/MouseCursorController(16030): Pointer Action: fade, transition=IMMEDIATE, pointerAlpha=0.000000
03-07 10:14:40.388 I/MouseCursorController(16030): handle updatePointerLocked(): pointerAlpha=0.000000, pointerVisible=0
03-07 10:14:40.388 I/MouseCursorController(16030): hide sprite
03-07 10:14:40.388 I/Sprites (16030): SpriteImpl::setAlpha(0.000000), origin alpha=0.000000
03-07 10:14:40.398 D/CompatibilityInfo(16030): mCompatibilityFlags - 4
03-07 10:14:40.398 D/CompatibilityInfo(16030): applicationDensity - 300
03-07 10:14:40.398 D/CompatibilityInfo(16030): applicationScale - 1.0
03-07 10:14:40.424 D/CompatibilityInfo(16030): mCompatibilityFlags - 4
03-07 10:14:40.424 D/CompatibilityInfo(16030): applicationDensity - 300
03-07 10:14:40.424 D/CompatibilityInfo(16030): applicationScale - 1.0
03-07 10:14:40.427 D/C2SoftVpxEnc( 4476): bytes generated 345
03-07 10:14:40.441 I/OverlayTileService(21701): updateTileIconStatus false
03-07 10:14:40.505 D/C2SoftVpxEnc( 4476): bytes generated 345
03-07 10:14:40.511 E/SurfaceFlinger(15955): HandlePenTrigger, sid: -1 value is: 0 pid 9717
03-07 10:14:40.515 E/HWEpdcManager(15955): ### EUS, s 3 c 0
03-07 10:14:40.533 E/InputEventReceiver( 9717): Exception dispatching input event.
03-07 10:14:40.533 F/m.boox.einkdraw( 9717): java_vm_ext.cc:594] JNI DETECTED ERROR IN APPLICATION: JNI CallVoidMethodV called with pending exception java.lang.NoSuchMethodError: No static method create(Landroid/view/MotionEvent;)Lcom/onyx/android/sdk/data/note/TouchPoint; in class Lcom/onyx/android/sdk/data/note/TouchPoint; or its super classes (declaration of 'com.onyx.android.sdk.data.note.TouchPoint' appears in /data/data/com.boox.einkdraw/code_cache/.overlay/base.apk/classes3.dex)
03-07 10:14:40.533 F/m.boox.einkdraw( 9717): java_vm_ext.cc:594]   at void com.onyx.android.sdk.pen.touch.AppTouchInputReader.g(android.view.MotionEvent) (SourceFile:2)
03-07 10:14:40.533 F/m.boox.einkdraw( 9717): java_vm_ext.cc:594]   at void com.onyx.android.sdk.pen.touch.AppTouchInputReader.a(android.view.MotionEvent, int) (SourceFile:12)
03-07 10:14:40.533 F/m.boox.einkdraw( 9717): java_vm_ext.cc:594]   at void com.onyx.android.sdk.pen.touch.AppTouchInputReader.c(android.view.MotionEvent) (SourceFile:8)
03-07 10:14:40.533 F/m.boox.einkdraw( 9717): java_vm_ext.cc:594]   at boolean com.onyx.android.sdk.pen.touch.AppTouchInputReader.e(android.view.MotionEvent) (SourceFile:7)
03-07 10:14:40.533 F/m.boox.einkdraw( 9717): java_vm_ext.cc:594]   at boolean com.onyx.android.sdk.pen.touch.AppTouchInputReader.processMotionEvent(android.view.MotionEvent) (SourceFile:11)
03-07 10:14:40.533 F/m.boox.einkdraw( 9717): java_vm_ext.cc:594]   at boolean com.onyx.android.sdk.pen.touch.AppTouchRender.onTouchEvent(android.view.MotionEvent) (SourceFile:4)
03-07 10:14:40.533 F/m.boox.einkdraw( 9717): java_vm_ext.cc:594]   at boolean com.onyx.android.sdk.pen.touch.AppTouchRender.a(android.view.View, android.view.MotionEvent) (SourceFile:3)
03-07 10:14:40.533 F/m.boox.einkdraw( 9717): java_vm_ext.cc:594]   at boolean com.onyx.android.sdk.pen.touch.AppTouchRender.$r8$lambda$o4mm0ypYp-Dh324IJ-J2pzIYZaw(com.onyx.android.sdk.pen.touch.AppTouchRender, android.view.View, android.view.MotionEvent) (SourceFile:-1)
03-07 10:14:40.533 F/m.boox.einkdraw( 9717): java_vm_ext.cc:594]   at boolean com.onyx.android.sdk.pen.touch.AppTouchRender$$ExternalSyntheticLambda0.onTouch(android.view.View, android.view.MotionEvent) (D8$$SyntheticClass:0)
03-07 10:14:40.533 F/m.boox.einkdraw( 9717): java_vm_ext.cc:594]   at boolean android.view.View.dispatchTouchEvent(android.view.MotionEvent) (View.java:15093)
03-07 10:14:40.533 F/m.boox.einkdraw( 9717): java_vm_ext.cc:594]   at boolean android.view.ViewGroup.dispatchTransformedTouchEvent(android.view.MotionEvent, boolean, android.view.View, int) (ViewGroup.java:3123)
03-07 10:14:40.533 F/m.boox.einkdraw( 9717): java_vm_ext.cc:594]   at boolean android.view.ViewGroup.dispatchTouchEvent(android.view.MotionEvent) (ViewGroup.java:2746)
03-07 10:14:40.533 F/m.boox.einkdraw( 9717): java_vm_ext.cc:594]   at boolean android.view.ViewGroup.dispatchTransformedTouchEvent(android.view.MotionEvent, boolean, android.view.View, int) (ViewGroup.java:3123)
03-07 10:14:40.533 F/m.boox.einkdraw( 9717): java_vm_ext.cc:594]   at boolean android.view.ViewGroup.dispatchTouchEvent(android.view.MotionEvent) (ViewGroup.java:2746)
03-07 10:14:40.533 F/m.boox.einkdraw( 9717): java_vm_ext.cc:594]   at boolean android.view.ViewGroup.dispatchTransformedTouchEvent(android.view.MotionEvent, boolean, android.view.View, int) (ViewGroup.java:3123)
03-07 10:14:40.533 F/m.boox.einkdraw( 9717): java_vm_ext.cc:594]   at boolean android.view.ViewGroup.dispatchTouchEvent(android.view.MotionEvent) (ViewGroup.java:2746)
03-07 10:14:40.533 F/m.boox.einkdraw( 9717): java_vm_ext.cc:594]   at boolean android.view.ViewGroup.dispatchTransformedTouchEvent(android.view.MotionEvent, boolean, android.view.View, int) (ViewGroup.java:3123)
03-07 10:14:40.533 F/m.boox.einkdraw( 9717): java_vm_ext.cc:594]   at boolean android.view.ViewGroup.dispatchTouchEvent(android.view.MotionEvent) (ViewGroup.java:2746)
03-07 10:14:40.533 F/m.boox.einkdraw( 9717): java_vm_ext.cc:594]   at boolean android.view.ViewGroup.dispatchTransformedTouchEvent(android.view.MotionEvent, boolean, android.view.View, int) (ViewGroup.java:3123)
03-07 10:14:40.533 F/m.boox.einkdraw( 9717): java_vm_ext.cc:594]   at boolean android.view.ViewGroup.dispatchTouchEvent(android.view.MotionEvent) (ViewGroup.java:2746)
03-07 10:14:40.533 F/m.boox.einkdraw( 9717): java_vm_ext.cc:594]   at boolean android.view.ViewGroup.dispatchTransformedTouchEvent(android.view.MotionEvent, boolean, android.view.View, int) (ViewGroup.java:3123)
03-07 10:14:40.533 F/m.boox.einkdraw( 9717): java_vm_ext.cc:594]   at boolean android.view.ViewGroup.dispatchTouchEvent(android.view.MotionEvent) (ViewGroup.java:2746)
03-07 10:14:40.533 F/m.boox.einkdraw( 9717): java_vm_ext.cc:594]   at boolean com.android.internal.policy.DecorView.superDispatchTouchEvent(android.view.MotionEvent) (DecorView.java:507)
03-07 10:14:40.533 F/m.boox.einkdraw( 9717): java_vm_ext.cc:594]   at boolean com.android.internal.policy.PhoneWindow.superDispatchTouchEvent(android.view.MotionEvent) (PhoneWindow.java:1916)
03-07 10:14:40.533 F/m.boox.einkdraw( 9717): java_vm_ext.cc:594]   at boolean android.app.Activity.dispatchTouchEvent(android.view.MotionEvent) (Activity.java:4299)
03-07 10:14:40.533 F/m.boox.einkdraw( 9717): java_vm_ext.cc:594]   at boolean androidx.appcompat.view.WindowCallbackWrapper.dispatchTouchEvent(android.view.MotionEvent) (WindowCallbackWrapper.java:69)
03-07 10:14:40.533 F/m.boox.einkdraw( 9717): java_vm_ext.cc:594]   at boolean com.android.internal.policy.DecorView.dispatchTouchEvent(android.view.MotionEvent) (DecorView.java:465)
03-07 10:14:40.533 F/m.boox.einkdraw( 9717): java_vm_ext.cc:594]   at boolean android.view.View.dispatchPointerEvent(android.view.MotionEvent) (View.java:15359)
03-07 10:14:40.533 F/m.boox.einkdraw( 9717): java_vm_ext.cc:594]   at int android.view.ViewRootImpl$ViewPostImeInputStage.processPointerEvent(android.view.ViewRootImpl$QueuedInputEvent) (ViewRootImpl.java:6846)
03-07 10:14:40.533 F/m.boox.einkdraw( 9717): java_vm_ext.cc:594]   at int android.view.ViewRootImpl$ViewPostImeInputStage.onProcess(android.view.ViewRootImpl$QueuedInputEvent) (ViewRootImpl.java:6646)
03-07 10:14:40.533 F/m.boox.einkdraw( 9717): java_vm_ext.cc:594]   at void android.view.ViewRootImpl$InputStage.deliver(android.view.ViewRootImpl$QueuedInputEvent) (ViewRootImpl.java:6102)
03-07 10:14:40.533 F/m.boox.einkdraw( 9717): java_vm_ext.cc:594]   at void android.view.ViewRootImpl$InputStage.onDeliverToNext(android.view.ViewRootImpl$QueuedInputEvent) (ViewRootImpl.java:6159)
03-07 10:14:40.533 F/m.boox.einkdraw( 9717): java_vm_ext.cc:594]   at void android.view.ViewRootImpl$InputStage.forward(android.view.ViewRootImpl$QueuedInputEvent) (ViewRootImpl.java:6125)
03-07 10:14:40.533 F/m.boox.einkdraw( 9717): java_vm_ext.cc:594]   at void android.view.ViewRootImpl$AsyncInputStage.forward(android.view.ViewRootImpl$QueuedInputEvent) (ViewRootImpl.java:6290)
03-07 10:14:40.533 F/m.boox.einkdraw( 9717): java_vm_ext.cc:594]   at void android.view.ViewRootImpl$InputStage.apply(android.view.ViewRootImpl$QueuedInputEvent, int) (ViewRootImpl.java:6133)
03-07 10:14:40.533 F/m.boox.einkdraw( 9717): java_vm_ext.cc:594]   at void android.view.ViewRootImpl$AsyncInputStage.apply(android.view.ViewRootImpl$QueuedInputEvent, int) (ViewRootImpl.java:6347)
03-07 10:14:40.533 F/m.boox.einkdraw( 9717): java_vm_ext.cc:594]   at void android.view.ViewRootImpl$InputStage.deliver(android.view.ViewRootImpl$QueuedInputEvent) (ViewRootImpl.java:6106)
03-07 10:14:40.533 F/m.boox.einkdraw( 9717): java_vm_ext.cc:594]   at void android.view.ViewRootImpl$InputStage.onDeliverToNext(android.view.ViewRootImpl$QueuedInputEvent) (ViewRootImpl.java:6159)
03-07 10:14:40.533 F/m.boox.einkdraw( 9717): java_vm_ext.cc:594]   at void android.view.ViewRootImpl$InputStage.forward(android.view.ViewRootImpl$QueuedInputEvent) (ViewRootImpl.java:6125)
03-07 10:14:40.533 F/m.boox.einkdraw( 9717): java_vm_ext.cc:594]   at void android.view.ViewRootImpl$InputStage.apply(android.view.ViewRootImpl$QueuedInputEvent, int) (ViewRootImpl.java:6133)
03-07 10:14:40.533 F/m.boox.einkdraw( 9717): java_vm_ext.cc:594]   at void android.view.ViewRootImpl$InputStage.deliver(android.view.ViewRootImpl$QueuedInputEvent) (ViewRootImpl.java:6106)
03-07 10:14:40.533 F/m.boox.einkdraw( 9717): java_vm_ext.cc:594]   at void android.view.ViewRootImpl.deliverInputEvent(android.view.ViewRootImpl$QueuedInputEvent) (ViewRootImpl.java:9307)
03-07 10:14:40.533 F/m.boox.einkdraw( 9717): java_vm_ext.cc:594]   at void android.view.ViewRootImpl.doProcessInputEvents() (ViewRootImpl.java:9258)
03-07 10:14:40.533 F/m.boox.einkdraw( 9717): java_vm_ext.cc:594]   at void android.view.ViewRootImpl.enqueueInputEvent(android.view.InputEvent, android.view.InputEventReceiver, int, boolean) (ViewRootImpl.java:9202)
03-07 10:14:40.533 F/m.boox.einkdraw( 9717): java_vm_ext.cc:594]   at void android.view.ViewRootImpl$WindowInputEventReceiver.onInputEvent(android.view.InputEvent) (ViewRootImpl.java:9430)
03-07 10:14:40.533 F/m.boox.einkdraw( 9717): java_vm_ext.cc:594]   at void android.view.InputEventReceiver.dispatchInputEvent(int, android.view.InputEvent) (InputEventReceiver.java:268)
03-07 10:14:40.533 F/m.boox.einkdraw( 9717): java_vm_ext.cc:594]   at void android.os.MessageQueue.nativePollOnce(long, int) (MessageQueue.java:-2)
03-07 10:14:40.533 F/m.boox.einkdraw( 9717): java_vm_ext.cc:594]   at android.os.Message android.os.MessageQueue.next() (MessageQueue.java:335)
03-07 10:14:40.533 F/m.boox.einkdraw( 9717): java_vm_ext.cc:594]   at boolean android.os.Looper.loopOnce(android.os.Looper, long, int) (Looper.java:161)
03-07 10:14:40.533 F/m.boox.einkdraw( 9717): java_vm_ext.cc:594]   at void android.os.Looper.loop() (Looper.java:288)
03-07 10:14:40.533 F/m.boox.einkdraw( 9717): java_vm_ext.cc:594]   at void android.app.ActivityThread.main(java.lang.String[]) (ActivityThread.java:8048)
03-07 10:14:40.533 F/m.boox.einkdraw( 9717): java_vm_ext.cc:594]   at java.lang.Object java.lang.reflect.Method.invoke(java.lang.Object, java.lang.Object[]) (Method.java:-2)
03-07 10:14:40.533 F/m.boox.einkdraw( 9717): java_vm_ext.cc:594]   at void com.android.internal.os.RuntimeInit$MethodAndArgsCaller.run() (RuntimeInit.java:548)
03-07 10:14:40.533 F/m.boox.einkdraw( 9717): java_vm_ext.cc:594]   at void com.android.internal.os.ZygoteInit.main(java.lang.String[]) (ZygoteInit.java:942)
03-07 10:14:40.533 F/m.boox.einkdraw( 9717): java_vm_ext.cc:594] 
03-07 10:14:40.533 F/m.boox.einkdraw( 9717): java_vm_ext.cc:594]     in call to CallVoidMethodV
03-07 10:14:40.533 F/m.boox.einkdraw( 9717): java_vm_ext.cc:594]     from void android.os.MessageQueue.nativePollOnce(long, int)
03-07 10:14:40.622 D/C2SoftVpxEnc( 4476): bytes generated 345
03-07 10:14:40.634 D/neo_lib (15955): |neo_pen_export.cpp:createPen:292| pen config: type: 6, fastMode: 1, dpi: 320, displayScaleX: 1, displayScaleY: 1, scalePrecision: 1, color: 0xff000000, penWidth: 11, penMinWidth: 1, rotateAngle: 0, tiltEnabled: 0, tiltScale: 3, directionEnabled: 0, brushShape: 0, brushRatio: 5, brushAngle: 0, brushSpacing: 0.25, pressureSensitivity: 0.3, velocitySensitivity: 0.5, velocityAmplifier: 0, velocityIgnoreThreshold: 0, velocityLowerBound: 0, velocityUpperBound: 0, smoothLevel: 0.2
03-07 10:14:40.669 F/m.boox.einkdraw( 9717): runtime.cc:675] Runtime aborting...
03-07 10:14:40.669 F/m.boox.einkdraw( 9717): runtime.cc:675] Dumping all threads without mutator lock held
03-07 10:14:40.669 F/m.boox.einkdraw( 9717): runtime.cc:675] All threads:
03-07 10:14:40.669 F/m.boox.einkdraw( 9717): runtime.cc:675] DALVIK THREADS (25):
03-07 10:14:40.669 F/m.boox.einkdraw( 9717): runtime.cc:675] "main" prio=10 tid=1 Runnable
03-07 10:14:40.669 F/m.boox.einkdraw( 9717): runtime.cc:675]   | group="" sCount=0 ucsCount=0 flags=0 obj=0x73259ca8 self=0xb4000076eb01f7b0
03-07 10:14:40.669 F/m.boox.einkdraw( 9717): runtime.cc:675]   | sysTid=9717 nice=-10 cgrp=default sched=0/0 handle=0x78902974f8
03-07 10:14:40.669 F/m.boox.einkdraw( 9717): runtime.cc:675]   | state=R schedstat=( 1099112856 124373659 2469 ) utm=87 stm=22 core=7 HZ=100
03-07 10:14:40.669 F/m.boox.einkdraw( 9717): runtime.cc:675]   | stack=0x7fcaa89000-0x7fcaa8b000 stackSize=8188KB
03-07 10:14:40.669 F/m.boox.einkdraw( 9717): runtime.cc:675]   | held mutexes= "abort lock" "mutator lock"(shared held)
03-07 10:14:40.669 F/m.boox.einkdraw( 9717): runtime.cc:675]   native: #00 pc 000000000055fdcc  /apex/com.android.art/lib64/libart.so (art::DumpNativeStack(std::__1::basic_ostream<char, std::__1::char_traits<char> >&, int, BacktraceMap*, char const*, art::ArtMethod*, void*, bool)+152) (BuildId: 3fdfb8b8ec5407af450c28a00ba584a8)
03-07 10:14:40.669 F/m.boox.einkdraw( 9717): runtime.cc:675]   native: #01 pc 0000000000661680  /apex/com.android.art/lib64/libart.so (art::Thread::DumpStack(std::__1::basic_ostream<char, std::__1::char_traits<char> >&, bool, BacktraceMap*, bool) const+344) (BuildId: 3fdfb8b8ec5407af450c28a00ba584a8)
03-07 10:14:40.669 F/m.boox.einkdraw( 9717): runtime.cc:675]   native: #02 pc 000000000067ea9c  /apex/com.android.art/lib64/libart.so (art::DumpCheckpoint::Run(art::Thread*)+912) (BuildId: 3fdfb8b8ec5407af450c28a00ba584a8)
03-07 10:14:40.669 F/m.boox.einkdraw( 9717): runtime.cc:675]   native: #03 pc 0000000000678914  /apex/com.android.art/lib64/libart.so (art::ThreadList::RunCheckpoint(art::Closure*, art::Closure*)+508) (BuildId: 3fdfb8b8ec5407af450c28a00ba584a8)
03-07 10:14:40.669 F/m.boox.einkdraw( 9717): runtime.cc:675]   native: #04 pc 0000000000677be0  /apex/com.android.art/lib64/libart.so (art::ThreadList::Dump(std::__1::basic_ostream<char, std::__1::char_traits<char> >&, bool)+1824) (BuildId: 3fdfb8b8ec5407af450c28a00ba584a8)
03-07 10:14:40.669 F/m.boox.einkdraw( 9717): runtime.cc:675]   native: #05 pc 000000000062df8c  /apex/com.android.art/lib64/libart.so (art::AbortState::Dump(std::__1::basic_ostream<char, std::__1::char_traits<char> >&) const+216) (BuildId: 3fdfb8b8ec5407af450c28a00ba584a8)
03-07 10:14:40.669 F/m.boox.einkdraw( 9717): runtime.cc:675]   native: #06 pc 0000000000618774  /apex/com.android.art/lib64/libart.so (art::Runtime::Abort(char const*)+1272) (BuildId: 3fdfb8b8ec5407af450c28a00ba584a8)
03-07 10:14:40.669 F/m.boox.einkdraw( 9717): runtime.cc:675]   native: #07 pc 0000000000017114  /system/lib64/libbase.so (android::base::SetAborter(std::__1::function<void (char const*)>&&)::$_3::__invoke(char const*)+84) (BuildId: ef369bfbad96b532c6d8e0b144a68b96)
03-07 10:14:40.669 F/m.boox.einkdraw( 9717): runtime.cc:675]   native: #08 pc 0000000000016648  /system/lib64/libbase.so (android::base::LogMessage::~LogMessage()+356) (BuildId: ef369bfbad96b532c6d8e0b144a68b96)
03-07 10:14:40.669 F/m.boox.einkdraw( 9717): runtime.cc:675]   native: #09 pc 0000000000455950  /apex/com.android.art/lib64/libart.so (art::JavaVMExt::JniAbort(char const*, char const*)+2368) (BuildId: 3fdfb8b8ec5407af450c28a00ba584a8)
03-07 10:14:40.669 F/m.boox.einkdraw( 9717): runtime.cc:675]   native: #10 pc 00000000004559cc  /apex/com.android.art/lib64/libart.so (art::JavaVMExt::JniAbortV(char const*, char const*, std::__va_list)+112) (BuildId: 3fdfb8b8ec5407af450c28a00ba584a8)
03-07 10:14:40.669 F/m.boox.einkdraw( 9717): runtime.cc:675]   native: #11 pc 0000000000447dcc  /apex/com.android.art/lib64/libart.so (art::(anonymous namespace)::ScopedCheck::AbortF(char const*, ...)+148) (BuildId: 3fdfb8b8ec5407af450c28a00ba584a8)
03-07 10:14:40.669 F/m.boox.einkdraw( 9717): runtime.cc:675]   native: #12 pc 00000000004464f8  /apex/com.android.art/lib64/libart.so (art::(anonymous namespace)::ScopedCheck::CheckPossibleHeapValue(art::ScopedObjectAccess&, char, art::(anonymous namespace)::JniValueType)+3240) (BuildId: 3fdfb8b8ec5407af450c28a00ba584a8)
03-07 10:14:40.669 F/m.boox.einkdraw( 9717): runtime.cc:675]   native: #13 pc 000000000044519c  /apex/com.android.art/lib64/libart.so (art::(anonymous namespace)::ScopedCheck::Check(art::ScopedObjectAccess&, bool, char const*, art::(anonymous namespace)::JniValueType*)+796) (BuildId: 3fdfb8b8ec5407af450c28a00ba584a8)
03-07 10:14:40.670 F/m.boox.einkdraw( 9717): runtime.cc:675]   native: #14 pc 000000000044a950  /apex/com.android.art/lib64/libart.so (art::(anonymous namespace)::CheckJNI::CheckCallArgs(art::ScopedObjectAccess&, art::(anonymous namespace)::ScopedCheck&, _JNIEnv*, _jobject*, _jclass*, _jmethodID*, art::InvokeType, art::(anonymous namespace)::VarArgs const*)+140) (BuildId: 3fdfb8b8ec5407af450c28a00ba584a8)
03-07 10:14:40.670 F/m.boox.einkdraw( 9717): runtime.cc:675]   native: #15 pc 000000000044990c  /apex/com.android.art/lib64/libart.so (art::(anonymous namespace)::CheckJNI::CallMethodV(char const*, _JNIEnv*, _jobject*, _jclass*, _jmethodID*, std::__va_list, art::Primitive::Type, art::InvokeType)+688) (BuildId: 3fdfb8b8ec5407af450c28a00ba584a8)
03-07 10:14:40.670 F/m.boox.einkdraw( 9717): runtime.cc:675]   native: #16 pc 0000000000438b74  /apex/com.android.art/lib64/libart.so (art::(anonymous namespace)::CheckJNI::CallVoidMethodV(_JNIEnv*, _jobject*, _jmethodID*, std::__va_list) (.llvm.10757010741938237245)+76) (BuildId: 3fdfb8b8ec5407af450c28a00ba584a8)
03-07 10:14:40.670 F/m.boox.einkdraw( 9717): runtime.cc:675]   native: #17 pc 00000000000bd620  /system/lib64/libandroid_runtime.so (_JNIEnv::CallVoidMethod(_jobject*, _jmethodID*, ...)+124) (BuildId: d9436f7477e48ee41dec0723a1dbb544)
03-07 10:14:40.670 F/m.boox.einkdraw( 9717): runtime.cc:675]   native: #18 pc 000000000012c7dc  /system/lib64/libandroid_runtime.so (android::NativeInputEventReceiver::consumeEvents(_JNIEnv*, bool, long, bool*)+360) (BuildId: d9436f7477e48ee41dec0723a1dbb544)
03-07 10:14:40.670 F/m.boox.einkdraw( 9717): runtime.cc:675]   native: #19 pc 000000000012c5a4  /system/lib64/libandroid_runtime.so (android::NativeInputEventReceiver::handleEvent(int, int, void*)+180) (BuildId: d9436f7477e48ee41dec0723a1dbb544)
03-07 10:14:40.670 F/m.boox.einkdraw( 9717): runtime.cc:675]   native: #20 pc 0000000000018024  /system/lib64/libutils.so (android::Looper::pollInner(int)+1064) (BuildId: ff20dc59f94e7e2a3984a431c354f4cd)
03-07 10:14:40.670 F/m.boox.einkdraw( 9717): runtime.cc:675]   native: #21 pc 0000000000017b98  /system/lib64/libutils.so (android::Looper::pollOnce(int, int*, int*, void**)+116) (BuildId: ff20dc59f94e7e2a3984a431c354f4cd)
03-07 10:14:40.670 F/m.boox.einkdraw( 9717): runtime.cc:675]   native: #22 pc 0000000000162be4  /system/lib64/libandroid_runtime.so (android::android_os_MessageQueue_nativePollOnce(_JNIEnv*, _jobject*, long, int)+48) (BuildId: d9436f7477e48ee41dec0723a1dbb544)
03-07 10:14:40.670 F/m.boox.einkdraw( 9717): runtime.cc:675]   at android.os.MessageQueue.nativePollOnce(Native method)
03-07 10:14:40.670 F/m.boox.einkdraw( 9717): runtime.cc:675]   at android.os.MessageQueue.next(MessageQueue.java:335)
03-07 10:14:40.670 F/m.boox.einkdraw( 9717): runtime.cc:675]   at android.os.Looper.loopOnce(Looper.java:161)
03-07 10:14:40.670 F/m.boox.einkdraw( 9717): runtime.cc:675]   at android.os.Looper.loop(Looper.java:288)
03-07 10:14:40.670 F/m.boox.einkdraw( 9717): runtime.cc:675]   at android.app.ActivityThread.main(ActivityThread.java:8048)
03-07 10:14:40.670 F/m.boox.einkdraw( 9717): runtime.cc:675]   at java.lang.reflect.Method.invoke(Native method)
03-07 10:14:40.670 F/m.boox.einkdraw( 9717): runtime.cc:675]   at com.android.internal.os.RuntimeInit$MethodAndArgsCaller.run(RuntimeInit.java:548)
03-07 10:14:40.670 F/m.boox.einkdraw( 9717): runtime.cc:675]   at com.android.internal.os.ZygoteInit.main(ZygoteInit.java:942)
03-07 10:14:40.670 F/m.boox.einkdraw( 9717): runtime.cc:675] 
03-07 10:14:40.670 F/m.boox.einkdraw( 9717): runtime.cc:675] "Runtime worker thread 2" prio=10 tid=2 Native (still starting up)
03-07 10:14:40.670 F/m.boox.einkdraw( 9717): runtime.cc:675]   | group="" sCount=1 ucsCount=0 flags=1 obj=0x0 self=0xb4000076eb022f50
03-07 10:14:40.670 F/m.boox.einkdraw( 9717): runtime.cc:675]   | sysTid=9722 nice=-20 cgrp=default sched=0/0 handle=0x7882837cb0
03-07 10:14:40.670 F/m.boox.einkdraw( 9717): runtime.cc:675]   | state=S schedstat=( 1382288 1466092 9 ) utm=0 stm=0 core=4 HZ=100
03-07 10:14:40.670 F/m.boox.einkdraw( 9717): runtime.cc:675]   | stack=0x7882828000-0x788282a000 stackSize=63KB
03-07 10:14:40.670 F/m.boox.einkdraw( 9717): runtime.cc:675]   | held mutexes=
03-07 10:14:40.670 F/m.boox.einkdraw( 9717): runtime.cc:675]   native: #00 pc 000000000004eb30  /apex/com.android.runtime/lib64/bionic/libc.so (syscall+32) (BuildId: bf5f1ce73f89cca7d6a062eb7877e86a)
03-07 10:14:40.670 F/m.boox.einkdraw( 9717): runtime.cc:675]   native: #01 pc 0000000000282bb4  /apex/com.android.art/lib64/libart.so (art::ConditionVariable::WaitHoldingLocks(art::Thread*)+144) (BuildId: 3fdfb8b8ec5407af450c28a00ba584a8)
03-07 10:14:40.670 F/m.boox.einkdraw( 9717): runtime.cc:675]   native: #02 pc 0000000000680518  /apex/com.android.art/lib64/libart.so (art::ThreadPool::GetTask(art::Thread*)+128) (BuildId: 3fdfb8b8ec5407af450c28a00ba584a8)
03-07 10:14:40.670 F/m.boox.einkdraw( 9717): runtime.cc:675]   native: #03 pc 000000000067f8a0  /apex/com.android.art/lib64/libart.so (art::ThreadPoolWorker::Run()+84) (BuildId: 3fdfb8b8ec5407af450c28a00ba584a8)
03-07 10:14:40.670 F/m.boox.einkdraw( 9717): runtime.cc:675]   native: #04 pc 000000000067f364  /apex/com.android.art/lib64/libart.so (art::ThreadPoolWorker::Callback(void*)+176) (BuildId: 3fdfb8b8ec5407af450c28a00ba584a8)
03-07 10:14:40.670 F/m.boox.einkdraw( 9717): runtime.cc:675]   native: #05 pc 00000000000ba650  /apex/com.android.runtime/lib64/bionic/libc.so (__pthread_start(void*)+208) (BuildId: bf5f1ce73f89cca7d6a062eb7877e86a)
03-07 10:14:40.670 F/m.boox.einkdraw( 9717): runtime.cc:675]   native: #06 pc 0000000000053ffc  /apex/com.android.runtime/lib64/bionic/libc.so (__start_thread+68) (BuildId: bf5f1ce73f89cca7d6a062eb7877e86a)
03-07 10:14:40.670 F/m.boox.einkdraw( 9717): runtime.cc:675]   (no managed stack frames)
03-07 10:14:40.670 F/m.boox.einkdraw( 9717): runtime.cc:675] 
03-07 10:14:40.670 F/m.boox.einkdraw( 9717): runtime.cc:675] "Signal Catcher" prio=10 tid=3 WaitingInMainSignalCatcherLoop
03-07 10:14:40.670 F/m.boox.einkdraw( 9717): runtime.cc:675]   | group="" sCount=1 ucsCount=0 flags=1 obj=0x12c403e0 self=0xb4000076eb0266f0
03-07 10:14:40.670 F/m.boox.einkdraw( 9717): runtime.cc:675]   | sysTid=9724 nice=-20 cgrp=default sched=0/0 handle=0x755ff07cb0
03-07 10:14:40.670 F/m.boox.einkdraw( 9717): runtime.cc:675]   | state=S schedstat=( 2188231 1417655 6 ) utm=0 stm=0 core=4 HZ=100
03-07 10:14:40.670 F/m.boox.einkdraw( 9717): runtime.cc:675]   | stack=0x755fe10000-0x755fe12000 stackSize=991KB
03-07 10:14:40.670 F/m.boox.einkdraw( 9717): runtime.cc:675]   | held mutexes=
03-07 10:14:40.670 F/m.boox.einkdraw( 9717): runtime.cc:675]   native: #00 pc 00000000000a664c  /apex/com.android.runtime/lib64/bionic/libc.so (__rt_sigtimedwait+12) (BuildId: bf5f1ce73f89cca7d6a062eb7877e86a)
03-07 10:14:40.670 F/m.boox.einkdraw( 9717): runtime.cc:675]   native: #01 pc 0000000000062400  /apex/com.android.runtime/lib64/bionic/libc.so (sigwait64+92) (BuildId: bf5f1ce73f89cca7d6a062eb7877e86a)
03-07 10:14:40.670 F/m.boox.einkdraw( 9717): runtime.cc:675]   native: #02 pc 000000000063ea38  /apex/com.android.art/lib64/libart.so (art::SignalCatcher::WaitForSignal(art::Thread*, art::SignalSet&)+200) (BuildId: 3fdfb8b8ec5407af450c28a00ba584a8)
03-07 10:14:40.670 F/m.boox.einkdraw( 9717): runtime.cc:675]   native: #03 pc 000000000063d7c8  /apex/com.android.art/lib64/libart.so (art::SignalCatcher::Run(void*)+268) (BuildId: 3fdfb8b8ec5407af450c28a00ba584a8)
03-07 10:14:40.670 F/m.boox.einkdraw( 9717): runtime.cc:675]   native: #04 pc 00000000000ba650  /apex/com.android.runtime/lib64/bionic/libc.so (__pthread_start(void*)+208) (BuildId: bf5f1ce73f89cca7d6a062eb7877e86a)
03-07 10:14:40.670 F/m.boox.einkdraw( 9717): runtime.cc:675]   native: #05 pc 0000000000053ffc  /apex/com.android.runtime/lib64/bionic/libc.so (__start_thread+68) (BuildId: bf5f1ce73f89cca7d6a062eb7877e86a)
03-07 10:14:40.670 F/m.boox.einkdraw( 9717): runtime.cc:675]   (no managed stack frames)
03-07 10:14:40.670 F/m.boox.einkdraw( 9717): runtime.cc:675] 
03-07 10:14:40.670 F/m.boox.einkdraw( 9717): runtime.cc:675] "Runtime worker thread 1" prio=10 tid=4 Native (still starting up)
03-07 10:14:40.670 F/m.boox.einkdraw( 9717): runtime.cc:675]   | group="" sCount=1 ucsCount=0 flags=1 obj=0x0 self=0xb4000076eb045b90
03-07 10:14:40.670 F/m.boox.einkdraw( 9717): runtime.cc:675]   | sysTid=9721 nice=-20 cgrp=default sched=0/0 handle=0x78828d0cb0
03-07 10:14:40.670 F/m.boox.einkdraw( 9717): runtime.cc:675]   | state=S schedstat=( 816094 891719 4 ) utm=0 stm=0 core=2 HZ=100
03-07 10:14:40.670 F/m.boox.einkdraw( 9717): runtime.cc:675]   | stack=0x78828c1000-0x78828c3000 stackSize=63KB
03-07 10:14:40.670 F/m.boox.einkdraw( 9717): runtime.cc:675]   | held mutexes=
03-07 10:14:40.670 F/m.boox.einkdraw( 9717): runtime.cc:675]   native: #00 pc 000000000004eb30  /apex/com.android.runtime/lib64/bionic/libc.so (syscall+32) (BuildId: bf5f1ce73f89cca7d6a062eb7877e86a)
03-07 10:14:40.670 F/m.boox.einkdraw( 9717): runtime.cc:675]   native: #01 pc 0000000000282bb4  /apex/com.android.art/lib64/libart.so (art::ConditionVariable::WaitHoldingLocks(art::Thread*)+144) (BuildId: 3fdfb8b8ec5407af450c28a00ba584a8)
03-07 10:14:40.670 F/m.boox.einkdraw( 9717): runtime.cc:675]   native: #02 pc 0000000000680518  /apex/com.android.art/lib64/libart.so (art::ThreadPool::GetTask(art::Thread*)+128) (BuildId: 3fdfb8b8ec5407af450c28a00ba584a8)
03-07 10:14:40.670 F/m.boox.einkdraw( 9717): runtime.cc:675]   native: #03 pc 000000000067f8a0  /apex/com.android.art/lib64/libart.so (art::ThreadPoolWorker::Run()+84) (BuildId: 3fdfb8b8ec5407af450c28a00ba584a8)
03-07 10:14:40.670 F/m.boox.einkdraw( 9717): runtime.cc:675]   native: #04 pc 000000000067f364  /apex/com.android.art/lib64/libart.so (art::ThreadPoolWorker::Callback(void*)+176) (BuildId: 3fdfb8b8ec5407af450c28a00ba584a8)
03-07 10:14:40.670 F/m.boox.einkdraw( 9717): runtime.cc:675]   native: #05 pc 00000000000ba650  /apex/com.android.runtime/lib64/bionic/libc.so (__pthread_start(void*)+208) (BuildId: bf5f1ce73f89cca7d6a062eb7877e86a)
03-07 10:14:40.670 F/m.boox.einkdraw( 9717): runtime.cc:675]   native: #06 pc 0000000000053ffc  /apex/com.android.runtime/lib64/bionic/libc.so (__start_thread+68) (BuildId: bf5f1ce73f89cca7d6a062eb7877e86a)
03-07 10:14:40.670 F/m.boox.einkdraw( 9717): runtime.cc:675]   (no managed stack frames)
03-07 10:14:40.670 F/m.boox.einkdraw( 9717): runtime.cc:675] 
03-07 10:14:40.670 F/m.boox.einkdraw( 9717): runtime.cc:675] "Runtime worker thread 0" prio=10 tid=5 Native (still starting up)
03-07 10:14:40.670 F/m.boox.einkdraw( 9717): runtime.cc:675]   | group="" sCount=1 ucsCount=0 flags=1 obj=0x0 self=0xb4000076eb0282c0
03-07 10:14:40.670 F/m.boox.einkdraw( 9717): runtime.cc:675]   | sysTid=9720 nice=-20 cgrp=default sched=0/0 handle=0x788ed2ccb0
03-07 10:14:40.670 F/m.boox.einkdraw( 9717): runtime.cc:675]   | state=S schedstat=( 671563 982657 7 ) utm=0 stm=0 core=6 HZ=100
03-07 10:14:40.670 F/m.boox.einkdraw( 9717): runtime.cc:675]   | stack=0x788ed1d000-0x788ed1f000 stackSize=63KB
03-07 10:14:40.670 F/m.boox.einkdraw( 9717): runtime.cc:675]   | held mutexes=
03-07 10:14:40.670 F/m.boox.einkdraw( 9717): runtime.cc:675]   native: #00 pc 000000000004eb30  /apex/com.android.runtime/lib64/bionic/libc.so (syscall+32) (BuildId: bf5f1ce73f89cca7d6a062eb7877e86a)
03-07 10:14:40.670 F/m.boox.einkdraw( 9717): runtime.cc:675]   native: #01 pc 0000000000282bb4  /apex/com.android.art/lib64/libart.so (art::ConditionVariable::WaitHoldingLocks(art::Thread*)+144) (BuildId: 3fdfb8b8ec5407af450c28a00ba584a8)
03-07 10:14:40.670 F/m.boox.einkdraw( 9717): runtime.cc:675]   native: #02 pc 0000000000680518  /apex/com.android.art/lib64/libart.so (art::ThreadPool::GetTask(art::Thread*)+128) (BuildId: 3fdfb8b8ec5407af450c28a00ba584a8)
03-07 10:14:40.670 F/m.boox.einkdraw( 9717): runtime.cc:675]   native: #03 pc 000000000067f8a0  /apex/com.android.art/lib64/libart.so (art::ThreadPoolWorker::Run()+84) (BuildId: 3fdfb8b8ec5407af450c28a00ba584a8)
03-07 10:14:40.670 F/m.boox.einkdraw( 9717): runtime.cc:675]   native: #04 pc 000000000067f364  /apex/com.android.art/lib64/libart.so (art::ThreadPoolWorker::Callback(void*)+176) (BuildId: 3fdfb8b8ec5407af450c28a00ba584a8)
03-07 10:14:40.670 F/m.boox.einkdraw( 9717): runtime.cc:675]   native: #05 pc 00000000000ba650  /apex/com.android.runtime/lib64/bionic/libc.so (__pthread_start(void*)+208) (BuildId: bf5f1ce73f89cca7d6a062eb7877e86a)
03-07 10:14:40.670 F/m.boox.einkdraw( 9717): runtime.cc:675]   native: #06 pc 0000000000053ffc  /apex/com.android.runtime/lib64/bionic/libc.so (__start_thread+68) (BuildId: bf5f1ce73f89cca7d6a062eb7877e86a)
03-07 10:14:40.670 F/m.boox.einkdraw( 9717): runtime.cc:675]   (no managed stack frames)
03-07 10:14:40.670 F/m.boox.einkdraw( 9717): runtime.cc:675] 
03-07 10:14:40.670 F/m.boox.einkdraw( 9717): runtime.cc:675] "Runtime worker thread 3" prio=10 tid=6 Native (still starting up)
03-07 10:14:40.670 F/m.boox.einkdraw( 9717): runtime.cc:675]   | group="" sCount=1 ucsCount=0 flags=1 obj=0x0 self=0xb4000076eb030dd0
03-07 10:14:40.670 F/m.boox.einkdraw( 9717): runtime.cc:675]   | sysTid=9723 nice=-20 cgrp=default sched=0/0 handle=0x7882805cb0
03-07 10:14:40.670 F/m.boox.einkdraw( 9717): runtime.cc:675]   | state=S schedstat=( 640991 843594 6 ) utm=0 stm=0 core=0 HZ=100
03-07 10:14:40.670 F/m.boox.einkdraw( 9717): runtime.cc:675]   | stack=0x78827f6000-0x78827f8000 stackSize=63KB
03-07 10:14:40.670 F/m.boox.einkdraw( 9717): runtime.cc:675]   | held mutexes=
03-07 10:14:40.670 F/m.boox.einkdraw( 9717): runtime.cc:675]   native: #00 pc 000000000004eb30  /apex/com.android.runtime/lib64/bionic/libc.so (syscall+32) (BuildId: bf5f1ce73f89cca7d6a062eb7877e86a)
03-07 10:14:40.670 F/m.boox.einkdraw( 9717): runtime.cc:675]   native: #01 pc 0000000000282bb4  /apex/com.android.art/lib64/libart.so (art::ConditionVariable::WaitHoldingLocks(art::Thread*)+144) (BuildId: 3fdfb8b8ec5407af450c28a00ba584a8)
03-07 10:14:40.670 F/m.boox.einkdraw( 9717): runtime.cc:675]   native: #02 pc 0000000000680518  /apex/com.android.art/lib64/libart.so (art::ThreadPool::GetTask(art::Thread*)+128) (BuildId: 3fdfb8b8ec5407af450c28a00ba584a8)
03-07 10:14:40.670 F/m.boox.einkdraw( 9717): runtime.cc:675]   native: #03 pc 000000000067f8a0  /apex/com.android.art/lib64/libart.so (art::ThreadPoolWorker::Run()+84) (BuildId: 3fdfb8b8ec5407af450c28a00ba584a8)
03-07 10:14:40.670 F/m.boox.einkdraw( 9717): runtime.cc:675]   native: #04 pc 000000000067f364  /apex/com.android.art/lib64/libart.so (art::ThreadPoolWorker::Callback(void*)+176) (BuildId: 3fdfb8b8ec5407af450c28a00ba584a8)
03-07 10:14:40.670 F/m.boox.einkdraw( 9717): runtime.cc:675]   native: #05 pc 00000000000ba650  /apex/com.android.runtime/lib64/bionic/libc.so (__pthread_start(void*)+208) (BuildId: bf5f1ce73f89cca7d6a062eb7877e86a)
03-07 10:14:40.670 F/m.boox.einkdraw( 9717): runtime.cc:675]   native: #06 pc 0000000000053ffc  /apex/com.android.runtime/lib64/bionic/libc.so (__start_thread+68) (BuildId: bf5f1ce73f89cca7d6a062eb7877e86a)
03-07 10:14:40.670 F/m.boox.einkdraw( 9717): runtime.cc:675]   (no managed stack frames)
