03-06 14:17:00.087 W/WindowManager( 1519): 	at com.android.server.wm.ActivityRecord.commitVisibility(ActivityRecord.java:5511)
03-06 14:17:00.087 W/WindowManager( 1519): 	at com.android.server.wm.AppTransitionController.handleClosingApps(AppTransitionController.java:1194)
03-06 14:17:00.087 W/WindowManager( 1519): 	at com.android.server.wm.AppTransitionController.handleAppTransitionReady(AppTransitionController.java:304)
03-06 14:17:00.087 W/WindowManager( 1519): 	at com.android.server.wm.RootWindowContainer.checkAppTransitionReady(RootWindowContainer.java:978)
03-06 14:17:00.087 W/WindowManager( 1519): 	at com.android.server.wm.RootWindowContainer.performSurfacePlacementNoTrace(RootWindowContainer.java:842)
03-06 14:17:00.087 W/WindowManager( 1519): 	at com.android.server.wm.RootWindowContainer.performSurfacePlacement(RootWindowContainer.java:785)
03-06 14:17:00.087 W/WindowManager( 1519): 	at com.android.server.wm.WindowSurfacePlacer.performSurfacePlacementLoop(WindowSurfacePlacer.java:177)
03-06 14:17:00.087 W/WindowManager( 1519): 	at com.android.server.wm.WindowSurfacePlacer.performSurfacePlacement(WindowSurfacePlacer.java:126)
03-06 14:17:00.087 W/WindowManager( 1519): 	at com.android.server.wm.WindowSurfacePlacer.performSurfacePlacement(WindowSurfacePlacer.java:115)
03-06 14:17:00.087 W/WindowManager( 1519): 	at com.android.server.wm.WindowSurfacePlacer$Traverser.run(WindowSurfacePlacer.java:57)
03-06 14:17:00.087 W/WindowManager( 1519): 	at android.os.Handler.handleCallback(Handler.java:942)
03-06 14:17:00.087 W/WindowManager( 1519): 	at android.os.Handler.dispatchMessage(Handler.java:99)
03-06 14:17:00.087 W/WindowManager( 1519): 	at android.os.Looper.loopOnce(Looper.java:201)
03-06 14:17:00.087 W/WindowManager( 1519): 	at android.os.Looper.loop(Looper.java:288)
03-06 14:17:00.087 W/WindowManager( 1519): 	at android.os.HandlerThread.run(HandlerThread.java:67)
03-06 14:17:00.087 W/WindowManager( 1519): 	at com.android.server.ServiceThread.run(ServiceThread.java:44)
03-06 14:17:00.087 I/Process ( 1519): Sending signal. PID: 29685 SIG: 9
03-06 14:17:00.088 I/Benchmark(26148): getAppConfig ---> 2ms
03-06 14:17:00.088 I/RxEACUtils(26148): updateAppDataEACInfo pkgName: com.onyx, isAutoFreeze: false, isEACEnabled: false
03-06 14:17:00.088 I/RxEACUtils(26148): updateAppDataEACInfo from service
03-06 14:17:00.089 D/debugOrientation( 1519): ActivityRecord{d8544fe u0 com.onyx/.tablet.main.ui.TabletMainActivity} t1443}  computeOrientation :-1 user set rotation -1
03-06 14:17:00.091 I/Benchmark(26148): getAppConfig ---> 3ms
03-06 14:17:00.091 I/RxEACUtils(26148): updateAppDataEACInfo pkgName: com.onyx.clock, isAutoFreeze: false, isEACEnabled: false
03-06 14:17:00.091 I/RxEACUtils(26148): updateAppDataEACInfo from service
03-06 14:17:00.092 I/Benchmark(26148): getAppConfig ---> 1ms
03-06 14:17:00.093 I/RxEACUtils(26148): updateAppDataEACInfo pkgName: com.brakefield.painter, isAutoFreeze: true, isEACEnabled: true
03-06 14:17:00.093 I/RxEACUtils(26148): updateAppDataEACInfo from service
03-06 14:17:00.094 W/ActivityManager( 1519): setHasOverlayUi called on unknown pid: 29685
03-06 14:17:00.100 I/Benchmark(26148): getAppConfig ---> 7ms
03-06 14:17:00.100 I/RxEACUtils(26148): updateAppDataEACInfo pkgName: org.chromium.webapk.ab0ff7c94cf435b03_v2, isAutoFreeze: true, isEACEnabled: true
03-06 14:17:00.100 I/RxEACUtils(26148): updateAppDataEACInfo from service
03-06 14:17:00.104 I/Benchmark(26148): getAppConfig ---> 4ms
03-06 14:17:00.104 I/RxEACUtils(26148): updateAppDataEACInfo pkgName: com.boox.einkdraw, isAutoFreeze: false, isEACEnabled: true
03-06 14:17:00.104 I/RxEACUtils(26148): updateAppDataEACInfo from service
03-06 14:17:00.106 I/Benchmark(26148): getAppConfig ---> 2ms
03-06 14:17:00.106 I/RxEACUtils(26148): updateAppDataEACInfo pkgName: com.onyx, isAutoFreeze: false, isEACEnabled: false
03-06 14:17:00.106 I/RxEACUtils(26148): updateAppDataEACInfo from service
03-06 14:17:00.107 I/Benchmark(26148): getAppConfig ---> 1ms
03-06 14:17:00.107 I/RxEACUtils(26148): updateAppDataEACInfo pkgName: com.microsoft.rdc.androidx, isAutoFreeze: true, isEACEnabled: true
03-06 14:17:00.107 I/RxEACUtils(26148): updateAppDataEACInfo from service
03-06 14:17:00.108 I/Benchmark(26148): getAppConfig ---> 1ms
03-06 14:17:00.108 I/RxEACUtils(26148): updateAppDataEACInfo pkgName: com.android.vending, isAutoFreeze: false, isEACEnabled: false
03-06 14:17:00.108 I/RxEACUtils(26148): updateAppDataEACInfo from service
03-06 14:17:00.110 I/Benchmark(26148): getAppConfig ---> 2ms
03-06 14:17:00.110 I/RxEACUtils(26148): updateAppDataEACInfo pkgName: com.onyx, isAutoFreeze: false, isEACEnabled: false
03-06 14:17:00.110 I/RxEACUtils(26148): updateAppDataEACInfo from service
03-06 14:17:00.113 E/ClientCache(  955): failed to get buffer, invalid process token
03-06 14:17:00.114 E/BpTransactionCompletedListener(  955): Failed to transact (-32)
03-06 14:17:00.117 I/Benchmark(26148): getAppConfig ---> 7ms
03-06 14:17:00.117 I/RxEACUtils(26148): updateAppDataEACInfo pkgName: com.google.chromeremotedesktop, isAutoFreeze: true, isEACEnabled: true
03-06 14:17:00.117 I/RxEACUtils(26148): updateAppDataEACInfo from service
03-06 14:17:00.119 I/Benchmark(26148): getAppConfig ---> 2ms
03-06 14:17:00.119 I/RxEACUtils(26148): updateAppDataEACInfo pkgName: com.google.android.apps.nbu.files, isAutoFreeze: true, isEACEnabled: true
03-06 14:17:00.119 I/RxEACUtils(26148): updateAppDataEACInfo from service
03-06 14:17:00.121 I/system_server( 1519): NativeAlloc concurrent copying GC freed 518924(23MB) AllocSpace objects, 64(3996KB) LOS objects, 47% free, 26MB/50MB, paused 266us,249us total 302.138ms
03-06 14:17:00.122 I/Benchmark(26148): getAppConfig ---> 2ms
03-06 14:17:00.122 I/RxEACUtils(26148): updateAppDataEACInfo pkgName: com.android.chrome, isAutoFreeze: false, isEACEnabled: true
03-06 14:17:00.122 I/RxEACUtils(26148): updateAppDataEACInfo from service
03-06 14:17:00.124 I/Benchmark(26148): getAppConfig ---> 2ms
03-06 14:17:00.124 I/RxEACUtils(26148): updateAppDataEACInfo pkgName: com.onyx.gallery, isAutoFreeze: false, isEACEnabled: false
03-06 14:17:00.124 I/RxEACUtils(26148): updateAppDataEACInfo from service
03-06 14:17:00.126 I/Benchmark(26148): getAppConfig ---> 2ms
03-06 14:17:00.126 I/RxEACUtils(26148): updateAppDataEACInfo pkgName: com.openai.chatgpt, isAutoFreeze: true, isEACEnabled: true
03-06 14:17:00.126 I/RxEACUtils(26148): updateAppDataEACInfo from service
03-06 14:17:00.129 I/Benchmark(26148): getAppConfig ---> 3ms
03-06 14:17:00.139 I/RxEACUtils(26148): updateAppDataEACInfo pkgName: com.onyx.dict, isAutoFreeze: false, isEACEnabled: false
03-06 14:17:00.139 I/RxEACUtils(26148): updateAppDataEACInfo from service
03-06 14:17:00.141 I/Benchmark(26148): getAppConfig ---> 2ms
03-06 14:17:00.141 I/RxEACUtils(26148): updateAppDataEACInfo pkgName: com.faultexception.reader, isAutoFreeze: true, isEACEnabled: true
03-06 14:17:00.141 I/RxEACUtils(26148): updateAppDataEACInfo from service
03-06 14:17:00.142 I/Benchmark(26148): getAppConfig ---> 1ms
03-06 14:17:00.143 I/RxEACUtils(26148): updateAppDataEACInfo pkgName: com.kairos.duet, isAutoFreeze: false, isEACEnabled: true
03-06 14:17:00.143 I/RxEACUtils(26148): updateAppDataEACInfo from service
03-06 14:17:00.144 I/Benchmark(26148): getAppConfig ---> 1ms
03-06 14:17:00.144 I/RxEACUtils(26148): updateAppDataEACInfo pkgName: com.onyx.voicerecorder, isAutoFreeze: false, isEACEnabled: false
03-06 14:17:00.144 I/RxEACUtils(26148): updateAppDataEACInfo from service
03-06 14:17:00.145 W/MainKeyboardView( 3327): Cannot find android.R.id.content view to add PreviewPlacerView
03-06 14:17:00.146 I/Benchmark(26148): getAppConfig ---> 2ms
03-06 14:17:00.146 I/RxEACUtils(26148): updateAppDataEACInfo pkgName: com.onyx.easytransfer, isAutoFreeze: false, isEACEnabled: false
03-06 14:17:00.146 I/RxEACUtils(26148): updateAppDataEACInfo from service
03-06 14:17:00.149 I/Benchmark(26148): getAppConfig ---> 3ms
03-06 14:17:00.149 I/RxEACUtils(26148): updateAppDataEACInfo pkgName: com.sergeylappo.booxrapiddraw, isAutoFreeze: true, isEACEnabled: true
03-06 14:17:00.149 I/RxEACUtils(26148): updateAppDataEACInfo from service
03-06 14:17:00.151 I/Benchmark(26148): getAppConfig ---> 2ms
03-06 14:17:00.151 I/RxEACUtils(26148): updateAppDataEACInfo pkgName: com.onyx.mail, isAutoFreeze: false, isEACEnabled: false
03-06 14:17:00.151 I/RxEACUtils(26148): updateAppDataEACInfo from service
03-06 14:17:00.161 I/Benchmark(26148): getAppConfig ---> 10ms
03-06 14:17:00.161 I/RxEACUtils(26148): updateAppDataEACInfo pkgName: com.discord, isAutoFreeze: true, isEACEnabled: true
03-06 14:17:00.161 I/RxEACUtils(26148): updateAppDataEACInfo from service
03-06 14:17:00.165 I/Benchmark(26148): getAppConfig ---> 4ms
03-06 14:17:00.165 I/RxEACUtils(26148): updateAppDataEACInfo pkgName: com.onyx.musicplayer, isAutoFreeze: false, isEACEnabled: false
03-06 14:17:00.175 W/System  ( 1519): A resource failed to call close. 
03-06 14:17:00.176 W/System  ( 1519): A resource failed to call release. 
03-06 14:17:00.181 W/System  ( 1519): A resource failed to call HardwareBuffer.close. 
03-06 14:17:00.181 D/C2SoftVpxEnc(25101): bytes generated 562
03-06 14:17:00.181 W/System  ( 1519): A resource failed to call close. 
03-06 14:17:00.182 W/System  ( 1519): A resource failed to call release. 
03-06 14:17:00.211 D/C2SoftVpxEnc(25101): bytes generated 9557
03-06 14:17:00.228 D/C2SoftVpxEnc(25101): bytes generated 580
03-06 14:17:00.244 D/C2SoftVpxEnc(25101): bytes generated 563
03-06 14:17:00.260 D/C2SoftVpxEnc(25101): bytes generated 563
03-06 14:17:00.288 D/C2SoftVpxEnc(25101): bytes generated 45372
03-06 14:17:00.294 W/ActivityTaskManager( 1519): Activity top resumed state loss timeout for ActivityRecord{fe0e73 u0 com.boox.einkdraw/.MainActivity} t-1 f}}
03-06 14:17:00.295 V/ActivityThread(26148): reportTopResumedActivityChanged - > onActivityTopResumed
03-06 14:17:00.295 I/TabletMainActivity(26148): onTopResumedActivityChanged: true
03-06 14:17:00.298 E/SurfaceFlinger(  955): Pid 26148 State change to: stop
03-06 14:17:00.298 E/SurfaceFlinger(  955): State changed!
03-06 14:17:00.302 E/EpdcManager(  955): DT 128
03-06 14:17:00.303 E/HWEpdcManager(  955): ### EE 1
03-06 14:17:00.305 D/C2SoftVpxEnc(25101): bytes generated 3763
03-06 14:17:00.305 E/HWEpdcManager(  955): ### EUS, s 2 c 0
03-06 14:17:00.305 E/HWEpdcManager(  955): ET 0
03-06 14:17:00.307 E/HWEpdcManager(  955): ### AF 10
03-06 14:17:00.309 D/EventBus(26148): No subscribers registered for event class com.onyx.android.sdk.eac.event.EACTopComponentChangedEvent
03-06 14:17:00.309 D/EventBus(26148): No subscribers registered for event class org.greenrobot.eventbus.NoSubscriberEvent
03-06 14:17:00.309 D/EventBus( 2736): No subscribers registered for event class com.onyx.android.sdk.eac.event.EACTopComponentChangedEvent
03-06 14:17:00.309 D/EventBus( 2736): No subscribers registered for event class org.greenrobot.eventbus.NoSubscriberEvent
03-06 14:17:00.321 D/C2SoftVpxEnc(25101): bytes generated 1864
03-06 14:17:00.340 D/C2SoftVpxEnc(25101): bytes generated 1372
03-06 14:17:00.346 W/MainKeyboardView( 3327): Cannot find android.R.id.content view to add PreviewPlacerView
03-06 14:17:00.359 D/C2SoftVpxEnc(25101): bytes generated 1278
03-06 14:17:00.436 D/C2SoftVpxEnc(25101): bytes generated 1248
03-06 14:17:00.505 D/CompatibilityInfo( 1519): mCompatibilityFlags - 4
03-06 14:17:00.505 D/CompatibilityInfo( 1519): applicationDensity - 300
03-06 14:17:00.505 D/CompatibilityInfo( 1519): applicationScale - 1.0
03-06 14:17:00.510 D/CompatibilityInfo( 1519): mCompatibilityFlags - 4
03-06 14:17:00.510 D/CompatibilityInfo( 1519): applicationDensity - 300
03-06 14:17:00.510 D/CompatibilityInfo( 1519): applicationScale - 1.0
03-06 14:17:00.514 D/CompatibilityInfo( 1519): mCompatibilityFlags - 4
03-06 14:17:00.514 D/CompatibilityInfo( 1519): applicationDensity - 300
03-06 14:17:00.514 D/CompatibilityInfo( 1519): applicationScale - 1.0
03-06 14:17:00.517 D/CompatibilityInfo( 1519): mCompatibilityFlags - 4
03-06 14:17:00.517 D/CompatibilityInfo( 1519): applicationDensity - 300
03-06 14:17:00.517 D/CompatibilityInfo( 1519): applicationScale - 1.0
03-06 14:17:00.525 D/CompatibilityInfo( 1519): mCompatibilityFlags - 4
03-06 14:17:00.525 D/CompatibilityInfo( 1519): applicationDensity - 300
03-06 14:17:00.525 D/CompatibilityInfo( 1519): applicationScale - 1.0
03-06 14:17:00.529 D/CompatibilityInfo( 1519): mCompatibilityFlags - 4
03-06 14:17:00.529 D/CompatibilityInfo( 1519): applicationDensity - 300
03-06 14:17:00.529 D/CompatibilityInfo( 1519): applicationScale - 1.0
03-06 14:17:00.533 D/CompatibilityInfo( 1519): mCompatibilityFlags - 4
03-06 14:17:00.533 D/CompatibilityInfo( 1519): applicationDensity - 300
03-06 14:17:00.533 D/CompatibilityInfo( 1519): applicationScale - 1.0
03-06 14:17:00.536 D/CompatibilityInfo( 1519): mCompatibilityFlags - 4
03-06 14:17:00.536 D/CompatibilityInfo( 1519): applicationDensity - 300
03-06 14:17:00.536 D/CompatibilityInfo( 1519): applicationScale - 1.0
03-06 14:17:00.539 D/CompatibilityInfo( 1519): mCompatibilityFlags - 4
03-06 14:17:00.539 D/CompatibilityInfo( 1519): applicationDensity - 300
03-06 14:17:00.539 D/CompatibilityInfo( 1519): applicationScale - 1.0
03-06 14:17:00.541 I/NoteGridWidgetProvider(26148): onReceive: com.onyx.common.applications.appwidget.widget.NoteGridWidgetProvider@4b04973
03-06 14:17:00.541 I/NoteGridWidgetProvider(26148): action---com.onyx.widget.action.UPDATE
03-06 14:17:00.550 D/CompatibilityInfo( 1519): mCompatibilityFlags - 4
03-06 14:17:00.550 D/CompatibilityInfo( 1519): applicationDensity - 300
03-06 14:17:00.550 D/CompatibilityInfo( 1519): applicationScale - 1.0
03-06 14:17:00.553 D/C2SoftVpxEnc(25101): bytes generated 1242
03-06 14:17:00.556 D/CompatibilityInfo( 1519): mCompatibilityFlags - 4
03-06 14:17:00.556 D/CompatibilityInfo( 1519): applicationDensity - 300
03-06 14:17:00.556 D/CompatibilityInfo( 1519): applicationScale - 1.0
03-06 14:17:00.564 D/CompatibilityInfo( 1519): mCompatibilityFlags - 4
03-06 14:17:00.564 D/CompatibilityInfo( 1519): applicationDensity - 300
03-06 14:17:00.564 D/CompatibilityInfo( 1519): applicationScale - 1.0
03-06 14:17:00.565 D/CompatibilityInfo( 1519): mCompatibilityFlags - 4
03-06 14:17:00.565 D/CompatibilityInfo( 1519): applicationDensity - 300
03-06 14:17:00.565 D/CompatibilityInfo( 1519): applicationScale - 1.0
03-06 14:17:00.570 D/CompatibilityInfo( 1519): mCompatibilityFlags - 4
03-06 14:17:00.570 D/CompatibilityInfo( 1519): applicationDensity - 300
03-06 14:17:00.570 D/CompatibilityInfo( 1519): applicationScale - 1.0
03-06 14:17:00.571 D/CompatibilityInfo( 1519): mCompatibilityFlags - 4
03-06 14:17:00.571 D/CompatibilityInfo( 1519): applicationDensity - 300
03-06 14:17:00.571 D/CompatibilityInfo( 1519): applicationScale - 1.0
03-06 14:17:00.572 W/Glide   (26148): Load failed for null with size [0x0]
03-06 14:17:00.572 W/Glide   (26148): class com.bumptech.glide.load.engine.GlideException: Received null model
03-06 14:17:00.595 D/CompatibilityInfo( 1519): mCompatibilityFlags - 4
03-06 14:17:00.595 D/CompatibilityInfo( 1519): applicationDensity - 300
03-06 14:17:00.595 D/CompatibilityInfo( 1519): applicationScale - 1.0
03-06 14:17:00.597 D/CompatibilityInfo( 1519): mCompatibilityFlags - 4
03-06 14:17:00.597 D/CompatibilityInfo( 1519): applicationDensity - 300
03-06 14:17:00.597 D/CompatibilityInfo( 1519): applicationScale - 1.0
03-06 14:17:00.600 I/NoteListWidgetProvider(26148): onReceive: com.onyx.common.applications.appwidget.widget.NoteListWidgetProvider@3bfb78e
03-06 14:17:00.600 I/NoteListWidgetProvider(26148): action---com.onyx.widget.action.UPDATE
03-06 14:17:00.602 D/CompatibilityInfo( 1519): mCompatibilityFlags - 4
03-06 14:17:00.602 D/CompatibilityInfo( 1519): applicationDensity - 300
03-06 14:17:00.602 D/CompatibilityInfo( 1519): applicationScale - 1.0
03-06 14:17:00.636 D/C2SoftVpxEnc(25101): bytes generated 1241
03-06 14:17:00.669 D/C2SoftVpxEnc(25101): bytes generated 1242
03-06 14:17:00.690 D/C2SoftVpxEnc(25101): bytes generated 1241
03-06 14:17:00.698 D/CompatibilityInfo( 1519): mCompatibilityFlags - 4
03-06 14:17:00.698 D/CompatibilityInfo( 1519): applicationDensity - 300
03-06 14:17:00.698 D/CompatibilityInfo( 1519): applicationScale - 1.0
03-06 14:17:00.751 E/SDM     (  887): onyx_epdc_update_to_display invalid 304 1876 368 1860
03-06 14:17:00.784 D/C2SoftVpxEnc(25101): bytes generated 1242
03-06 14:17:00.803 D/C2SoftVpxEnc(25101): bytes generated 1241
03-06 14:17:00.844 D/C2SoftVpxEnc(25101): bytes generated 1242
03-06 14:17:00.937 D/C2SoftVpxEnc(25101): bytes generated 1241
03-06 14:17:01.041 D/C2SoftVpxEnc(25101): bytes generated 1242
03-06 14:17:01.142 D/C2SoftVpxEnc(25101): bytes generated 1241
03-06 14:17:01.244 D/C2SoftVpxEnc(25101): bytes generated 1242
03-06 14:17:01.365 D/C2SoftVpxEnc(25101): bytes generated 1241
03-06 14:17:01.465 D/C2SoftVpxEnc(25101): bytes generated 1242
03-06 14:17:01.567 D/C2SoftVpxEnc(25101): bytes generated 1241
03-06 14:17:01.669 D/C2SoftVpxEnc(25101): bytes generated 1242
03-06 14:17:01.769 D/C2SoftVpxEnc(25101): bytes generated 1241
03-06 14:17:01.870 D/C2SoftVpxEnc(25101): bytes generated 1242
03-06 14:17:02.215 D/CCodecBufferChannel(26105): [c2.android.vp8.encoder#26] DEBUG: elapsed: n=4 [in=0 pipeline=0 out=0]
03-06 14:17:02.215 D/PipelineWatcher(26105): DEBUG: elapsed 0 / 4
03-06 14:17:02.936 D/PowerManagerService( 1519):  ========== Enter idle mode ========== 
03-06 14:17:02.936 D/OnyxPowerManager( 1519):  ========== GOING_TO_IDLE ========== 
03-06 14:17:02.938 D/OnyxPowerManager( 1519):  ========== Setup standby alarm: 300000 ========== 
03-06 14:17:02.943 V/DisplayPowerController[0]( 1519): Brightness [0.05] reason changing to: 'manual [ dim ]', previous reason: 'manual'.
03-06 14:17:02.943 I/DisplayPowerController[0]( 1519): BrightnessEvent: disp=0, physDisp=local:4630946716506123905, brt=0.05, initBrt=0.39763778, rcmdBrt=NaN, preBrt=NaN, lux=0.0, preLux=0.0, hbmMax=1.0, hbmMode=off, rbcStrength=50, powerFactor=1.0, thrmMax=1.0, wasShortTermModelActive=false, flags=, reason=manual [ dim ], autoBrightness=false
03-06 14:17:02.944 D/OnyxPowerManager( 1519):  ========== setKernelPowerModeImp: freeze ========== 
03-06 14:17:02.945 I/DisplayPowerController[0]( 1519): BrightnessEvent: disp=0, physDisp=local:4630946716506123905, brt=0.05, initBrt=0.05, rcmdBrt=NaN, preBrt=NaN, lux=0.0, preLux=0.0, hbmMax=1.0, hbmMode=off, rbcStrength=50, powerFactor=1.0, thrmMax=1.0, wasShortTermModelActive=false, flags=, reason=manual [ dim ], autoBrightness=false
03-06 14:17:02.945 D/OnyxPowerManager( 1519):  ========== setCurrentPowerMode: 1 ========== 
03-06 14:17:02.945 E/DisplayDeviceConfig( 1519): requesting nits when no mapping exists.
03-06 14:17:02.946 E/DisplayDeviceConfig( 1519): requesting nits when no mapping exists.
03-06 14:17:02.947 D/OnyxPowerManager( 1519):  ========== IDLE_DONE ========== 
03-06 14:17:03.362 W/ThreadPoolForeg(13504): type=1400 audit(0.0:14712): avc: denied { write } for name="traced_producer" dev="tmpfs" ino=20703 scontext=u:r:gmscore_app:s0:c512,c768 tcontext=u:object_r:traced_producer_socket:s0 tclass=sock_file permissive=0 app=com.google.android.gms
