--------- beginning of main
03-07 10:14:31.340 D/CompatibilityInfo(16030): mCompatibilityFlags - 4
03-07 10:14:31.340 D/CompatibilityInfo(16030): applicationDensity - 300
03-07 10:14:31.340 D/CompatibilityInfo(16030): applicationScale - 1.0
03-07 10:14:31.352 D/CompatibilityInfo(16030): mCompatibilityFlags - 4
03-07 10:14:31.352 D/CompatibilityInfo(16030): applicationDensity - 300
03-07 10:14:31.352 D/CompatibilityInfo(16030): applicationScale - 1.0
03-07 10:14:31.361 D/CompatibilityInfo(16030): mCompatibilityFlags - 4
03-07 10:14:31.361 D/CompatibilityInfo(16030): applicationDensity - 300
03-07 10:14:31.361 D/CompatibilityInfo(16030): applicationScale - 1.0
03-07 10:14:31.373 I/OverlayTileService(21701): updateTileIconStatus false
03-07 10:14:31.841 D/CompatibilityInfo(16030): mCompatibilityFlags - 4
03-07 10:14:31.841 D/CompatibilityInfo(16030): applicationDensity - 300
03-07 10:14:31.841 D/CompatibilityInfo(16030): applicationScale - 1.0
03-07 10:14:31.852 D/CompatibilityInfo(16030): mCompatibilityFlags - 4
03-07 10:14:31.852 D/CompatibilityInfo(16030): applicationDensity - 300
03-07 10:14:31.852 D/CompatibilityInfo(16030): applicationScale - 1.0
03-07 10:14:31.864 D/CompatibilityInfo(16030): mCompatibilityFlags - 4
03-07 10:14:31.864 D/CompatibilityInfo(16030): applicationDensity - 300
03-07 10:14:31.864 D/CompatibilityInfo(16030): applicationScale - 1.0
03-07 10:14:32.345 D/CompatibilityInfo(16030): mCompatibilityFlags - 4
03-07 10:14:32.345 D/CompatibilityInfo(16030): applicationDensity - 300
03-07 10:14:32.345 D/CompatibilityInfo(16030): applicationScale - 1.0
03-07 10:14:32.355 D/CompatibilityInfo(16030): mCompatibilityFlags - 4
03-07 10:14:32.355 D/CompatibilityInfo(16030): applicationDensity - 300
03-07 10:14:32.356 D/CompatibilityInfo(16030): applicationScale - 1.0
03-07 10:14:32.363 D/CompatibilityInfo(16030): mCompatibilityFlags - 4
03-07 10:14:32.363 D/CompatibilityInfo(16030): applicationDensity - 300
03-07 10:14:32.363 D/CompatibilityInfo(16030): applicationScale - 1.0
03-07 10:14:32.380 I/OverlayTileService(21701): updateTileIconStatus false
03-07 10:14:32.846 D/CompatibilityInfo(16030): mCompatibilityFlags - 4
03-07 10:14:32.846 D/CompatibilityInfo(16030): applicationDensity - 300
03-07 10:14:32.847 D/CompatibilityInfo(16030): applicationScale - 1.0
03-07 10:14:32.855 D/CompatibilityInfo(16030): mCompatibilityFlags - 4
03-07 10:14:32.855 D/CompatibilityInfo(16030): applicationDensity - 300
03-07 10:14:32.855 D/CompatibilityInfo(16030): applicationScale - 1.0
03-07 10:14:32.867 D/CompatibilityInfo(16030): mCompatibilityFlags - 4
03-07 10:14:32.867 D/CompatibilityInfo(16030): applicationDensity - 300
03-07 10:14:32.867 D/CompatibilityInfo(16030): applicationScale - 1.0
03-07 10:14:33.349 D/CompatibilityInfo(16030): mCompatibilityFlags - 4
03-07 10:14:33.350 D/CompatibilityInfo(16030): applicationDensity - 300
03-07 10:14:33.350 D/CompatibilityInfo(16030): applicationScale - 1.0
03-07 10:14:33.359 D/CompatibilityInfo(16030): mCompatibilityFlags - 4
03-07 10:14:33.359 D/CompatibilityInfo(16030): applicationDensity - 300
03-07 10:14:33.359 D/CompatibilityInfo(16030): applicationScale - 1.0
03-07 10:14:33.366 D/CompatibilityInfo(16030): mCompatibilityFlags - 4
03-07 10:14:33.366 D/CompatibilityInfo(16030): applicationDensity - 300
03-07 10:14:33.366 D/CompatibilityInfo(16030): applicationScale - 1.0
03-07 10:14:33.380 I/OverlayTileService(21701): updateTileIconStatus false
03-07 10:14:33.818 W/ThreadPoolForeg(23658): type=1400 audit(0.0:23031): avc: denied { write } for name="traced_producer" dev="tmpfs" ino=20703 scontext=u:r:gmscore_app:s0:c512,c768 tcontext=u:object_r:traced_producer_socket:s0 tclass=sock_file permissive=0 app=com.google.android.gms
03-07 10:14:33.850 D/CompatibilityInfo(16030): mCompatibilityFlags - 4
03-07 10:14:33.850 D/CompatibilityInfo(16030): applicationDensity - 300
03-07 10:14:33.850 D/CompatibilityInfo(16030): applicationScale - 1.0
03-07 10:14:33.858 D/CompatibilityInfo(16030): mCompatibilityFlags - 4
03-07 10:14:33.858 D/CompatibilityInfo(16030): applicationDensity - 300
03-07 10:14:33.858 D/CompatibilityInfo(16030): applicationScale - 1.0
03-07 10:14:33.867 D/CompatibilityInfo(16030): mCompatibilityFlags - 4
03-07 10:14:33.867 D/CompatibilityInfo(16030): applicationDensity - 300
03-07 10:14:33.867 D/CompatibilityInfo(16030): applicationScale - 1.0
03-07 10:14:34.353 D/CompatibilityInfo(16030): mCompatibilityFlags - 4
03-07 10:14:34.353 D/CompatibilityInfo(16030): applicationDensity - 300
03-07 10:14:34.353 D/CompatibilityInfo(16030): applicationScale - 1.0
03-07 10:14:34.365 D/CompatibilityInfo(16030): mCompatibilityFlags - 4
03-07 10:14:34.365 D/CompatibilityInfo(16030): applicationDensity - 300
03-07 10:14:34.365 D/CompatibilityInfo(16030): applicationScale - 1.0
03-07 10:14:34.373 D/CompatibilityInfo(16030): mCompatibilityFlags - 4
03-07 10:14:34.373 D/CompatibilityInfo(16030): applicationDensity - 300
03-07 10:14:34.373 D/CompatibilityInfo(16030): applicationScale - 1.0
03-07 10:14:34.386 I/OverlayTileService(21701): updateTileIconStatus false
03-07 10:14:34.853 D/CompatibilityInfo(16030): mCompatibilityFlags - 4
03-07 10:14:34.853 D/CompatibilityInfo(16030): applicationDensity - 300
03-07 10:14:34.853 D/CompatibilityInfo(16030): applicationScale - 1.0
03-07 10:14:34.864 D/CompatibilityInfo(16030): mCompatibilityFlags - 4
03-07 10:14:34.864 D/CompatibilityInfo(16030): applicationDensity - 300
03-07 10:14:34.864 D/CompatibilityInfo(16030): applicationScale - 1.0
03-07 10:14:34.875 D/CompatibilityInfo(16030): mCompatibilityFlags - 4
03-07 10:14:34.875 D/CompatibilityInfo(16030): applicationDensity - 300
03-07 10:14:34.875 D/CompatibilityInfo(16030): applicationScale - 1.0
--------- beginning of system
03-07 10:14:34.892 D/PowerUI (16259): can't show warning due to - plugged: true status unknown: false
03-07 10:14:34.970 D/C2SoftVpxEnc( 4476): bytes generated 661
03-07 10:14:35.055 D/C2SoftVpxEnc( 4476): bytes generated 662
03-07 10:14:35.157 D/C2SoftVpxEnc( 4476): bytes generated 661
03-07 10:14:35.258 D/C2SoftVpxEnc( 4476): bytes generated 662
03-07 10:14:35.357 D/CompatibilityInfo(16030): mCompatibilityFlags - 4
03-07 10:14:35.357 D/CompatibilityInfo(16030): applicationDensity - 300
03-07 10:14:35.357 D/CompatibilityInfo(16030): applicationScale - 1.0
03-07 10:14:35.362 D/C2SoftVpxEnc( 4476): bytes generated 661
03-07 10:14:35.373 D/CompatibilityInfo(16030): mCompatibilityFlags - 4
03-07 10:14:35.373 D/CompatibilityInfo(16030): applicationDensity - 300
03-07 10:14:35.373 D/CompatibilityInfo(16030): applicationScale - 1.0
03-07 10:14:35.382 D/CompatibilityInfo(16030): mCompatibilityFlags - 4
03-07 10:14:35.382 D/CompatibilityInfo(16030): applicationDensity - 300
03-07 10:14:35.382 D/CompatibilityInfo(16030): applicationScale - 1.0
03-07 10:14:35.392 I/OverlayTileService(21701): updateTileIconStatus false
03-07 10:14:35.462 D/C2SoftVpxEnc( 4476): bytes generated 661
03-07 10:14:35.564 D/C2SoftVpxEnc( 4476): bytes generated 661
03-07 10:14:35.666 D/C2SoftVpxEnc( 4476): bytes generated 662
03-07 10:14:35.767 D/C2SoftVpxEnc( 4476): bytes generated 661
03-07 10:14:35.858 D/CompatibilityInfo(16030): mCompatibilityFlags - 4
03-07 10:14:35.858 D/CompatibilityInfo(16030): applicationDensity - 300
03-07 10:14:35.858 D/CompatibilityInfo(16030): applicationScale - 1.0
03-07 10:14:35.870 D/C2SoftVpxEnc( 4476): bytes generated 662
03-07 10:14:35.876 D/CompatibilityInfo(16030): mCompatibilityFlags - 4
03-07 10:14:35.876 D/CompatibilityInfo(16030): applicationDensity - 300
03-07 10:14:35.876 D/CompatibilityInfo(16030): applicationScale - 1.0
03-07 10:14:35.882 D/CompatibilityInfo(16030): mCompatibilityFlags - 4
03-07 10:14:35.882 D/CompatibilityInfo(16030): applicationDensity - 300
03-07 10:14:35.882 D/CompatibilityInfo(16030): applicationScale - 1.0
03-07 10:14:35.970 D/C2SoftVpxEnc( 4476): bytes generated 661
03-07 10:14:36.249 I/MouseCursorController(16030): Pointer Action: fade, transition=IMMEDIATE, pointerAlpha=0.000000
03-07 10:14:36.249 I/MouseCursorController(16030): handle updatePointerLocked(): pointerAlpha=0.000000, pointerVisible=0
03-07 10:14:36.249 I/MouseCursorController(16030): hide sprite
03-07 10:14:36.249 I/Sprites (16030): SpriteImpl::setAlpha(0.000000), origin alpha=0.000000
03-07 10:14:36.252 V/DisplayPowerController[0](16030): Brightness [0.39763778] reason changing to: 'manual', previous reason: 'manual [ dim ]'.
03-07 10:14:36.252 I/DisplayPowerController[0](16030): BrightnessEvent: disp=0, physDisp=local:4630946716506123905, brt=0.39763778, initBrt=0.05, rcmdBrt=NaN, preBrt=NaN, lux=0.0, preLux=0.0, hbmMax=1.0, hbmMode=off, rbcStrength=50, powerFactor=1.0, thrmMax=1.0, wasShortTermModelActive=false, flags=, reason=manual, autoBrightness=false
03-07 10:14:36.252 I/DisplayPowerController[0](16030): BrightnessEvent: disp=0, physDisp=local:4630946716506123905, brt=0.39763778, initBrt=0.39763778, rcmdBrt=NaN, preBrt=NaN, lux=0.0, preLux=0.0, hbmMax=1.0, hbmMode=off, rbcStrength=50, powerFactor=1.0, thrmMax=1.0, wasShortTermModelActive=false, flags=, reason=manual, autoBrightness=false
03-07 10:14:36.252 E/DisplayDeviceConfig(16030): requesting nits when no mapping exists.
03-07 10:14:36.252 E/DisplayDeviceConfig(16030): requesting nits when no mapping exists.
03-07 10:14:36.355 D/CompatibilityInfo(16030): mCompatibilityFlags - 4
03-07 10:14:36.355 D/CompatibilityInfo(16030): applicationDensity - 300
03-07 10:14:36.355 D/CompatibilityInfo(16030): applicationScale - 1.0
03-07 10:14:36.377 D/CompatibilityInfo(16030): mCompatibilityFlags - 4
03-07 10:14:36.377 D/CompatibilityInfo(16030): applicationDensity - 300
03-07 10:14:36.377 D/CompatibilityInfo(16030): applicationScale - 1.0
03-07 10:14:36.385 D/CompatibilityInfo(16030): mCompatibilityFlags - 4
03-07 10:14:36.385 D/CompatibilityInfo(16030): applicationDensity - 300
03-07 10:14:36.385 D/CompatibilityInfo(16030): applicationScale - 1.0
03-07 10:14:36.403 I/OverlayTileService(21701): updateTileIconStatus false
03-07 10:14:36.762 I/InputDispatcher(16030): Dropped event because it is stale.
03-07 10:14:36.764 I/InputDispatcher(16030): Dropped event because it is stale.
03-07 10:14:36.764 I/InputDispatcher(16030): Dropped event because it is stale.
03-07 10:14:36.765 I/InputDispatcher(16030): Dropped event because it is stale.
03-07 10:14:36.765 I/InputDispatcher(16030): Dropped event because it is stale.
03-07 10:14:36.765 I/InputDispatcher(16030): Dropped event because it is stale.
03-07 10:14:36.765 I/InputDispatcher(16030): Dropped event because it is stale.
03-07 10:14:36.765 I/InputDispatcher(16030): Dropped event because it is stale.
03-07 10:14:36.765 I/InputDispatcher(16030): Dropped event because it is stale.
03-07 10:14:36.766 I/InputDispatcher(16030): Dropped event because it is stale.
03-07 10:14:36.766 I/InputDispatcher(16030): Dropped event because it is stale.
03-07 10:14:36.766 I/InputDispatcher(16030): Dropped event because it is stale.
03-07 10:14:36.767 I/InputDispatcher(16030): Dropped event because it is stale.
03-07 10:14:36.767 I/InputDispatcher(16030): Dropped event because it is stale.
03-07 10:14:36.767 I/InputDispatcher(16030): Dropped event because it is stale.
03-07 10:14:36.767 I/InputDispatcher(16030): Dropped event because it is stale.
03-07 10:14:36.767 I/InputDispatcher(16030): Dropped event because it is stale.
03-07 10:14:36.767 I/InputDispatcher(16030): Dropped event because it is stale.
03-07 10:14:36.768 I/InputDispatcher(16030): Dropped event because it is stale.
03-07 10:14:36.768 I/InputDispatcher(16030): Dropped event because it is stale.
03-07 10:14:36.768 I/InputDispatcher(16030): Dropped event because it is stale.
03-07 10:14:36.768 I/InputDispatcher(16030): Dropped event because it is stale.
03-07 10:14:36.768 I/InputDispatcher(16030): Dropped event because it is stale.
03-07 10:14:36.768 I/InputDispatcher(16030): Dropped event because it is stale.
03-07 10:14:36.768 I/InputDispatcher(16030): Dropped event because it is stale.
03-07 10:14:36.769 I/InputDispatcher(16030): Dropped event because it is stale.
03-07 10:14:36.769 I/InputDispatcher(16030): Dropped event because it is stale.
03-07 10:14:36.769 I/InputDispatcher(16030): Dropped event because it is stale.
03-07 10:14:36.769 I/InputDispatcher(16030): Dropped event because it is stale.
03-07 10:14:36.769 I/InputDispatcher(16030): Dropped event because it is stale.
03-07 10:14:36.769 I/InputDispatcher(16030): Dropped event because it is stale.
03-07 10:14:36.769 I/InputDispatcher(16030): Dropped event because it is stale.
03-07 10:14:36.769 I/InputDispatcher(16030): Dropped event because it is stale.
03-07 10:14:36.769 I/InputDispatcher(16030): Dropped event because it is stale.
03-07 10:14:36.769 I/InputDispatcher(16030): Dropped event because it is stale.
03-07 10:14:36.770 I/InputDispatcher(16030): Dropped event because it is stale.
03-07 10:14:36.770 I/InputDispatcher(16030): Dropped event because it is stale.
03-07 10:14:36.770 I/InputDispatcher(16030): Dropped event because it is stale.
03-07 10:14:36.770 I/InputDispatcher(16030): Dropped event because it is stale.
03-07 10:14:36.770 I/InputDispatcher(16030): Dropped event because it is stale.
03-07 10:14:36.770 I/InputDispatcher(16030): Dropped event because it is stale.
03-07 10:14:36.770 I/InputDispatcher(16030): Dropped event because it is stale.
03-07 10:14:36.770 I/InputDispatcher(16030): Dropped event because it is stale.
03-07 10:14:36.770 I/InputDispatcher(16030): Dropped event because it is stale.
03-07 10:14:36.771 I/InputDispatcher(16030): Dropped event because it is stale.
03-07 10:14:36.771 I/InputDispatcher(16030): Dropped event because it is stale.
03-07 10:14:36.771 I/InputDispatcher(16030): Dropped event because it is stale.
03-07 10:14:36.771 I/InputDispatcher(16030): Dropped event because it is stale.
03-07 10:14:36.771 I/InputDispatcher(16030): Dropped event because it is stale.
03-07 10:14:36.771 I/InputDispatcher(16030): Dropped event because it is stale.
03-07 10:14:36.771 I/InputDispatcher(16030): Dropped event because it is stale.
03-07 10:14:36.772 I/InputDispatcher(16030): Dropped event because it is stale.
03-07 10:14:36.772 I/InputDispatcher(16030): Dropped event because it is stale.
03-07 10:14:36.772 I/InputDispatcher(16030): Dropped event because it is stale.
03-07 10:14:36.772 I/InputDispatcher(16030): Dropped event because it is stale.
03-07 10:14:36.772 I/InputDispatcher(16030): Dropped event because it is stale.
03-07 10:14:36.772 I/InputDispatcher(16030): Dropped event because it is stale.
03-07 10:14:36.772 I/InputDispatcher(16030): Dropped event because it is stale.
03-07 10:14:36.772 I/InputDispatcher(16030): Dropped event because it is stale.
03-07 10:14:36.772 I/InputDispatcher(16030): Dropped event because it is stale.
03-07 10:14:36.772 I/InputDispatcher(16030): Dropped event because it is stale.
03-07 10:14:36.772 I/InputDispatcher(16030): Dropped event because it is stale.
03-07 10:14:36.772 I/InputDispatcher(16030): Dropped event because it is stale.
03-07 10:14:36.773 I/InputDispatcher(16030): Dropped event because it is stale.
03-07 10:14:36.773 I/InputDispatcher(16030): Dropped event because it is stale.
03-07 10:14:36.773 I/InputDispatcher(16030): Dropped event because it is stale.
03-07 10:14:36.773 I/InputDispatcher(16030): Dropped event because it is stale.
03-07 10:14:36.773 I/InputDispatcher(16030): Dropped event because it is stale.
03-07 10:14:36.773 I/InputDispatcher(16030): Dropped event because it is stale.
03-07 10:14:36.773 I/InputDispatcher(16030): Dropped event because it is stale.
03-07 10:14:36.773 I/InputDispatcher(16030): Dropped event because it is stale.
03-07 10:14:36.773 I/InputDispatcher(16030): Dropped event because it is stale.
03-07 10:14:36.773 I/InputDispatcher(16030): Dropped event because it is stale.
03-07 10:14:36.774 I/InputDispatcher(16030): Dropped event because it is stale.
03-07 10:14:36.774 I/InputDispatcher(16030): Dropped event because it is stale.
03-07 10:14:36.774 I/InputDispatcher(16030): Dropped event because it is stale.
03-07 10:14:36.774 I/InputDispatcher(16030): Dropped event because it is stale.
03-07 10:14:36.774 I/InputDispatcher(16030): Dropped event because it is stale.
03-07 10:14:36.774 I/InputDispatcher(16030): Dropped event because it is stale.
03-07 10:14:36.774 I/InputDispatcher(16030): Dropped event because it is stale.
03-07 10:14:36.774 I/InputDispatcher(16030): Dropped event because it is stale.
03-07 10:14:36.774 I/InputDispatcher(16030): Dropped event because it is stale.
03-07 10:14:36.774 I/InputDispatcher(16030): Dropped event because it is stale.
03-07 10:14:36.774 I/InputDispatcher(16030): Dropped event because it is stale.
03-07 10:14:36.774 I/InputDispatcher(16030): Dropped event because it is stale.
03-07 10:14:36.774 I/InputDispatcher(16030): Dropped event because it is stale.
03-07 10:14:36.774 I/InputDispatcher(16030): Dropped event because it is stale.
03-07 10:14:36.774 I/InputDispatcher(16030): Dropped event because it is stale.
03-07 10:14:36.774 I/InputDispatcher(16030): Dropped event because it is stale.
03-07 10:14:36.775 I/InputDispatcher(16030): Dropped event because it is stale.
03-07 10:14:36.775 I/InputDispatcher(16030): Dropped event because it is stale.
03-07 10:14:36.775 I/InputDispatcher(16030): Dropped event because it is stale.
03-07 10:14:36.775 I/InputDispatcher(16030): Dropped event because it is stale.
03-07 10:14:36.775 I/InputDispatcher(16030): Dropped event because it is stale.
03-07 10:14:36.775 I/InputDispatcher(16030): Dropped event because it is stale.
03-07 10:14:36.775 I/InputDispatcher(16030): Dropped event because it is stale.
03-07 10:14:36.775 I/InputDispatcher(16030): Dropped event because it is stale.
03-07 10:14:36.775 I/InputDispatcher(16030): Dropped event because it is stale.
03-07 10:14:36.775 I/InputDispatcher(16030): Dropped event because it is stale.
03-07 10:14:36.775 I/InputDispatcher(16030): Dropped event because it is stale.
03-07 10:14:36.776 I/InputDispatcher(16030): Dropped event because it is stale.
03-07 10:14:36.776 I/InputDispatcher(16030): Dropped event because it is stale.
03-07 10:14:36.776 I/InputDispatcher(16030): Dropped event because it is stale.
03-07 10:14:36.776 I/InputDispatcher(16030): Dropped event because it is stale.
03-07 10:14:36.776 I/InputDispatcher(16030): Dropped event because it is stale.
03-07 10:14:36.776 I/InputDispatcher(16030): Dropped event because it is stale.
03-07 10:14:36.776 I/InputDispatcher(16030): Dropped event because it is stale.
03-07 10:14:36.776 I/InputDispatcher(16030): Dropped event because it is stale.
03-07 10:14:36.776 I/InputDispatcher(16030): Dropped event because it is stale.
03-07 10:14:36.776 I/InputDispatcher(16030): Dropped event because it is stale.
03-07 10:14:36.776 I/InputDispatcher(16030): Dropped event because it is stale.
03-07 10:14:36.776 I/InputDispatcher(16030): Dropped event because it is stale.
03-07 10:14:36.776 I/InputDispatcher(16030): Dropped event because it is stale.
03-07 10:14:36.776 I/InputDispatcher(16030): Dropped event because it is stale.
03-07 10:14:36.776 I/InputDispatcher(16030): Dropped event because it is stale.
03-07 10:14:36.776 I/InputDispatcher(16030): Dropped event because it is stale.
03-07 10:14:36.777 I/InputDispatcher(16030): Dropped event because it is stale.
03-07 10:14:36.777 I/InputDispatcher(16030): Dropped event because it is stale.
03-07 10:14:36.777 I/InputDispatcher(16030): Dropped event because it is stale.
03-07 10:14:36.777 I/InputDispatcher(16030): Dropped event because it is stale.
03-07 10:14:36.777 I/InputDispatcher(16030): Dropped event because it is stale.
03-07 10:14:36.777 I/InputDispatcher(16030): Dropped event because it is stale.
03-07 10:14:36.777 I/InputDispatcher(16030): Dropped event because it is stale.
03-07 10:14:36.777 I/InputDispatcher(16030): Dropped event because it is stale.
03-07 10:14:36.777 I/InputDispatcher(16030): Dropped event because it is stale.
03-07 10:14:36.777 I/InputDispatcher(16030): Dropped event because it is stale.
03-07 10:14:36.777 I/InputDispatcher(16030): Dropped event because it is stale.
03-07 10:14:36.778 I/InputDispatcher(16030): Dropped event because it is stale.
03-07 10:14:36.778 I/InputDispatcher(16030): Dropped event because it is stale.
03-07 10:14:36.778 I/InputDispatcher(16030): Dropped event because it is stale.
03-07 10:14:36.778 I/InputDispatcher(16030): Dropped event because it is stale.
03-07 10:14:36.778 I/InputDispatcher(16030): Dropped event because it is stale.
03-07 10:14:36.778 I/InputDispatcher(16030): Dropped event because it is stale.
03-07 10:14:36.778 I/InputDispatcher(16030): Dropped event because it is stale.
03-07 10:14:36.778 I/InputDispatcher(16030): Dropped event because it is stale.
03-07 10:14:36.778 I/InputDispatcher(16030): Dropped event because it is stale.
03-07 10:14:36.778 I/InputDispatcher(16030): Dropped event because it is stale.
03-07 10:14:36.778 I/InputDispatcher(16030): Dropped event because it is stale.
03-07 10:14:36.778 I/InputDispatcher(16030): Dropped event because it is stale.
03-07 10:14:36.778 I/InputDispatcher(16030): Dropped event because it is stale.
03-07 10:14:36.779 I/InputDispatcher(16030): Dropped event because it is stale.
03-07 10:14:36.779 I/InputDispatcher(16030): Dropped event because it is stale.
03-07 10:14:36.779 I/InputDispatcher(16030): Dropped event because it is stale.
03-07 10:14:36.779 I/InputDispatcher(16030): Dropped event because it is stale.
03-07 10:14:36.779 I/InputDispatcher(16030): Dropped event because it is stale.
03-07 10:14:36.779 I/InputDispatcher(16030): Dropped event because it is stale.
03-07 10:14:36.779 I/InputDispatcher(16030): Dropped event because it is stale.
03-07 10:14:36.779 I/InputDispatcher(16030): Dropped event because it is stale.
03-07 10:14:36.779 I/InputDispatcher(16030): Dropped event because it is stale.
03-07 10:14:36.780 I/InputDispatcher(16030): Dropped event because it is stale.
03-07 10:14:36.780 I/InputDispatcher(16030): Dropped event because it is stale.
03-07 10:14:36.780 I/InputDispatcher(16030): Dropped event because it is stale.
03-07 10:14:36.780 I/InputDispatcher(16030): Dropped event because it is stale.
03-07 10:14:36.780 I/InputDispatcher(16030): Dropped event because it is stale.
03-07 10:14:36.780 I/InputDispatcher(16030): Dropped event because it is stale.
03-07 10:14:36.780 I/InputDispatcher(16030): Dropped event because it is stale.
03-07 10:14:36.780 I/InputDispatcher(16030): Dropped event because it is stale.
03-07 10:14:36.780 I/InputDispatcher(16030): Dropped event because it is stale.
03-07 10:14:36.780 I/InputDispatcher(16030): Dropped event because it is stale.
03-07 10:14:36.780 I/InputDispatcher(16030): Dropped event because it is stale.
03-07 10:14:36.780 I/InputDispatcher(16030): Dropped event because it is stale.
03-07 10:14:36.780 I/InputDispatcher(16030): Dropped event because it is stale.
03-07 10:14:36.780 I/InputDispatcher(16030): Dropped event because it is stale.
03-07 10:14:36.780 I/InputDispatcher(16030): Dropped event because it is stale.
03-07 10:14:36.780 I/InputDispatcher(16030): Dropped event because it is stale.
03-07 10:14:36.780 I/InputDispatcher(16030): Dropped event because it is stale.
03-07 10:14:36.780 I/InputDispatcher(16030): Dropped event because it is stale.
03-07 10:14:36.781 I/InputDispatcher(16030): Dropped event because it is stale.
03-07 10:14:36.781 I/InputDispatcher(16030): Dropped event because it is stale.
03-07 10:14:36.781 I/InputDispatcher(16030): Dropped event because it is stale.
03-07 10:14:36.781 I/InputDispatcher(16030): Dropped event because it is stale.
03-07 10:14:36.781 I/InputDispatcher(16030): Dropped event because it is stale.
03-07 10:14:36.781 I/InputDispatcher(16030): Dropped event because it is stale.
03-07 10:14:36.781 I/InputDispatcher(16030): Dropped event because it is stale.
03-07 10:14:36.781 I/InputDispatcher(16030): Dropped event because it is stale.
03-07 10:14:36.781 I/InputDispatcher(16030): Dropped event because it is stale.
03-07 10:14:36.782 I/InputDispatcher(16030): Dropped event because it is stale.
03-07 10:14:36.782 I/InputDispatcher(16030): Dropped event because it is stale.
03-07 10:14:36.782 I/InputDispatcher(16030): Dropped event because it is stale.
03-07 10:14:36.782 I/InputDispatcher(16030): Dropped event because it is stale.
03-07 10:14:36.782 I/InputDispatcher(16030): Dropped event because it is stale.
03-07 10:14:36.782 I/InputDispatcher(16030): Dropped event because it is stale.
03-07 10:14:36.782 I/InputDispatcher(16030): Dropped event because it is stale.
03-07 10:14:36.782 I/InputDispatcher(16030): Dropped event because it is stale.
03-07 10:14:36.782 I/InputDispatcher(16030): Dropped event because it is stale.
03-07 10:14:36.782 I/InputDispatcher(16030): Dropped event because it is stale.
03-07 10:14:36.782 I/InputDispatcher(16030): Dropped event because it is stale.
03-07 10:14:36.782 I/InputDispatcher(16030): Dropped event because it is stale.
03-07 10:14:36.782 I/InputDispatcher(16030): Dropped event because it is stale.
03-07 10:14:36.782 I/InputDispatcher(16030): Dropped event because it is stale.
03-07 10:14:36.782 I/InputDispatcher(16030): Dropped event because it is stale.
03-07 10:14:36.782 I/InputDispatcher(16030): Dropped event because it is stale.
03-07 10:14:36.783 I/InputDispatcher(16030): Dropped event because it is stale.
03-07 10:14:36.783 I/InputDispatcher(16030): Dropped event because it is stale.
03-07 10:14:36.783 I/InputDispatcher(16030): Dropped event because it is stale.
03-07 10:14:36.783 I/InputDispatcher(16030): Dropped event because it is stale.
03-07 10:14:36.783 I/InputDispatcher(16030): Dropped event because it is stale.
03-07 10:14:36.783 I/InputDispatcher(16030): Dropped event because it is stale.
03-07 10:14:36.783 I/InputDispatcher(16030): Dropped event because it is stale.
03-07 10:14:36.783 I/InputDispatcher(16030): Dropped event because it is stale.
03-07 10:14:36.783 I/InputDispatcher(16030): Dropped event because it is stale.
03-07 10:14:36.783 I/InputDispatcher(16030): Dropped event because it is stale.
03-07 10:14:36.783 I/InputDispatcher(16030): Dropped event because it is stale.
03-07 10:14:36.783 I/InputDispatcher(16030): Dropped event because it is stale.
03-07 10:14:36.783 I/InputDispatcher(16030): Dropped event because it is stale.
03-07 10:14:36.783 I/InputDispatcher(16030): Dropped event because it is stale.
03-07 10:14:36.784 I/InputDispatcher(16030): Dropped event because it is stale.
03-07 10:14:36.784 I/InputDispatcher(16030): Dropped event because it is stale.
03-07 10:14:36.784 I/InputDispatcher(16030): Dropped event because it is stale.
03-07 10:14:36.784 I/InputDispatcher(16030): Dropped event because it is stale.
03-07 10:14:36.784 I/InputDispatcher(16030): Dropped event because it is stale.
03-07 10:14:36.784 I/InputDispatcher(16030): Dropped event because it is stale.
03-07 10:14:36.784 I/InputDispatcher(16030): Dropped event because it is stale.
03-07 10:14:36.784 I/InputDispatcher(16030): Dropped event because it is stale.
03-07 10:14:36.784 I/InputDispatcher(16030): Dropped event because it is stale.
03-07 10:14:36.784 I/InputDispatcher(16030): Dropped event because it is stale.
03-07 10:14:36.784 I/InputDispatcher(16030): Dropped event because it is stale.
03-07 10:14:36.784 I/InputDispatcher(16030): Dropped event because it is stale.
03-07 10:14:36.784 I/InputDispatcher(16030): Dropped event because it is stale.
03-07 10:14:36.784 I/InputDispatcher(16030): Dropped event because it is stale.
03-07 10:14:36.785 I/InputDispatcher(16030): Dropped event because it is stale.
03-07 10:14:36.785 I/InputDispatcher(16030): Dropped event because it is stale.
03-07 10:14:36.785 I/InputDispatcher(16030): Dropped event because it is stale.
03-07 10:14:36.785 I/InputDispatcher(16030): Dropped event because it is stale.
03-07 10:14:36.785 I/InputDispatcher(16030): Dropped event because it is stale.
03-07 10:14:36.785 I/InputDispatcher(16030): Dropped event because it is stale.
03-07 10:14:36.785 I/InputDispatcher(16030): Dropped event because it is stale.
03-07 10:14:36.785 I/InputDispatcher(16030): Dropped event because it is stale.
03-07 10:14:36.785 I/InputDispatcher(16030): Dropped event because it is stale.
03-07 10:14:36.785 I/InputDispatcher(16030): Dropped event because it is stale.
03-07 10:14:36.785 I/InputDispatcher(16030): Dropped event because it is stale.
03-07 10:14:36.785 I/InputDispatcher(16030): Dropped event because it is stale.
03-07 10:14:36.785 I/InputDispatcher(16030): Dropped event because it is stale.
03-07 10:14:36.785 I/InputDispatcher(16030): Dropped event because it is stale.
03-07 10:14:36.785 I/InputDispatcher(16030): Dropped event because it is stale.
03-07 10:14:36.785 I/InputDispatcher(16030): Dropped event because it is stale.
03-07 10:14:36.785 I/InputDispatcher(16030): Dropped event because it is stale.
03-07 10:14:36.786 I/InputDispatcher(16030): Dropped event because it is stale.
03-07 10:14:36.853 D/CompatibilityInfo(16030): mCompatibilityFlags - 4
03-07 10:14:36.853 D/CompatibilityInfo(16030): applicationDensity - 300
03-07 10:14:36.853 D/CompatibilityInfo(16030): applicationScale - 1.0
03-07 10:14:36.858 I/ItemViewFactory(17202): open app item with post:APP,launchName:com.boox.einkdraw
03-07 10:14:36.858 I/OpenAppAction(17202): check EACTutorial app for:com.boox.einkdraw
03-07 10:14:36.865 I/Benchmark(17202): getAppConfig ---> 2ms
03-07 10:14:36.867 I/OpenAppAction(17202): start unfreeze app for:com.boox.einkdraw
03-07 10:14:36.869 I/Benchmark(17202): getAppConfig ---> 1ms
03-07 10:14:36.870 D/ApplicationFreezeHelper(17202): package com.boox.einkdraw is already enabled
03-07 10:14:36.871 D/UnFreezeApplicationRequest(17202): com.boox.einkdraw is enable
03-07 10:14:36.871 I/OpenAppAction(17202): end open app for:com.boox.einkdraw,fetchIntent:false
03-07 10:14:36.872 I/ActivityTaskManager(16030): START u0 {act=android.intent.action.MAIN cat=[android.intent.category.LAUNCHER] flg=0x10200000 pkg=com.boox.einkdraw cmp=com.boox.einkdraw/.MainActivity} from uid 1000
03-07 10:14:36.872 D/CompatibilityChangeReporter(16030): Compat change id reported: 265464455; UID 10137; state: DISABLED
03-07 10:14:36.872 D/CompatibilityChangeReporter(16030): Compat change id reported: 265452344; UID 10137; state: DISABLED
03-07 10:14:36.872 D/CompatibilityChangeReporter(16030): Compat change id reported: 266124927; UID 10137; state: DISABLED
03-07 10:14:36.872 D/CompatibilityChangeReporter(16030): Compat change id reported: 265451093; UID 10137; state: DISABLED
03-07 10:14:36.872 D/CompatibilityChangeReporter(16030): Compat change id reported: 265456536; UID 10137; state: DISABLED
03-07 10:14:36.873 D/CompatibilityChangeReporter(16030): Compat change id reported: 255940284; UID 10137; state: DISABLED
03-07 10:14:36.873 D/CompatibilityChangeReporter(16030): Compat change id reported: 236283604; UID 10137; state: DISABLED
03-07 10:14:36.873 D/CompatibilityChangeReporter(16030): Compat change id reported: 263959004; UID 10137; state: DISABLED
03-07 10:14:36.873 D/CompatibilityChangeReporter(16030): Compat change id reported: 264304459; UID 10137; state: DISABLED
03-07 10:14:36.873 D/CompatibilityChangeReporter(16030): Compat change id reported: 264301586; UID 10137; state: DISABLED
03-07 10:14:36.873 D/CompatibilityChangeReporter(16030): Compat change id reported: 254631730; UID 10137; state: DISABLED
03-07 10:14:36.874 D/CompatibilityChangeReporter(16030): Compat change id reported: 273509367; UID 10137; state: DISABLED
03-07 10:14:36.874 D/CompatibilityChangeReporter(16030): Compat change id reported: 263259275; UID 10137; state: DISABLED
03-07 10:14:36.876 D/CompatibilityChangeReporter(16030): Compat change id reported: 184838306; UID 10137; state: DISABLED
03-07 10:14:36.876 D/CompatibilityChangeReporter(16030): Compat change id reported: 185004937; UID 10137; state: DISABLED
03-07 10:14:36.876 D/CompatibilityChangeReporter(16030): Compat change id reported: 181136395; UID 10137; state: DISABLED
03-07 10:14:36.877 D/CompatibilityChangeReporter(16030): Compat change id reported: 174042936; UID 10137; state: DISABLED
03-07 10:14:36.877 D/CompatibilityChangeReporter(16030): Compat change id reported: 174042980; UID 10137; state: DISABLED
03-07 10:14:36.877 D/CompatibilityChangeReporter(16030): Compat change id reported: 194480991; UID 10137; state: ENABLED
03-07 10:14:36.880 E/ANDR-PERF-JNI(16030): com_qualcomm_qtiperformance_native_perf_io_prefetch_start
03-07 10:14:36.881 E/CellBroadcastUtils(16030): getDefaultCellBroadcastReceiverPackageName: no package found
03-07 10:14:36.885 E/ANDR-IOP(  893): io prefetch is disabled
03-07 10:14:36.885 D/CompatibilityChangeReporter(16030): Compat change id reported: 197654537; UID 10137; state: ENABLED
03-07 10:14:36.886 I/ActivityNotifier(16030): DynamicDDS service disabled
03-07 10:14:36.887 D/CompatibilityChangeReporter(16030): Compat change id reported: 205907456; UID 10137; state: ENABLED
03-07 10:14:36.887 D/ActivityTrigger(16030): ActivityTrigger activityPauseTrigger 
03-07 10:14:36.892 D/CompatibilityChangeReporter(16030): Compat change id reported: 194833441; UID 10137; state: ENABLED
03-07 10:14:36.893 D/CompatibilityInfo(16030): mCompatibilityFlags - 4
03-07 10:14:36.893 D/CompatibilityInfo(16030): applicationDensity - 300
03-07 10:14:36.893 D/CompatibilityInfo(16030): applicationScale - 1.0
03-07 10:14:36.896 I/TabletMainActivity(17202): onTopResumedActivityChanged: false
03-07 10:14:36.897 D/CompatibilityChangeReporter(16030): Compat change id reported: 135634846; UID 10137; state: DISABLED
03-07 10:14:36.897 D/CompatibilityChangeReporter(16030): Compat change id reported: 177438394; UID 10137; state: DISABLED
03-07 10:14:36.897 D/CompatibilityChangeReporter(16030): Compat change id reported: 135772972; UID 10137; state: DISABLED
03-07 10:14:36.897 D/CompatibilityChangeReporter(16030): Compat change id reported: 135754954; UID 10137; state: ENABLED
03-07 10:14:36.898 D/CompatibilityChangeReporter(16030): Compat change id reported: 143937733; UID 10137; state: ENABLED
03-07 10:14:36.899 I/TabletMainActivity(17202): onPause--------------
03-07 10:14:36.909 D/EventBus(17202): No subscribers registered for event class com.onyx.common.applications.event.UpdateNotificationCountEvent
03-07 10:14:36.909 D/EventBus(17202): No subscribers registered for event class org.greenrobot.eventbus.NoSubscriberEvent
03-07 10:14:36.910 D/CompatibilityInfo(16030): mCompatibilityFlags - 4
03-07 10:14:36.910 D/CompatibilityInfo(16030): applicationDensity - 300
03-07 10:14:36.910 D/CompatibilityInfo(16030): applicationScale - 1.0
03-07 10:14:36.913 D/CompatibilityInfo(16030): mCompatibilityFlags - 4
03-07 10:14:36.913 D/CompatibilityInfo(16030): applicationDensity - 300
03-07 10:14:36.913 D/CompatibilityInfo(16030): applicationScale - 1.0
03-07 10:14:36.917 D/Zygote  (15949): Forked child process 9717
03-07 10:14:36.918 D/CompatibilityInfo(16030): mCompatibilityFlags - 4
03-07 10:14:36.919 D/CompatibilityInfo(16030): applicationDensity - 300
03-07 10:14:36.919 D/CompatibilityInfo(16030): applicationScale - 1.0
03-07 10:14:36.920 I/ActivityManager(16030): Start proc 9717:com.boox.einkdraw/u0a137 for next-top-activity {com.boox.einkdraw/com.boox.einkdraw.MainActivity}
03-07 10:14:36.931 W/Parcel  (16259): Expecting binder but got null!
03-07 10:14:36.933 D/CompatibilityChangeReporter(16030): Compat change id reported: 168419799; UID 10137; state: DISABLED
03-07 10:14:36.933 D/CompatibilityChangeReporter(16030): Compat change id reported: 273564678; UID 10137; state: DISABLED
03-07 10:14:36.934 D/debugOrientation(16030): ActivityRecord{3635e3b u0 com.boox.einkdraw/.MainActivity} t1629}  computeOrientation :-1 user set rotation -1
03-07 10:14:36.935 D/NotificationShadeWindowController(16259): NotificationShadeWindowControllerImpl visible:false  forceWindowCollapsedfalse  (isKeyguardShowingAndNotOccluded:false  panelVisible:false  keyguardFadingAway:false  bouncerShowing:false  headsUpNotificationShowing:false  scrimsVisibility:false)   backgroundBlurRadius > 0:false  launchingActivityFromNotification:false
03-07 10:14:36.941 D/CompatibilityInfo(16030): mCompatibilityFlags - 4
03-07 10:14:36.941 D/CompatibilityInfo(16030): applicationDensity - 300
03-07 10:14:36.941 D/CompatibilityInfo(16030): applicationScale - 1.0
03-07 10:14:36.942 D/CoreBackPreview(16030): Window{889eb70 u0 Splash Screen com.boox.einkdraw}: Setting back callback OnBackInvokedCallbackInfo{mCallback=android.window.IOnBackInvokedCallback$Stub$Proxy@8ef076e, mPriority=0}
03-07 10:14:36.946 D/CompatibilityInfo(16030): mCompatibilityFlags - 4
03-07 10:14:36.946 D/CompatibilityInfo(16030): applicationDensity - 300
03-07 10:14:36.946 D/CompatibilityInfo(16030): applicationScale - 1.0
03-07 10:14:36.953 I/m.boox.einkdraw( 9717): Late-enabling -Xcheck:jni
03-07 10:14:36.954 D/debugOrientation(16030): ActivityRecord{3635e3b u0 com.boox.einkdraw/.MainActivity} t1629}  computeOrientation :-1 user set rotation -1
03-07 10:14:36.956 E/OpenGLRenderer(16259): Unable to match the desired swap behavior.
03-07 10:14:36.980 D/debugOrientation(16030): ActivityRecord{3635e3b u0 com.boox.einkdraw/.MainActivity} t1629}  computeOrientation :-1 user set rotation -1
03-07 10:14:36.991 D/C2SoftVpxEnc( 4476): bytes generated 662
03-07 10:14:37.008 D/debugOrientation(16030): ActivityRecord{3635e3b u0 com.boox.einkdraw/.MainActivity} t1629}  computeOrientation :-1 user set rotation -1
03-07 10:14:37.012 D/C2SoftVpxEnc( 4476): bytes generated 661
03-07 10:14:37.028 D/C2SoftVpxEnc( 4476): bytes generated 662
03-07 10:14:37.034 I/adbd    (16876): jdwp connection from 9717
03-07 10:14:37.042 D/C2SoftVpxEnc( 4476): bytes generated 661
03-07 10:14:37.048 D/CompatibilityInfo(16030): mCompatibilityFlags - 4
03-07 10:14:37.049 D/CompatibilityInfo(16030): applicationDensity - 300
03-07 10:14:37.049 D/CompatibilityInfo(16030): applicationScale - 1.0
03-07 10:14:37.056 D/C2SoftVpxEnc( 4476): bytes generated 3898
03-07 10:14:37.072 D/C2SoftVpxEnc( 4476): bytes generated 552
03-07 10:14:37.075 D/debugOrientation(16030): ActivityRecord{3635e3b u0 com.boox.einkdraw/.MainActivity} t1629}  computeOrientation :-1 user set rotation -1
03-07 10:14:37.075 D/debugOrientation(16030): ActivityRecord{3635e3b u0 com.boox.einkdraw/.MainActivity} t1629}  computeOrientation :-1 user set rotation -1
03-07 10:14:37.075 D/CompatibilityInfo(16030): mCompatibilityFlags - 4
03-07 10:14:37.075 D/CompatibilityInfo(16030): applicationDensity - 300
03-07 10:14:37.075 D/CompatibilityInfo(16030): applicationScale - 1.0
03-07 10:14:37.078 W/re-initialized>( 9717): type=1400 audit(0.0:23032): avc: granted { execute } for path="/data/data/com.boox.einkdraw/code_cache/startup_agents/a82ed9e3-agent.so" dev="dm-13" ino=92012 scontext=u:r:untrusted_app:s0:c137,c256,c512,c768 tcontext=u:object_r:app_data_file:s0:c137,c256,c512,c768 tclass=file app=com.boox.einkdraw
03-07 10:14:37.081 V/studio.deploy( 9717): Startup agent attached to VM
03-07 10:14:37.081 V/studio.deploy( 9717): No existing instrumentation found. Loading instrumentation from instruments-2fd5708c.jar
03-07 10:14:37.086 W/m.boox.einkdraw( 9717): DexFile /data/data/com.boox.einkdraw/code_cache/.studio/instruments-2fd5708c.jar is in boot class path but is not in a known location
03-07 10:14:37.087 V/studio.deploy( 9717): Applying transforms with cached classes
03-07 10:14:37.093 W/m.boox.einkdraw( 9717): Redefining intrinsic method java.lang.Thread java.lang.Thread.currentThread(). This may cause the unexpected use of the original definition of java.lang.Thread java.lang.Thread.currentThread()in methods that have already been compiled.
03-07 10:14:37.093 W/m.boox.einkdraw( 9717): Redefining intrinsic method boolean java.lang.Thread.interrupted(). This may cause the unexpected use of the original definition of boolean java.lang.Thread.interrupted()in methods that have already been compiled.
03-07 10:14:37.094 I/studio.deploy( 9717): Registering DispatchJNI
03-07 10:14:37.094 I/studio.deploy( 9717): Found com/android/tools/deploy/interpreter/JNI
03-07 10:14:37.122 D/CompatibilityChangeReporter( 9717): Compat change id reported: 171979766; UID 10137; state: ENABLED
03-07 10:14:37.149 W/ziparchive( 9717): Unable to open '/data/data/com.boox.einkdraw/code_cache/.overlay/base.apk/classes3.dm': No such file or directory
03-07 10:14:37.149 W/ziparchive( 9717): Unable to open '/data/data/com.boox.einkdraw/code_cache/.overlay/base.apk/classes6.dm': No such file or directory
03-07 10:14:37.150 W/ziparchive( 9717): Unable to open '/data/data/com.boox.einkdraw/code_cache/.overlay/base.apk/classes7.dm': No such file or directory
03-07 10:14:37.150 W/ziparchive( 9717): Unable to open '/data/app/~~qXCOrN29sArtXy1R-4-n-w==/com.boox.einkdraw-oWu5SXyIAeZ0lSmXUQBV6g==/base.dm': No such file or directory
03-07 10:14:37.150 W/ziparchive( 9717): Unable to open '/data/app/~~qXCOrN29sArtXy1R-4-n-w==/com.boox.einkdraw-oWu5SXyIAeZ0lSmXUQBV6g==/base.dm': No such file or directory
03-07 10:14:37.154 D/C2SoftVpxEnc( 4476): bytes generated 280
03-07 10:14:37.249 D/C2SoftVpxEnc( 4476): bytes generated 227
03-07 10:14:37.314 I/Perf    ( 9717): Connecting to perf service.
03-07 10:14:37.319 V/GraphicsEnvironment( 9717): ANGLE Developer option for 'com.boox.einkdraw' set to: 'default'
03-07 10:14:37.319 V/GraphicsEnvironment( 9717): ANGLE GameManagerService for com.boox.einkdraw: false
03-07 10:14:37.319 V/GraphicsEnvironment( 9717): Updatable production driver is not supported on the device.
03-07 10:14:37.324 D/NetworkSecurityConfig( 9717): No Network Security Config specified, using platform default
03-07 10:14:37.324 D/NetworkSecurityConfig( 9717): No Network Security Config specified, using platform default
03-07 10:14:37.347 D/CompatibilityChangeReporter(16030): Compat change id reported: 161145287; UID 10137; state: DISABLED
03-07 10:14:37.349 D/C2SoftVpxEnc( 4476): bytes generated 215
03-07 10:14:37.353 D/CompatibilityInfo(16030): mCompatibilityFlags - 4
03-07 10:14:37.353 D/CompatibilityInfo(16030): applicationDensity - 300
03-07 10:14:37.354 D/CompatibilityInfo(16030): applicationScale - 1.0
03-07 10:14:37.375 D/CompatibilityInfo(16030): mCompatibilityFlags - 4
03-07 10:14:37.375 D/CompatibilityInfo(16030): applicationDensity - 300
03-07 10:14:37.375 D/CompatibilityInfo(16030): applicationScale - 1.0
03-07 10:14:37.398 D/AppCompatDelegate( 9717): Checking for metadata for AppLocalesMetadataHolderService : Service not found
03-07 10:14:37.405 D/CompatibilityInfo(16030): mCompatibilityFlags - 4
03-07 10:14:37.405 D/CompatibilityInfo(16030): applicationDensity - 300
03-07 10:14:37.405 D/CompatibilityInfo(16030): applicationScale - 1.0
03-07 10:14:37.422 D/IntervalStats(16030): Unable to parse usage stats packages: [189, 191]
03-07 10:14:37.428 I/OverlayTileService(21701): updateTileIconStatus false
03-07 10:14:37.458 D/CompatibilityChangeReporter( 9717): Compat change id reported: 210923482; UID 10137; state: ENABLED
03-07 10:14:37.464 D/C2SoftVpxEnc( 4476): bytes generated 209
03-07 10:14:37.472 D/CompatibilityChangeReporter( 9717): Compat change id reported: 171228096; UID 10137; state: ENABLED
03-07 10:14:37.480 I/Benchmark(17202): getAppConfig ---> 1ms
03-07 10:14:37.480 I/RxEACUtils(17202): updateAppDataEACInfo pkgName: com.boox.einkdraw, isAutoFreeze: false, isEACEnabled: true
03-07 10:14:37.482 I/Benchmark(17202): getAppConfig ---> 2ms
03-07 10:14:37.482 I/RxEACUtils(17202): updateAppDataEACInfo pkgName: com.aige.hipaint, isAutoFreeze: false, isEACEnabled: true
03-07 10:14:37.484 I/Benchmark(17202): getAppConfig ---> 2ms
03-07 10:14:37.484 I/RxEACUtils(17202): updateAppDataEACInfo pkgName: com.onyx, isAutoFreeze: false, isEACEnabled: false
03-07 10:14:37.486 I/Benchmark(17202): getAppConfig ---> 1ms
03-07 10:14:37.486 I/RxEACUtils(17202): updateAppDataEACInfo pkgName: com.android.chrome, isAutoFreeze: false, isEACEnabled: true
03-07 10:14:37.487 I/Benchmark(17202): getAppConfig ---> 1ms
03-07 10:14:37.487 I/RxEACUtils(17202): updateAppDataEACInfo pkgName: com.android.vending, isAutoFreeze: false, isEACEnabled: false
03-07 10:14:37.491 D/IntervalStats(16030): Unable to parse usage stats packages: [189, 191]
03-07 10:14:37.492 D/CompatibilityInfo(16030): mCompatibilityFlags - 4
03-07 10:14:37.492 D/CompatibilityInfo(16030): applicationDensity - 300
03-07 10:14:37.492 D/CompatibilityInfo(16030): applicationScale - 1.0
03-07 10:14:37.498 D/CompatibilityInfo(16030): mCompatibilityFlags - 4
03-07 10:14:37.498 D/CompatibilityInfo(16030): applicationDensity - 300
03-07 10:14:37.498 D/CompatibilityInfo(16030): applicationScale - 1.0
03-07 10:14:37.503 D/CompatibilityInfo(16030): mCompatibilityFlags - 4
03-07 10:14:37.503 D/CompatibilityInfo(16030): applicationDensity - 300
03-07 10:14:37.503 D/CompatibilityInfo(16030): applicationScale - 1.0
03-07 10:14:37.509 D/CompatibilityInfo(16030): mCompatibilityFlags - 4
03-07 10:14:37.509 D/CompatibilityInfo(16030): applicationDensity - 300
03-07 10:14:37.509 D/CompatibilityInfo(16030): applicationScale - 1.0
03-07 10:14:37.514 D/CompatibilityInfo(16030): mCompatibilityFlags - 4
03-07 10:14:37.514 D/CompatibilityInfo(16030): applicationDensity - 300
03-07 10:14:37.514 D/CompatibilityInfo(16030): applicationScale - 1.0
03-07 10:14:37.531 I/Benchmark(17202): getAppConfig ---> 1ms
03-07 10:14:37.531 I/RxEACUtils(17202): updateAppDataEACInfo pkgName: com.boox.einkdraw, isAutoFreeze: false, isEACEnabled: true
03-07 10:14:37.533 I/Benchmark(17202): getAppConfig ---> 2ms
03-07 10:14:37.533 I/RxEACUtils(17202): updateAppDataEACInfo pkgName: com.aige.hipaint, isAutoFreeze: false, isEACEnabled: true
03-07 10:14:37.534 I/Benchmark(17202): getAppConfig ---> 1ms
03-07 10:14:37.534 I/RxEACUtils(17202): updateAppDataEACInfo pkgName: com.onyx, isAutoFreeze: false, isEACEnabled: false
03-07 10:14:37.536 I/Benchmark(17202): getAppConfig ---> 2ms
03-07 10:14:37.536 I/RxEACUtils(17202): updateAppDataEACInfo pkgName: com.android.chrome, isAutoFreeze: false, isEACEnabled: true
03-07 10:14:37.539 I/Benchmark(17202): getAppConfig ---> 3ms
03-07 10:14:37.539 I/RxEACUtils(17202): updateAppDataEACInfo pkgName: com.android.vending, isAutoFreeze: false, isEACEnabled: false
03-07 10:14:37.542 D/IntervalStats(16030): Unable to parse usage stats packages: [189, 191]
03-07 10:14:37.544 D/CompatibilityInfo(16030): mCompatibilityFlags - 4
03-07 10:14:37.544 D/CompatibilityInfo(16030): applicationDensity - 300
03-07 10:14:37.544 D/CompatibilityInfo(16030): applicationScale - 1.0
03-07 10:14:37.551 D/CompatibilityInfo(16030): mCompatibilityFlags - 4
03-07 10:14:37.551 D/CompatibilityInfo(16030): applicationDensity - 300
03-07 10:14:37.551 D/CompatibilityInfo(16030): applicationScale - 1.0
03-07 10:14:37.560 D/CompatibilityInfo(16030): mCompatibilityFlags - 4
03-07 10:14:37.560 D/CompatibilityInfo(16030): applicationDensity - 300
03-07 10:14:37.560 D/CompatibilityInfo(16030): applicationScale - 1.0
03-07 10:14:37.565 D/CompatibilityInfo(16030): mCompatibilityFlags - 4
03-07 10:14:37.565 D/CompatibilityInfo(16030): applicationDensity - 300
03-07 10:14:37.565 D/CompatibilityInfo(16030): applicationScale - 1.0
03-07 10:14:37.568 D/CompatibilityChangeReporter( 9717): Compat change id reported: 237531167; UID 10137; state: DISABLED
03-07 10:14:37.572 D/CompatibilityInfo(16030): mCompatibilityFlags - 4
03-07 10:14:37.572 D/CompatibilityInfo(16030): applicationDensity - 300
03-07 10:14:37.572 D/CompatibilityInfo(16030): applicationScale - 1.0
03-07 10:14:37.576 W/Parcel  ( 9717): Expecting binder but got null!
03-07 10:14:37.583 D/CoreBackPreview(16030): Window{2f17173 u0 com.boox.einkdraw/com.boox.einkdraw.MainActivity}: Setting back callback OnBackInvokedCallbackInfo{mCallback=android.window.IOnBackInvokedCallback$Stub$Proxy@7e8cca9, mPriority=0}
03-07 10:14:37.583 D/C2SoftVpxEnc( 4476): bytes generated 208
03-07 10:14:37.585 V/ActivityThread( 9717): reportTopResumedActivityChanged - > onActivityTopResumed
03-07 10:14:37.593 E/EpdcManager(15955): DT 128
03-07 10:14:37.595 E/HWEpdcManager(15955): ### EE 1
03-07 10:14:37.602 E/HWEpdcManager(15955): ### EUS, s 4 c 0
03-07 10:14:37.602 E/HWEpdcManager(15955): ET 5
03-07 10:14:37.604 E/HWEpdcManager(15955): ### AF 10
03-07 10:14:37.608 D/EventBus(21701): No subscribers registered for event class com.onyx.gallery.event.EACTopComponentChangedEvent
03-07 10:14:37.608 D/EventBus(21701): No subscribers registered for event class org.greenrobot.eventbus.NoSubscriberEvent
03-07 10:14:37.608 D/EventBus(17101): No subscribers registered for event class com.onyx.android.sdk.eac.event.EACTopComponentChangedEvent
03-07 10:14:37.608 D/EventBus(17101): No subscribers registered for event class org.greenrobot.eventbus.NoSubscriberEvent
03-07 10:14:37.609 D/EventBus(17202): No subscribers registered for event class com.onyx.android.sdk.eac.event.EACTopComponentChangedEvent
03-07 10:14:37.609 D/EventBus(17202): No subscribers registered for event class org.greenrobot.eventbus.NoSubscriberEvent
03-07 10:14:37.611 D/debugOrientation(16030): ActivityRecord{3635e3b u0 com.boox.einkdraw/.MainActivity} t1629}  computeOrientation :-1 user set rotation -1
03-07 10:14:37.614 I/Benchmark(17202): getAppConfig ---> 1ms
03-07 10:14:37.614 I/RxEACUtils(17202): updateAppDataEACInfo pkgName: com.boox.einkdraw, isAutoFreeze: false, isEACEnabled: true
03-07 10:14:37.616 I/Benchmark(17202): getAppConfig ---> 2ms
03-07 10:14:37.616 I/RxEACUtils(17202): updateAppDataEACInfo pkgName: com.aige.hipaint, isAutoFreeze: false, isEACEnabled: true
03-07 10:14:37.619 I/Benchmark(17202): getAppConfig ---> 3ms
03-07 10:14:37.619 I/RxEACUtils(17202): updateAppDataEACInfo pkgName: com.onyx, isAutoFreeze: false, isEACEnabled: false
03-07 10:14:37.619 I/AdrenoGLES-0( 9717): QUALCOMM build                   : 0a31cc5b53, I80d2918b26
